3.13.5 (main, Jul 15 2026, 20:25:40) [GCC 14.2.0]
argv: ['/usr/bin/python3.13', '-m', 'compileall', '-q', 'coinquant', 'research', 'tests']
actual_exit: 0
argv: ['/usr/bin/python3.13', '-m', 'unittest', 'discover', '-s', 'tests', '-v']
test_contract_identity_and_gates (test_acceptance.AcceptanceTests.test_contract_identity_and_gates) ... ok
test_exact_target_boundaries (test_acceptance.AcceptanceTests.test_exact_target_boundaries) ... ok
test_recorded_default_and_evidence_identity (test_acceptance.AcceptanceTests.test_recorded_default_and_evidence_identity) ... ok
test_recorded_numbers_are_the_ones_in_their_evidence_files (test_acceptance.AcceptanceTests.test_recorded_numbers_are_the_ones_in_their_evidence_files) ... ok
test_calibration_binding_rejects_future_mismatch_nonfinite_and_scales_only_new_sizing (test_alpha_perp.AlphaTests.test_calibration_binding_rejects_future_mismatch_nonfinite_and_scales_only_new_sizing) ... ok
test_checkpoint_roundtrip_identity_digest_and_provenance (test_alpha_perp.AlphaTests.test_checkpoint_roundtrip_identity_digest_and_provenance) ... ok
test_compression_uses_prior_high_atr_and_median_with_original_priority (test_alpha_perp.AlphaTests.test_compression_uses_prior_high_atr_and_median_with_original_priority) ... ok
test_cycle_failures_are_distinct_once_and_keep_actual_chronology (test_alpha_perp.AlphaTests.test_cycle_failures_are_distinct_once_and_keep_actual_chronology) ... ok
test_fresh_entry_age_chase_boundaries_owned_and_macro_unchanged (test_alpha_perp.AlphaTests.test_fresh_entry_age_chase_boundaries_owned_and_macro_unchanged) ... ok
test_hooks_restore_on_exception (test_alpha_perp.AlphaTests.test_hooks_restore_on_exception) ... ok
test_incumbent_noop_preserves_calls_clock_cash_fills_and_requests (test_alpha_perp.AlphaTests.test_incumbent_noop_preserves_calls_clock_cash_fills_and_requests) ... ok
test_macro_creation_provenance_survives_polls_checkpoint_and_owned_decisions (test_alpha_perp.AlphaTests.test_macro_creation_provenance_survives_polls_checkpoint_and_owned_decisions) ... ok
test_macro_diagnostic_closes_are_attached_only_after_execution (test_alpha_perp.AlphaTests.test_macro_diagnostic_closes_are_attached_only_after_execution) ... ok
test_real_lifecycle_trail_tightens_and_through_mark_reduces_without_macro_change (test_alpha_perp.AlphaTests.test_real_lifecycle_trail_tightens_and_through_mark_reduces_without_macro_change) ... ok
test_single_topup_partial_and_unknown_fills_recover_once_and_keep_protection (test_alpha_perp.AlphaTests.test_single_topup_partial_and_unknown_fills_recover_once_and_keep_protection) ... ok
test_trail_bar_state_excludes_entry_bar_and_makes_no_unattended_stop_change (test_alpha_perp.AlphaTests.test_trail_bar_state_excludes_entry_bar_and_makes_no_unattended_stop_change) ... ok
test_unknown_unaccepted_topup_is_not_resent (test_alpha_perp.AlphaTests.test_unknown_unaccepted_topup_is_not_resent) ... ok
test_explicit_missing_inside_retention_is_terminal_and_stays_terminal (test_audit_20260929.AbsentOrderTests.test_explicit_missing_inside_retention_is_terminal_and_stays_terminal) ... ok
test_missing_before_expiry_or_after_retention_stays_unknown (test_audit_20260929.AbsentOrderTests.test_missing_before_expiry_or_after_retention_stays_unknown) ... ok
test_same_account_in_two_directories_cannot_both_write (test_audit_20260929.AccountLockTests.test_same_account_in_two_directories_cannot_both_write) ... ok
test_close_sends_the_market_cap_then_the_remainder (test_audit_20260929.ExitSliceTests.test_close_sends_the_market_cap_then_the_remainder) ... ok
test_limit_entry_does_not_use_the_market_lot_cap (test_audit_20260929.QuantityRuleTests.test_limit_entry_does_not_use_the_market_lot_cap) ... ok
test_duplicate_client_id_and_triggering_stop_stay_unknown (test_audit_20260929.RejectCodeTests.test_duplicate_client_id_and_triggering_stop_stay_unknown) ... ok
test_lost_send_records_only_the_error_type (test_audit_20260929.RejectCodeTests.test_lost_send_records_only_the_error_type) ... ok
test_plain_parameter_rejection_is_still_terminal (test_audit_20260929.RejectCodeTests.test_plain_parameter_rejection_is_still_terminal) ... ok
test_names_and_output_roots_are_bounded (test_audit_20260929.TrialPathTests.test_names_and_output_roots_are_bounded) ... ok
test_a_fresh_gap_waits_and_an_old_gap_blocks (test_audit_20260929.WalletGapTests.test_a_fresh_gap_waits_and_an_old_gap_blocks) ... ok
test_documented_503_failures_are_terminal_and_other_503s_stay_unknown (tests.test_margin_intents.WriteClassificationTests.test_documented_503_failures_are_terminal_and_other_503s_stay_unknown) ... ok
test_documented_native_rejection_is_terminal (tests.test_margin_intents.WriteClassificationTests.test_documented_native_rejection_is_terminal) ... ok
test_expired_deadline_is_recorded_as_never_sent (tests.test_margin_intents.WriteClassificationTests.test_expired_deadline_is_recorded_as_never_sent) ... ok
test_lost_add_cannot_be_declared_rejected_from_age_and_missing_query (tests.test_margin_intents.WriteClassificationTests.test_lost_add_cannot_be_declared_rejected_from_age_and_missing_query) ... ok
test_margin_rejection_blocks_without_pending (tests.test_margin_intents.WriteClassificationTests.test_margin_rejection_blocks_without_pending) ... ok
test_missing_order_without_a_preparation_time_or_past_retention_stays_unknown (tests.test_margin_intents.WriteClassificationTests.test_missing_order_without_a_preparation_time_or_past_retention_stays_unknown) ... ok
test_numeric_margin_amount_is_parsed_exactly (tests.test_margin_intents.WriteClassificationTests.test_numeric_margin_amount_is_parsed_exactly) ... ok
test_overloaded_add_does_not_block_the_exit_of_the_existing_position (tests.test_margin_intents.WriteClassificationTests.test_overloaded_add_does_not_block_the_exit_of_the_existing_position) ... ok
test_read_rejections_remain_unknown (tests.test_margin_intents.WriteClassificationTests.test_read_rejections_remain_unknown) ... ok
test_unknown_execution_codes_and_server_errors_stay_pending (tests.test_margin_intents.WriteClassificationTests.test_unknown_execution_codes_and_server_errors_stay_pending) ... ok
test_a_live_writer_on_another_machine_blocks_the_next_open (test_audit_20260929.WriterHostTests.test_a_live_writer_on_another_machine_blocks_the_next_open) ... ok
test_execute_needs_trial_and_uid_before_credentials (test_audit_fixes.CliSmoke.test_execute_needs_trial_and_uid_before_credentials) ... blocked: write trial requires --trial and --authorize-uid
ok
test_run_defaults_to_observation_and_sends_no_write (test_audit_fixes.CliSmoke.test_run_defaults_to_observation_and_sends_no_write) ... read_only: 
ok
test_trial_options_without_execute_are_refused (test_audit_fixes.CliSmoke.test_trial_options_without_execute_are_refused) ... blocked: trial options require --execute
ok
test_cleanup_budget_never_passes_the_hard_deadline (test_audit_fixes.ExitPaths.test_cleanup_budget_never_passes_the_hard_deadline) ... ok
test_deadline_with_pending_intent_is_execution_unresolved (test_audit_fixes.ExitPaths.test_deadline_with_pending_intent_is_execution_unresolved) ... ok
test_interrupt_and_clock_failure_are_reported_with_phase (test_audit_fixes.ExitPaths.test_interrupt_and_clock_failure_are_reported_with_phase) ... ok
test_verified_session_is_not_unresolved (test_audit_fixes.ExitPaths.test_verified_session_is_not_unresolved) ... ok
test_entry_reply_lost_after_fill_is_found_by_identity_and_protected (test_audit_fixes.FirstFillToProtection.test_entry_reply_lost_after_fill_is_found_by_identity_and_protected) ... ok
test_stop_accepted_take_rejected_never_leaves_a_one_leg_position (test_audit_fixes.FirstFillToProtection.test_stop_accepted_take_rejected_never_leaves_a_one_leg_position) ... ok
test_unknown_margin_transfer_is_not_resent_and_position_stays_protected (test_audit_fixes.FirstFillToProtection.test_unknown_margin_transfer_is_not_resent_and_position_stays_protected) ... ok
test_audit_failure_does_not_stop_signal_exit (test_audit_fixes.FundsAuditGate.test_audit_failure_does_not_stop_signal_exit) ... ok
test_cache_is_bound_to_the_wallet_value_and_wallet_less_reads_do_not_settle (test_audit_fixes.FundsAuditGate.test_cache_is_bound_to_the_wallet_value_and_wallet_less_reads_do_not_settle) ... ok
test_final_income_audit_failure_is_reported_not_success (test_audit_fixes.FundsAuditGate.test_final_income_audit_failure_is_reported_not_success) ... ok
test_gap_that_income_never_explains_becomes_unexplained (test_audit_fixes.FundsAuditGate.test_gap_that_income_never_explains_becomes_unexplained) ... ok
test_unexplained_wallet_stops_top_up_but_keeps_protection (test_audit_fixes.FundsAuditGate.test_unexplained_wallet_stops_top_up_but_keeps_protection) ... ok
test_wallet_drop_without_income_never_opens_risk_and_late_income_clears_it (test_audit_fixes.FundsAuditGate.test_wallet_drop_without_income_never_opens_risk_and_late_income_clears_it) ... ok
test_outage_does_not_touch_a_primary_position_or_its_protection (test_audit_fixes.MacroFailurePolicy.test_outage_does_not_touch_a_primary_position_or_its_protection) ... ok
test_outage_on_a_flat_account_stops_new_risk_without_hiding_the_reason (test_audit_fixes.MacroFailurePolicy.test_outage_on_a_flat_account_stops_new_risk_without_hiding_the_reason) ... ok
test_sub_unit_residue_is_arithmetic_but_one_native_unit_is_a_gap (test_audit_fixes.NativePrecision.test_sub_unit_residue_is_arithmetic_but_one_native_unit_is_a_gap) ... ok
test_a_healthy_native_leg_keeps_the_block_without_reducing (test_audit_fixes.ReplacementFallback.test_a_healthy_native_leg_keeps_the_block_without_reducing) ... ok
test_unprotected_position_with_a_failing_replacement_is_reduced_not_left_open (test_audit_fixes.ReplacementFallback.test_unprotected_position_with_a_failing_replacement_is_reduced_not_left_open) ... ok
test_documented_rejection_is_terminal_and_transport_loss_is_not (test_audit_fixes.RestErrors.test_documented_rejection_is_terminal_and_transport_loss_is_not) ... ok
test_rate_limits_and_server_errors_stay_unknown_with_native_evidence (test_audit_fixes.RestErrors.test_rate_limits_and_server_errors_stay_unknown_with_native_evidence) ... ok
test_unknown_status_is_recorded_on_the_intent_and_never_terminal (test_audit_fixes.RestErrors.test_unknown_status_is_recorded_on_the_intent_and_never_terminal) ... ok
test_first_signal_interrupts_later_ones_are_ignored_and_handlers_restore (test_audit_fixes.Signals.test_first_signal_interrupts_later_ones_are_ignored_and_handlers_restore) ... ok
test_interrupt_before_the_session_is_an_explicit_unknown_report (test_audit_fixes.Signals.test_interrupt_before_the_session_is_an_explicit_unknown_report) ... unknown: Interrupted before or outside the bounded session; reconcile before any new action
ok
test_entry_records_its_sizing_capital_and_top_up_reports_current_capital (test_audit_fixes.SmallFundBoundaries.test_entry_records_its_sizing_capital_and_top_up_reports_current_capital) ... ok
test_lowered_capital_never_grows_the_position_back_to_the_old_target (test_audit_fixes.SmallFundBoundaries.test_lowered_capital_never_grows_the_position_back_to_the_old_target) ... ok
test_session_reports_exchange_leverage_apart_from_account_notional (test_audit_fixes.SmallFundBoundaries.test_session_reports_exchange_leverage_apart_from_account_notional) ... ok
test_failed_time_read_sends_no_signed_request (test_audit_fixes.StatusClock.test_failed_time_read_sends_no_signed_request) ... ok
test_main_reports_the_failure_and_exits_nonzero (test_audit_fixes.StatusClock.test_main_reports_the_failure_and_exits_nonzero) ... unknown: Binance server time unavailable; clock not aligned
ok
test_status_aligns_the_clock_before_the_first_signed_read (test_audit_fixes.StatusClock.test_status_aligns_the_clock_before_the_first_signed_read) ... ok
test_execution_blocked_before_credentials_or_network (test_binance_cli.BinanceCLI.test_execution_blocked_before_credentials_or_network) ... ok
test_incomplete_replacement_is_visible_without_pending_order (test_binance_cli.BinanceCLI.test_incomplete_replacement_is_visible_without_pending_order) ... ok
test_missing_named_credentials_blocks_before_network (test_binance_cli.BinanceCLI.test_missing_named_credentials_blocks_before_network) ... ok
test_observation_saves_bound_account_report_without_decision (test_binance_cli.BinanceCLI.test_observation_saves_bound_account_report_without_decision) ... ok
test_pending_recovery_refreshes_account_and_keeps_unknown_blocked (test_binance_cli.BinanceCLI.test_pending_recovery_refreshes_account_and_keeps_unknown_blocked) ... ok
test_unknown_configuration_fields_are_rejected (test_binance_cli.BinanceCLI.test_unknown_configuration_fields_are_rejected) ... ok
test_canceled_parent_still_queries_partially_filled_child (test_binance_intent_read.IntentRead.test_canceled_parent_still_queries_partially_filled_child) ... ok
test_missing_history_never_becomes_retry_permission (test_binance_intent_read.IntentRead.test_missing_history_never_becomes_retry_permission) ... ok
test_checkpoint_pages_without_truncation (test_binance_market.NativeMarket.test_checkpoint_pages_without_truncation) ... ok
test_completed_boundary_and_missing_or_forming_candle (test_binance_market.NativeMarket.test_completed_boundary_and_missing_or_forming_candle) ... ok
test_common_increment_and_incomplete_filters (test_binance_quantity.QuantityTests.test_common_increment_and_incomplete_filters) ... ok
test_preserves_risk_budget_and_applies_minimum_and_market_cap (test_binance_quantity.QuantityTests.test_preserves_risk_budget_and_applies_minimum_and_market_cap) ... ok
test_bounded_snapshot_does_not_turn_racing_wallet_into_stable_state (test_binance_readonly.BinanceReadTests.test_bounded_snapshot_does_not_turn_racing_wallet_into_stable_state) ... ok
test_missing_or_wrong_account_mode_blocks (test_binance_readonly.BinanceReadTests.test_missing_or_wrong_account_mode_blocks) ... ok
test_out_of_scope_request_and_redirect_blocked (test_binance_readonly.BinanceReadTests.test_out_of_scope_request_and_redirect_blocked) ... ok
test_public_get_never_sends_key_or_signature (test_binance_readonly.BinanceReadTests.test_public_get_never_sends_key_or_signature) ... ok
test_signs_exact_query_and_returns_only_uid (test_binance_readonly.BinanceReadTests.test_signs_exact_query_and_returns_only_uid) ... ok
test_unavailable_is_unknown_and_error_does_not_leak_secrets (test_binance_readonly.BinanceReadTests.test_unavailable_is_unknown_and_error_does_not_leak_secrets) ... ok
test_usdt_equity_full_protection_and_remainder_are_distinct (test_binance_readonly.BinanceReadTests.test_usdt_equity_full_protection_and_remainder_are_distinct) ... ok
test_canceled_parent_cannot_hide_working_child (test_binance_recovery.RecoveryTests.test_canceled_parent_cannot_hide_working_child) ... ok
test_late_missing_order_stays_unknown_then_original_fill_recovers (test_binance_recovery.RecoveryTests.test_late_missing_order_stays_unknown_then_original_fill_recovers) ... ok
test_old_false_rejection_reopens_without_resending_or_claiming_external_fill (test_binance_recovery.RecoveryTests.test_old_false_rejection_reopens_without_resending_or_claiming_external_fill) ... ok
test_payload_mismatch_and_unknown_intent_kind_stay_unknown (test_binance_recovery.RecoveryTests.test_payload_mismatch_and_unknown_intent_kind_stay_unknown) ... ok
test_readonly_recovers_algo_cancel_only_after_child_terminal (test_binance_recovery.RecoveryTests.test_readonly_recovers_algo_cancel_only_after_child_terminal) ... ok
test_terminal_partial_fill_and_unknown_are_independent (test_binance_recovery.RecoveryTests.test_terminal_partial_fill_and_unknown_are_independent) ... ok
test_child_still_working_stays_unknown (test_binance_replace.PartialFillReplacementTests.test_child_still_working_stays_unknown) ... ok
test_flat_after_partial_fill_cleans_up_without_reopening (test_binance_replace.PartialFillReplacementTests.test_flat_after_partial_fill_cleans_up_without_reopening) ... ok
test_old_leg_filled_keeps_healthy_new_pair_and_finishes (test_binance_replace.PartialFillReplacementTests.test_old_leg_filled_keeps_healthy_new_pair_and_finishes) ... ok
test_spent_new_leg_rotates_to_fresh_generation_without_reusing_spent_id (test_binance_replace.PartialFillReplacementTests.test_spent_new_leg_rotates_to_fresh_generation_without_reusing_spent_id) ... ok
test_unexplained_or_oversized_change_stays_unknown (test_binance_replace.PartialFillReplacementTests.test_unexplained_or_oversized_change_stays_unknown) ... ok
test_authorized_reduce_remains_available_with_unknown_owned_cancel (test_binance_replace.ReplacementTests.test_authorized_reduce_remains_available_with_unknown_owned_cancel) ... ok
test_cancel_timeout_after_acceptance_settles_by_query (test_binance_replace.ReplacementTests.test_cancel_timeout_after_acceptance_settles_by_query) ... ok
test_canceled_parent_working_child_blocks (test_binance_replace.ReplacementTests.test_canceled_parent_working_child_blocks) ... ok
test_changed_replacement_request_cannot_bypass_pending_operation (test_binance_replace.ReplacementTests.test_changed_replacement_request_cannot_bypass_pending_operation) ... ok
test_flat_after_cancel_cleanup_does_not_reopen (test_binance_replace.ReplacementTests.test_flat_after_cancel_cleanup_does_not_reopen) ... ok
test_lost_ownership_blocks_without_writes (test_binance_replace.ReplacementTests.test_lost_ownership_blocks_without_writes) ... ok
test_new_pair_before_old_cancel_and_restart_no_writes (test_binance_replace.ReplacementTests.test_new_pair_before_old_cancel_and_restart_no_writes) ... ok
test_new_rejection_retains_old_and_never_retries (test_binance_replace.ReplacementTests.test_new_rejection_retains_old_and_never_retries) ... ok
test_partial_exposure_restart_keeps_existing_protections (test_binance_replace.ReplacementTests.test_partial_exposure_restart_keeps_existing_protections) ... ok
test_price_already_through_new_stop_keeps_old_protection (test_binance_replace.ReplacementTests.test_price_already_through_new_stop_keeps_old_protection) ... ok
test_replacement_default_read_only (test_binance_replace.ReplacementTests.test_replacement_default_read_only) ... ok
test_restart_resumes_accepted_cancel_without_resend (test_binance_replace.ReplacementTests.test_restart_resumes_accepted_cancel_without_resend) ... ok
test_short_replacement_uses_buy_close_all_without_quantity (test_binance_replace.ReplacementTests.test_short_replacement_uses_buy_close_all_without_quantity) ... ok
test_unknown_cancel_is_not_repeated (test_binance_replace.ReplacementTests.test_unknown_cancel_is_not_repeated) ... ok
test_cancel_fill_race_returns_real_exposure (test_binance_safety.SafetyTests.test_cancel_fill_race_returns_real_exposure) ... ok
test_default_does_not_write (test_binance_safety.SafetyTests.test_default_does_not_write) ... ok
test_model_margin_target_readback (test_binance_safety.SafetyTests.test_model_margin_target_readback) ... ok
test_new_entry_remainder_between_legs_stops_writes (test_binance_safety.SafetyTests.test_new_entry_remainder_between_legs_stops_writes) ... ok
test_no_open_order_is_not_proof_unknown_entry_cannot_arrive (test_binance_safety.SafetyTests.test_no_open_order_is_not_proof_unknown_entry_cannot_arrive) ... ok
test_partial_exposure_close_all_and_idempotent_recovery (test_binance_safety.SafetyTests.test_partial_exposure_close_all_and_idempotent_recovery) ... ok
test_reduce_only_below_entry_min_notional_can_close (test_binance_safety.SafetyTests.test_reduce_only_below_entry_min_notional_can_close) ... ok
test_reduce_only_never_reverses (test_binance_safety.SafetyTests.test_reduce_only_never_reverses) ... ok
test_remainder_blocks_protection (test_binance_safety.SafetyTests.test_remainder_blocks_protection) ... ok
test_stop_fill_between_legs_prevents_stale_take_write (test_binance_safety.SafetyTests.test_stop_fill_between_legs_prevents_stale_take_write) ... ok
test_timeout_after_acceptance_is_queried (test_binance_safety.SafetyTests.test_timeout_after_acceptance_is_queried) ... ok
test_unknown_margin_blocks_different_epoch (test_binance_safety.SafetyTests.test_unknown_margin_blocks_different_epoch) ... ok
test_unknown_missing_never_retries (test_binance_safety.SafetyTests.test_unknown_missing_never_retries) ... ok
test_candle_weight_tracks_page_size_and_reserves_before_request (test_binance_writer.WriterTests.test_candle_weight_tracks_page_size_and_reserves_before_request) ... ok
test_default_read_only_and_unbounded_entries_rejected_before_network (test_binance_writer.WriterTests.test_default_read_only_and_unbounded_entries_rejected_before_network) ... ok
test_rate_limit_cooldown_prevents_poll_storm (test_binance_writer.WriterTests.test_rate_limit_cooldown_prevents_poll_storm) ... ok
test_signed_order_is_sent_once_without_account_setting_capability (test_binance_writer.WriterTests.test_signed_order_is_sent_once_without_account_setting_capability) ... ok
test_transport_timeout_is_unknown_and_never_retried (test_binance_writer.WriterTests.test_transport_timeout_is_unknown_and_never_retried) ... ok
test_checkpoint_of_another_version_blocks (test_campaign.CampaignTests.test_checkpoint_of_another_version_blocks) ... ok
test_consumption_and_unknown_position (test_campaign.CampaignTests.test_consumption_and_unknown_position) ... ok
test_every_prefix_survives_serialized_restart (test_campaign.CampaignTests.test_every_prefix_survives_serialized_restart) ... ok
test_interrupted_bootstrap_resumes_only_verified_page (test_campaign.CampaignTests.test_interrupted_bootstrap_resumes_only_verified_page) ... ok
test_macro_cold_start_does_not_infer_old_unseen_campaign (test_campaign.CampaignTests.test_macro_cold_start_does_not_infer_old_unseen_campaign) ... ok
test_missing_history_and_corrupt_checkpoint_block (test_campaign.CampaignTests.test_missing_history_and_corrupt_checkpoint_block) ... ok
test_promoted_macro_priority_consumption_and_restart (test_campaign.CampaignTests.test_promoted_macro_priority_consumption_and_restart) ... ok
test_read_only_resume_and_unknown_ownership (test_campaign.CampaignTests.test_read_only_resume_and_unknown_ownership) ... ok
test_closed_account_matches_fills_costs_and_full_cash_ledger (test_comparison_report.AccountAuditTests.test_closed_account_matches_fills_costs_and_full_cash_ledger) ... ok
test_missing_fill_wrong_wallet_and_external_flow_invalidate_account (test_comparison_report.AccountAuditTests.test_missing_fill_wrong_wallet_and_external_flow_invalidate_account) ... ok
test_budget_initial_peak_includes_only_conversion_cost (test_complete_perp.CompletePerpTests.test_budget_initial_peak_includes_only_conversion_cost) ... ok
test_checkpoint_daily_state_and_candidate_identity (test_complete_perp.CompletePerpTests.test_checkpoint_daily_state_and_candidate_identity) ... ok
test_conditional_short_requires_decline_and_one_way_ownership (test_complete_perp.CompletePerpTests.test_conditional_short_requires_decline_and_one_way_ownership) ... ok
test_features_ignore_future_and_expire (test_complete_perp.CompletePerpTests.test_features_ignore_future_and_expire) ... ok
test_filters_only_block_new_longs_not_hold_or_reduction (test_complete_perp.CompletePerpTests.test_filters_only_block_new_longs_not_hold_or_reduction) ... ok
test_initial_fx_precedes_metric_and_daily_boundary_uses_boundary_fx (test_complete_perp.CompletePerpTests.test_initial_fx_precedes_metric_and_daily_boundary_uses_boundary_fx) ... ok
test_public_restore_includes_september_funding_without_price_extension (test_complete_perp.CompletePerpTests.test_public_restore_includes_september_funding_without_price_extension) ... ok
test_research_terminal_excludes_only_end_funding_and_never_executes (test_complete_perp.CompletePerpTests.test_research_terminal_excludes_only_end_funding_and_never_executes) ... ok
test_slow_trend_primary_priority_owned_stop_and_break (test_complete_perp.CompletePerpTests.test_slow_trend_primary_priority_owned_stop_and_break) ... ok
test_tail_recent_shock_reduces_fraction_without_other_knobs (test_complete_perp.CompletePerpTests.test_tail_recent_shock_reduces_fraction_without_other_knobs) ... ok
test_terminal_derivation_preserves_history_and_reconstructs_cash (test_complete_perp.CompletePerpTests.test_terminal_derivation_preserves_history_and_reconstructs_cash) ... ok
test_official_sparse_vintages_are_reconstructed_only_as_of_call (test_dfii10.DFII10Tests.test_official_sparse_vintages_are_reconstructed_only_as_of_call) ... ok
test_raw_response_is_stored_atomically_verified_and_repaired (test_dfii10.RawStoreTests.test_raw_response_is_stored_atomically_verified_and_repaired) ... ok
test_changed_columns_or_non_zip_answers_are_unknown_not_a_stale_value (test_dfii10.SourceFailureTests.test_changed_columns_or_non_zip_answers_are_unknown_not_a_stale_value) ... ok
test_failure_defers_retries_and_success_is_reused_for_fifteen_minutes (test_dfii10.SourceFailureTests.test_failure_defers_retries_and_success_is_reused_for_fifteen_minutes) ... ok
test_basis_before_at_and_current_utc_availability_date (test_edge_features.FeatureTests.test_basis_before_at_and_current_utc_availability_date) ... ok
test_coverage_is_recomputed_and_tracks_exact_jitter_gap (test_edge_features.FeatureTests.test_coverage_is_recomputed_and_tracks_exact_jitter_gap) ... ok
test_duplicate_json_keys_and_nonfinite_json_numbers_reject (test_edge_features.FeatureTests.test_duplicate_json_keys_and_nonfinite_json_numbers_reject) ... ok
test_empty_features_are_missing_never_zero (test_edge_features.FeatureTests.test_empty_features_are_missing_never_zero) ... ok
test_file_content_and_source_identity_checks (test_edge_features.FeatureTests.test_file_content_and_source_identity_checks) ... ok
test_frozen_window_blocks_valid_tail_and_before_window (test_edge_features.FeatureTests.test_frozen_window_blocks_valid_tail_and_before_window) ... ok
test_funding_before_at_and_exact_expiry_with_negative_rate (test_edge_features.FeatureTests.test_funding_before_at_and_exact_expiry_with_negative_rate) ... ok
test_future_tail_perturbation_cannot_change_prior_decisions (test_edge_features.FeatureTests.test_future_tail_perturbation_cannot_change_prior_decisions) ... ok
test_invalid_and_nonfinite_decimal_values (test_edge_features.FeatureTests.test_invalid_and_nonfinite_decimal_values) ... ok
test_invalid_container_shapes_reject (test_edge_features.FeatureTests.test_invalid_container_shapes_reject) ... ok
test_invalid_lookup_names_and_times_reject (test_edge_features.FeatureTests.test_invalid_lookup_names_and_times_reject) ... ok
test_invalid_time_lag_boundary_and_order_records (test_edge_features.FeatureTests.test_invalid_time_lag_boundary_and_order_records) ... ok
test_lookup_journal_binds_input_sources_and_missing_cause (test_edge_features.FeatureTests.test_lookup_journal_binds_input_sources_and_missing_cause) ... ok
test_missing_day_is_explicit_and_cannot_carry_yesterdays_basis (test_edge_features.FeatureTests.test_missing_day_is_explicit_and_cannot_carry_yesterdays_basis) ... ok
test_null_requires_cause_and_known_value_cannot_have_one (test_edge_features.FeatureTests.test_null_requires_cause_and_known_value_cannot_have_one) ... ok
test_registered_rules_are_finite_and_project_bound (test_edge_features.FeatureTests.test_registered_rules_are_finite_and_project_bound) ... ok
test_settlement_jitter_is_not_repaired_or_tolerated (test_edge_features.FeatureTests.test_settlement_jitter_is_not_repaired_or_tolerated) ... ok
test_actual_acquisition_stamps_retained_bytes_and_rejects_redirect (test_edge_forward.ForwardTests.test_actual_acquisition_stamps_retained_bytes_and_rejects_redirect) ... ok
test_atomic_failure_preserves_original_and_source_change_blocks (test_edge_forward.ForwardTests.test_atomic_failure_preserves_original_and_source_change_blocks) ... ok
test_backfill_duplicate_future_and_gap_rejections_leave_bytes_unchanged (test_edge_forward.ForwardTests.test_backfill_duplicate_future_and_gap_rejections_leave_bytes_unchanged) ... ok
test_bearish_ordinary_full_exit_restores_then_requires_fresh_cross (test_edge_forward.ForwardTests.test_bearish_ordinary_full_exit_restores_then_requires_fresh_cross) ... skipped 'Spot native full/partial ownership close'
test_coin_unplaceable_protection_rejects_model_size (test_edge_forward.ForwardTests.test_coin_unplaceable_protection_rejects_model_size) ... ok
test_complete_public_print_path_models_protection_with_exact_source (test_edge_forward.ForwardTests.test_complete_public_print_path_models_protection_with_exact_source) ... skipped 'trade-triggered spot stops only'
test_deferred_first_observation_is_only_warmup_then_native_fresh_cross (test_edge_forward.ForwardTests.test_deferred_first_observation_is_only_warmup_then_native_fresh_cross) ... ok
test_deferred_init_is_empty_source_bound_paper_cash (test_edge_forward.ForwardTests.test_deferred_init_is_empty_source_bound_paper_cash) ... ok
test_deferred_readiness_is_reconstructed_not_trusted (test_edge_forward.ForwardTests.test_deferred_readiness_is_reconstructed_not_trusted) ... ok
test_delayed_first_warmup_records_gap_without_past_decisions (test_edge_forward.ForwardTests.test_delayed_first_warmup_records_gap_without_past_decisions) ... ok
test_entry_day_prefill_wick_does_not_tighten_owned_stop (test_edge_forward.ForwardTests.test_entry_day_prefill_wick_does_not_tighten_owned_stop) ... skipped 'Spot fill-time-aware ownership'
test_funding_sign_no_past_cashflows_and_missing_is_not_zero (test_edge_forward.ForwardTests.test_funding_sign_no_past_cashflows_and_missing_is_not_zero) ... ok
test_fx_bad_publication_identity_latest_value_and_gaps_reject (test_edge_forward.ForwardTests.test_fx_bad_publication_identity_latest_value_and_gaps_reject) ... ok
test_fx_correct_csv_endpoint_and_html_metadata_only (test_edge_forward.ForwardTests.test_fx_correct_csv_endpoint_and_html_metadata_only) ... ok
test_fx_nested_raw_clock_url_tamper_and_paired_actual_fetch (test_edge_forward.ForwardTests.test_fx_nested_raw_clock_url_tamper_and_paired_actual_fetch) ... ok
test_fx_publication_freshness_exact_week_and_prior_date_rule (test_edge_forward.ForwardTests.test_fx_publication_freshness_exact_week_and_prior_date_rule) ... ok
test_initialization_is_actual_cold_start_and_exclusive (test_edge_forward.ForwardTests.test_initialization_is_actual_cold_start_and_exclusive) ... ok
test_invalid_paired_fx_keeps_init_and_append_unchanged (test_edge_forward.ForwardTests.test_invalid_paired_fx_keeps_init_and_append_unchanged) ... ok
test_macro_bootstrap_flag_and_checkpoint_tamper_reject_immutably (test_edge_forward.ForwardTests.test_macro_bootstrap_flag_and_checkpoint_tamper_reject_immutably) ... ok
test_macro_bootstrap_missing_then_preexisting_consumed_and_fresh_reeligible (test_edge_forward.ForwardTests.test_macro_bootstrap_missing_then_preexisting_consumed_and_fresh_reeligible) ... ok
test_macro_bootstrap_persists_on_missing_book_and_selection_failure_is_atomic (test_edge_forward.ForwardTests.test_macro_bootstrap_persists_on_missing_book_and_selection_failure_is_atomic) ... ok
test_macro_cap_binds_executable_entry_and_keeps_original_target (test_edge_forward.ForwardTests.test_macro_cap_binds_executable_entry_and_keeps_original_target) ... ok
test_macro_depth_and_minimum_limits_do_not_relabel_target (test_edge_forward.ForwardTests.test_macro_depth_and_minimum_limits_do_not_relabel_target) ... ok
test_macro_volatility_target_uses_higher_mark_not_entry_price (test_edge_forward.ForwardTests.test_macro_volatility_target_uses_higher_mark_not_entry_price) ... ok
test_missing_executable_depth_blocks_new_risk (test_edge_forward.ForwardTests.test_missing_executable_depth_blocks_new_risk) ... ok
test_partial_ordinary_exit_and_later_passive_exit_restore (test_edge_forward.ForwardTests.test_partial_ordinary_exit_and_later_passive_exit_restore) ... skipped 'Spot partial ownership and passive checkpoint'
test_pending_bad_history_source_and_atomic_failure_preserve_bytes (test_edge_forward.ForwardTests.test_pending_bad_history_source_and_atomic_failure_preserve_bytes) ... ok
test_pending_macro_bootstrap_reconsumes_primary_until_successful_selection (test_edge_forward.ForwardTests.test_pending_macro_bootstrap_reconsumes_primary_until_successful_selection) ... ok
test_primary_target_unchanged_and_fee_margin_limited_fill (test_edge_forward.ForwardTests.test_primary_target_unchanged_and_fee_margin_limited_fill) ... ok
test_prior_unresolved_span_blocks_later_local_passive_fill (test_edge_forward.ForwardTests.test_prior_unresolved_span_blocks_later_local_passive_fill) ... skipped 'Spot unresolved survival regression'
test_proposal_modeled_fill_fee_net_conservation_and_checkpoint (test_edge_forward.ForwardTests.test_proposal_modeled_fill_fee_net_conservation_and_checkpoint) ... ok
test_protective_ohlc_is_unknown_not_a_fabricated_stop_fill (test_edge_forward.ForwardTests.test_protective_ohlc_is_unknown_not_a_fabricated_stop_fill) ... ok
test_raw_alfred_vintage_parsing_and_future_rejection (test_edge_forward.ForwardTests.test_raw_alfred_vintage_parsing_and_future_rejection) ... ok
test_receipt_url_future_boundary_and_raw_tamper (test_edge_forward.ForwardTests.test_receipt_url_future_boundary_and_raw_tamper) ... ok
test_recomputed_checkpoint_tamper_and_missing_raw_are_rejected (test_edge_forward.ForwardTests.test_recomputed_checkpoint_tamper_and_missing_raw_are_rejected) ... ok
test_size_minimum_rounding_depth_and_no_topup (test_edge_forward.ForwardTests.test_size_minimum_rounding_depth_and_no_topup) ... ok
test_stale_and_nonfinite_book_rejected (test_edge_forward.ForwardTests.test_stale_and_nonfinite_book_rejected) ... ok
test_strict_json_numbers_and_duplicate_keys (test_edge_forward.ForwardTests.test_strict_json_numbers_and_duplicate_keys) ... ok
test_archive_metadata_equivalence_actual_protected_byte_rejection (test_edge_forward.SourceAndExportTests.test_archive_metadata_equivalence_actual_protected_byte_rejection) ... ok
test_executable_configuration_and_protocol_are_protected (test_edge_forward.SourceAndExportTests.test_executable_configuration_and_protocol_are_protected) ... ok
test_frozen_proof_exact_categories_records_and_adapter (test_edge_forward.SourceAndExportTests.test_frozen_proof_exact_categories_records_and_adapter) ... ok
test_checkpoint_rejects_extension_tampering_and_source_mismatch (test_edge_perp.EdgeTests.test_checkpoint_rejects_extension_tampering_and_source_mismatch) ... ok
test_cli_rejects_nonregistered_or_overwrite_before_measure (test_edge_perp.EdgeTests.test_cli_rejects_nonregistered_or_overwrite_before_measure) ... usage: python3.13 -m unittest [-h] [--market MARKET] [--prints PRINTS]
                              [--fx FX] --features FEATURES --out OUT
                              [--limit LIMIT]
                              [--candidate {incumbent,quality-budget,cost-horizon,crowding-interaction}]
                              [--scenario {base,fees-x1.5,read-400ms,trigger-slip}]
                              [--combo COMBO]
                              [--risk-calibration RISK_CALIBRATION]
                              [--initial-cny INITIAL_CNY]
                              [--start-offset-ms {-60000,0,60000}]
                              [--restore-prints]
python3.13 -m unittest: error: incomplete smoke limit must be 1..795 and output under /tmp
usage: python3.13 -m unittest [-h] [--market MARKET] [--prints PRINTS]
                              [--fx FX] --features FEATURES --out OUT
                              [--limit LIMIT]
                              [--candidate {incumbent,quality-budget,cost-horizon,crowding-interaction}]
                              [--scenario {base,fees-x1.5,read-400ms,trigger-slip}]
                              [--combo COMBO]
                              [--risk-calibration RISK_CALIBRATION]
                              [--initial-cny INITIAL_CNY]
                              [--start-offset-ms {-60000,0,60000}]
                              [--restore-prints]
python3.13 -m unittest: error: initial CNY must be registered 2500, 5000, 7500 or 10000
usage: python3.13 -m unittest [-h] [--market MARKET] [--prints PRINTS]
                              [--fx FX] --features FEATURES --out OUT
                              [--limit LIMIT]
                              [--candidate {incumbent,quality-budget,cost-horizon,crowding-interaction}]
                              [--scenario {base,fees-x1.5,read-400ms,trigger-slip}]
                              [--combo COMBO]
                              [--risk-calibration RISK_CALIBRATION]
                              [--initial-cny INITIAL_CNY]
                              [--start-offset-ms {-60000,0,60000}]
                              [--restore-prints]
python3.13 -m unittest: error: capital/start diagnostics require one fixed candidate and base
usage: python3.13 -m unittest [-h] [--market MARKET] [--prints PRINTS]
                              [--fx FX] --features FEATURES --out OUT
                              [--limit LIMIT]
                              [--candidate {incumbent,quality-budget,cost-horizon,crowding-interaction}]
                              [--scenario {base,fees-x1.5,read-400ms,trigger-slip}]
                              [--combo COMBO]
                              [--risk-calibration RISK_CALIBRATION]
                              [--initial-cny INITIAL_CNY]
                              [--start-offset-ms {-60000,0,60000}]
                              [--restore-prints]
python3.13 -m unittest: error: choose candidate or fixed combo
usage: python3.13 -m unittest [-h] [--market MARKET] [--prints PRINTS]
                              [--fx FX] --features FEATURES --out OUT
                              [--limit LIMIT]
                              [--candidate {incumbent,quality-budget,cost-horizon,crowding-interaction}]
                              [--scenario {base,fees-x1.5,read-400ms,trigger-slip}]
                              [--combo COMBO]
                              [--risk-calibration RISK_CALIBRATION]
                              [--initial-cny INITIAL_CNY]
                              [--start-offset-ms {-60000,0,60000}]
                              [--restore-prints]
python3.13 -m unittest: error: never overwrite results or progress
ok
test_combo_reductions_multiply_and_components_reject_duplicates (test_edge_perp.EdgeTests.test_combo_reductions_multiply_and_components_reject_duplicates) ... ok
test_cost_exit_requires_actual_legal_decision_original_exits_win (test_edge_perp.EdgeTests.test_cost_exit_requires_actual_legal_decision_original_exits_win) ... ok
test_crowding_conjunction_equality_missing_and_independence (test_edge_perp.EdgeTests.test_crowding_conjunction_equality_missing_and_independence) ... ok
test_exact_project_calibration_schema (test_edge_perp.EdgeTests.test_exact_project_calibration_schema) ... ok
test_extension_crossed_bar_keeps_original_hold_and_roundtrips (test_edge_perp.EdgeTests.test_extension_crossed_bar_keeps_original_hold_and_roundtrips) ... ok
test_extension_only_actual_five_to_seven_days_once_and_protection_unchanged (test_edge_perp.EdgeTests.test_extension_only_actual_five_to_seven_days_once_and_protection_unchanged) ... ok
test_extension_session_is_registered_offset_bound_and_rejects_before_recovery (test_edge_perp.EdgeTests.test_extension_session_is_registered_offset_bound_and_rejects_before_recovery) ... ok
test_fixed_feature_artifact_pin_rejects_before_account_meter (test_edge_perp.EdgeTests.test_fixed_feature_artifact_pin_rejects_before_account_meter) ... ok
test_history_catchup_expired_and_stopped_cannot_extend (test_edge_perp.EdgeTests.test_history_catchup_expired_and_stopped_cannot_extend) ... ok
test_hooks_restore_on_exception (test_edge_perp.EdgeTests.test_hooks_restore_on_exception) ... ok
test_identity_and_checkpoint_reject_before_recovery_or_cleanup (test_edge_perp.EdgeTests.test_identity_and_checkpoint_reject_before_recovery_or_cleanup) ... ok
test_incumbent_retains_original_report_calls_clock_cash_and_checkpoint (test_edge_perp.EdgeTests.test_incumbent_retains_original_report_calls_clock_cash_and_checkpoint) ... ok
test_macro_cost_exit_has_no_primary_extension (test_edge_perp.EdgeTests.test_macro_cost_exit_has_no_primary_extension) ... ok
test_missing_quality_inputs_macro_and_short_are_unchanged (test_edge_perp.EdgeTests.test_missing_quality_inputs_macro_and_short_are_unchanged) ... ok
test_momentum_is_six_completed_intervals_and_trend_twenty_bars (test_edge_perp.EdgeTests.test_momentum_is_six_completed_intervals_and_trend_twenty_bars) ... ok
test_new_risk_scale_cutoff_zero_and_held_committed_topup (test_edge_perp.EdgeTests.test_new_risk_scale_cutoff_zero_and_held_committed_topup) ... ok
test_owned_cost_exit_runs_through_real_lifecycle_with_protection (test_edge_perp.EdgeTests.test_owned_cost_exit_runs_through_real_lifecycle_with_protection) ... ok
test_quality_immutable_trigger_mark_and_completed_history_boundaries (test_edge_perp.EdgeTests.test_quality_immutable_trigger_mark_and_completed_history_boundaries) ... ok
test_real_decision_journal_has_distinct_completion_clocks (test_edge_perp.EdgeTests.test_real_decision_journal_has_distinct_completion_clocks) ... ok
test_corrupt_vault_and_orphan_destination_fail_without_overwrite (test_edge_perp.PrintTests.test_corrupt_vault_and_orphan_destination_fail_without_overwrite) ... ok
test_foreign_packed_price_and_unknown_directory_are_rejected_untouched (test_edge_perp.PrintTests.test_foreign_packed_price_and_unknown_directory_are_rejected_untouched) ... ok
test_missing_day_eviction_preserves_owned_cache_and_vault (test_edge_perp.PrintTests.test_missing_day_eviction_preserves_owned_cache_and_vault) ... ok
test_owned_binary_is_verified_before_reuse_and_unknown_files_preserved (test_edge_perp.PrintTests.test_owned_binary_is_verified_before_reuse_and_unknown_files_preserved) ... ok
test_verified_vault_hash_receipt_and_eviction_leave_originals_unchanged (test_edge_perp.PrintTests.test_verified_vault_hash_receipt_and_eviction_leave_originals_unchanged) ... ok
test_capital_limit_must_be_a_positive_decimal_string (test_environment.EnvironmentTests.test_capital_limit_must_be_a_positive_decimal_string) ... ok
test_controlled_demo_writes_use_the_same_session_and_adapter (test_environment.EnvironmentTests.test_controlled_demo_writes_use_the_same_session_and_adapter) ... ok
test_demo_execute_without_trial_flags_stays_blocked_before_credentials (test_environment.EnvironmentTests.test_demo_execute_without_trial_flags_stays_blocked_before_credentials) ... ok
test_demo_reads_only_demo_hosts (test_environment.EnvironmentTests.test_demo_reads_only_demo_hosts) ... ok
test_demo_uses_its_own_credentials_and_state_scope (test_environment.EnvironmentTests.test_demo_uses_its_own_credentials_and_state_scope) ... ok
test_live_state_directory_refuses_a_demo_configuration (test_environment.EnvironmentTests.test_live_state_directory_refuses_a_demo_configuration) ... ok
test_live_trial_needs_reviewed_matching_demo_evidence (test_environment.EnvironmentTests.test_live_trial_needs_reviewed_matching_demo_evidence) ... ok
test_session_refuses_an_adapter_for_another_environment_or_limit (test_environment.EnvironmentTests.test_session_refuses_an_adapter_for_another_environment_or_limit) ... ok
test_an_absent_add_is_retired_only_while_the_position_is_unchanged (test_full_review.AbsentOrderRetirement.test_an_absent_add_is_retired_only_while_the_position_is_unchanged) ... ok
test_an_absent_entry_needs_a_flat_account (test_full_review.AbsentOrderRetirement.test_an_absent_entry_needs_a_flat_account) ... ok
test_an_absent_reduction_is_retired_even_with_a_position_and_never_reduces_more (test_full_review.AbsentOrderRetirement.test_an_absent_reduction_is_retired_even_with_a_position_and_never_reduces_more) ... ok
test_a_write_without_time_to_read_the_answer_is_never_sent (test_full_review.AdapterEdges.test_a_write_without_time_to_read_the_answer_is_never_sent) ... ok
test_algo_cancel_reply_with_string_code_200_is_accepted (test_full_review.AdapterEdges.test_algo_cancel_reply_with_string_code_200_is_accepted) ... ok
test_order_cancel_and_reduction_shapes_are_restricted_to_owned_market_reductions (test_full_review.AdapterEdges.test_order_cancel_and_reduction_shapes_are_restricted_to_owned_market_reductions) ... ok
test_slow_time_sample_does_not_set_the_offset_and_rate_limit_cools_down (test_full_review.AdapterEdges.test_slow_time_sample_does_not_set_the_offset_and_rate_limit_cools_down) ... ok
test_truncated_or_malformed_http_is_unknown_never_a_raw_exception (test_full_review.AdapterEdges.test_truncated_or_malformed_http_is_unknown_never_a_raw_exception) ... ok
test_failed_clock_sample_at_cleanup_does_not_skip_verification (test_full_review.CleanupBudgets.test_failed_clock_sample_at_cleanup_does_not_skip_verification) ... ok
test_recovery_fallback_reductions_reserve_their_own_observation_budget (test_full_review.CleanupBudgets.test_recovery_fallback_reductions_reserve_their_own_observation_budget) ... ok
test_signal_landing_inside_the_final_cleanup_is_retried_once (test_full_review.CleanupBudgets.test_signal_landing_inside_the_final_cleanup_is_retried_once) ... ok
test_relative_state_directory_is_refused (test_full_review.ConfigPath.test_relative_state_directory_is_refused) ... ok
test_interrupted_cold_start_still_consumes_the_macro_state (test_macro_input.MacroInputTests.test_interrupted_cold_start_still_consumes_the_macro_state) ... ok
test_macro_position_keeps_protection_without_dfii10 (test_macro_input.MacroInputTests.test_macro_position_keeps_protection_without_dfii10) ... ok
test_primary_exit_does_not_wait_for_dfii10 (test_macro_input.MacroInputTests.test_primary_exit_does_not_wait_for_dfii10) ... ok
test_missing_time_zone_data_fails_with_an_actionable_error (test_macro_input.SourceBudgetTests.test_missing_time_zone_data_fails_with_an_actionable_error) ... ok
test_reads_share_the_budget_and_failures_are_not_repeated_each_poll (test_macro_input.SourceBudgetTests.test_reads_share_the_budget_and_failures_are_not_repeated_each_poll) ... ok
test_a_distant_earlier_transfer_does_not_make_history_ambiguous (test_margin_intents.MarginIntentTests.test_a_distant_earlier_transfer_does_not_make_history_ambiguous) ... ok
test_a_margin_row_without_preparation_time_is_bounded_by_its_last_update (test_margin_intents.MarginIntentTests.test_a_margin_row_without_preparation_time_is_bounded_by_its_last_update) ... ok
test_absent_history_never_proves_the_transfer_failed (test_margin_intents.MarginIntentTests.test_absent_history_never_proves_the_transfer_failed) ... ok
test_acknowledged_transfer_survives_a_failed_readback (test_margin_intents.MarginIntentTests.test_acknowledged_transfer_survives_a_failed_readback) ... ok
test_ambiguous_history_stays_unknown (test_margin_intents.MarginIntentTests.test_ambiguous_history_stays_unknown) ... ok
test_amount_is_rounded_up_to_native_settlement_precision (test_margin_intents.MarginIntentTests.test_amount_is_rounded_up_to_native_settlement_precision) ... ok
test_an_earlier_equal_add_is_never_attributed_to_a_lost_one (test_margin_intents.MarginIntentTests.test_an_earlier_equal_add_is_never_attributed_to_a_lost_one) ... ok
test_lost_answer_is_settled_from_margin_history_only (test_margin_intents.MarginIntentTests.test_lost_answer_is_settled_from_margin_history_only) ... ok
test_documented_503_failures_are_terminal_and_other_503s_stay_unknown (test_margin_intents.WriteClassificationTests.test_documented_503_failures_are_terminal_and_other_503s_stay_unknown) ... ok
test_documented_native_rejection_is_terminal (test_margin_intents.WriteClassificationTests.test_documented_native_rejection_is_terminal) ... ok
test_expired_deadline_is_recorded_as_never_sent (test_margin_intents.WriteClassificationTests.test_expired_deadline_is_recorded_as_never_sent) ... ok
test_lost_add_cannot_be_declared_rejected_from_age_and_missing_query (test_margin_intents.WriteClassificationTests.test_lost_add_cannot_be_declared_rejected_from_age_and_missing_query) ... ok
test_margin_rejection_blocks_without_pending (test_margin_intents.WriteClassificationTests.test_margin_rejection_blocks_without_pending) ... ok
test_missing_order_without_a_preparation_time_or_past_retention_stays_unknown (test_margin_intents.WriteClassificationTests.test_missing_order_without_a_preparation_time_or_past_retention_stays_unknown) ... ok
test_numeric_margin_amount_is_parsed_exactly (test_margin_intents.WriteClassificationTests.test_numeric_margin_amount_is_parsed_exactly) ... ok
test_overloaded_add_does_not_block_the_exit_of_the_existing_position (test_margin_intents.WriteClassificationTests.test_overloaded_add_does_not_block_the_exit_of_the_existing_position) ... ok
test_read_rejections_remain_unknown (test_margin_intents.WriteClassificationTests.test_read_rejections_remain_unknown) ... ok
test_unknown_execution_codes_and_server_errors_stay_pending (test_margin_intents.WriteClassificationTests.test_unknown_execution_codes_and_server_errors_stay_pending) ... ok
test_flat_cash_drawdown_between_session_starts_is_recorded (test_meter_review.FlatValuationTests.test_flat_cash_drawdown_between_session_starts_is_recorded) ... ok
test_hold_across_a_missing_rate_loses_the_known_path (test_meter_review.FundingCoverageTests.test_hold_across_a_missing_rate_loses_the_known_path) ... ok
test_uncovered_settlement_time_is_a_gap_anywhere (test_meter_review.FundingCoverageTests.test_uncovered_settlement_time_is_a_gap_anywhere) ... ok
test_position_held_through_the_boundary_pays_it (test_meter_review.FundingOrderTests.test_position_held_through_the_boundary_pays_it) ... ok
test_stop_inside_the_minute_is_not_charged_the_boundary_settlement (test_meter_review.FundingOrderTests.test_stop_inside_the_minute_is_not_charged_the_boundary_settlement) ... ok
test_complete_run_writes_the_official_name (test_meter_review.TrialHygieneTests.test_complete_run_writes_the_official_name) ... ok
test_partial_run_never_writes_the_official_name (test_meter_review.TrialHygieneTests.test_partial_run_never_writes_the_official_name) ... ok
test_research_knobs_are_restored (test_meter_review.TrialHygieneTests.test_research_knobs_are_restored) ... ok
test_capital_limit_sizes_from_the_trial_capital_only (test_native_preview.NativePreviewTests.test_capital_limit_sizes_from_the_trial_capital_only) ... ok
test_liquidation_uses_supplied_closing_fee (test_native_preview.NativePreviewTests.test_liquidation_uses_supplied_closing_fee) ... ok
test_macro_parent_quantity_respects_three_percent_stop_budget (test_native_preview.NativePreviewTests.test_macro_parent_quantity_respects_three_percent_stop_budget) ... ok
test_native_inputs_use_identical_funding_function_without_consumption (test_native_preview.NativePreviewTests.test_native_inputs_use_identical_funding_function_without_consumption) ... ok
test_top_up_keeps_whole_position_inside_the_stop_budget (test_native_preview.NativePreviewTests.test_top_up_keeps_whole_position_inside_the_stop_budget) ... ok
test_unknown_collateral_book_or_account_blocks (test_native_preview.NativePreviewTests.test_unknown_collateral_book_or_account_blocks) ... ok
test_downward_impulse_is_symmetric (test_opportunities.OpportunityTests.test_downward_impulse_is_symmetric) ... ok
test_impulse_uses_prior_volatility_and_midpoint_stop (test_opportunities.OpportunityTests.test_impulse_uses_prior_volatility_and_midpoint_stop) ... ok
test_missing_bar_fails_closed (test_opportunities.OpportunityTests.test_missing_bar_fails_closed) ... ok
test_prefix_cannot_depend_on_future_or_rewrite_objects (test_opportunities.OpportunityTests.test_prefix_cannot_depend_on_future_or_rewrite_objects) ... ok
test_stop_and_expiry_retire_the_campaign (test_opportunities.OpportunityTests.test_stop_and_expiry_retire_the_campaign) ... ok
test_definitive_absence_reconciles_flat_but_legacy_absence_does_not (test_ownership.AbsentEntryOwnership.test_definitive_absence_reconciles_flat_but_legacy_absence_does_not) ... ok
test_late_fill_after_definitive_absence_fails_closed (test_ownership.AbsentEntryOwnership.test_late_fill_after_definitive_absence_fails_closed) ... ok
test_cumulative_fill_cannot_regress (test_ownership.OwnershipTests.test_cumulative_fill_cannot_regress) ... ok
test_external_fill_or_position_mismatch_never_guesses_owner (test_ownership.OwnershipTests.test_external_fill_or_position_mismatch_never_guesses_owner) ... ok
test_history_older_than_three_months_is_not_inferred (test_ownership.OwnershipTests.test_history_older_than_three_months_is_not_inferred) ... ok
test_late_partial_fill_binds_once_and_exposes_unprotected_remainder (test_ownership.OwnershipTests.test_late_partial_fill_binds_once_and_exposes_unprotected_remainder) ... ok
test_lost_journal_cannot_assign_an_existing_position (test_ownership.OwnershipTests.test_lost_journal_cannot_assign_an_existing_position) ... ok
test_protective_fill_preserves_consumption_after_flat_recovery (test_ownership.OwnershipTests.test_protective_fill_preserves_consumption_after_flat_recovery) ... ok
test_rejected_reduction_has_no_native_order_to_query (test_ownership.OwnershipTests.test_rejected_reduction_has_no_native_order_to_query) ... ok
test_mismatched_source_input_and_undeclared_risk_are_rejected (test_path_analysis.PathAnalysisTests.test_mismatched_source_input_and_undeclared_risk_are_rejected) ... ok
test_more_fees_cannot_improve_the_fixed_fill_attribution (test_path_analysis.PathAnalysisTests.test_more_fees_cannot_improve_the_fixed_fill_attribution) ... ok
test_archive_does_not_hide_unobserved_retention_gap (test_pr43.HistoryArchiveTests.test_archive_does_not_hide_unobserved_retention_gap) ... ok
test_changed_archived_fill_blocks_and_keeps_prior_coverage (test_pr43.HistoryArchiveTests.test_changed_archived_fill_blocks_and_keeps_prior_coverage) ... ok
test_nonadvancing_id_page_is_not_accepted_as_complete (test_pr43.HistoryArchiveTests.test_nonadvancing_id_page_is_not_accepted_as_complete) ... ok
test_truncated_id_history_cannot_hide_full_time_page (test_pr43.HistoryArchiveTests.test_truncated_id_history_cannot_hide_full_time_page) ... ok
test_verified_archive_recovers_old_entry_without_expired_native_order (test_pr43.HistoryArchiveTests.test_verified_archive_recovers_old_entry_without_expired_native_order) ... ok
test_income_pagination_and_duplicate_page_fail_closed (test_pr43.IncomeAuditTests.test_income_pagination_and_duplicate_page_fail_closed) ... ok
test_missing_income_coverage_is_not_filled_with_zero_cashflows (test_pr43.IncomeAuditTests.test_missing_income_coverage_is_not_filled_with_zero_cashflows) ... ok
test_native_signed_funding_fees_and_same_id_types_are_retained (test_pr43.IncomeAuditTests.test_native_signed_funding_fees_and_same_id_types_are_retained) ... ok
test_cashflow_audit_outage_blocks_entry_but_not_verified_exit (test_pr43.ReviewRegressions.test_cashflow_audit_outage_blocks_entry_but_not_verified_exit) ... ok
test_changed_owned_protection_does_not_pass_aggregate_geometry (test_pr43.ReviewRegressions.test_changed_owned_protection_does_not_pass_aggregate_geometry) ... ok
test_disconnect_during_final_wait_clears_previous_observation (test_pr43.ReviewRegressions.test_disconnect_during_final_wait_clears_previous_observation) ... ok
test_external_protection_cannot_make_cleanup_verified (test_pr43.ReviewRegressions.test_external_protection_cannot_make_cleanup_verified) ... ok
test_full_recent_window_is_a_cursor_not_complete_history (test_pr43.ReviewRegressions.test_full_recent_window_is_a_cursor_not_complete_history) ... ok
test_more_than_1000_same_millisecond_fills_reconcile_and_protect (test_pr43.ReviewRegressions.test_more_than_1000_same_millisecond_fills_reconcile_and_protect) ... ok
test_restart_finishes_interrupted_owned_protection_replacement (test_pr43.ReviewRegressions.test_restart_finishes_interrupted_owned_protection_replacement) ... ok
test_unknown_observations_are_retained_without_stale_equity (test_pr43.ReviewRegressions.test_unknown_observations_are_retained_without_stale_equity) ... ok
test_external_close_and_equal_manual_reopen_is_never_touched (test_reaudit.ReauditTests.test_external_close_and_equal_manual_reopen_is_never_touched) ... ok
test_external_reopen_is_not_adopted_on_the_trade_id_proof (test_reaudit.ReauditTests.test_external_reopen_is_not_adopted_on_the_trade_id_proof) ... ok
test_failed_protection_never_reduces_a_manual_fill_that_arrived_between_legs (test_reaudit.ReauditTests.test_failed_protection_never_reduces_a_manual_fill_that_arrived_between_legs) ... ok
test_fill_proof_after_a_week_without_trades_uses_the_flat_time_boundary (test_reaudit.ReauditTests.test_fill_proof_after_a_week_without_trades_uses_the_flat_time_boundary) ... ok
test_manual_position_after_restart_is_not_adopted_during_a_history_outage (test_reaudit.ReauditTests.test_manual_position_after_restart_is_not_adopted_during_a_history_outage) ... ok
test_owned_fill_is_protected_or_reduced_within_the_reserved_budget_under_latency (test_reaudit.ReauditTests.test_owned_fill_is_protected_or_reduced_within_the_reserved_budget_under_latency) ... ok
test_unknown_protection_does_not_block_a_later_safe_reduction (test_reaudit.ReauditTests.test_unknown_protection_does_not_block_a_later_safe_reduction) ... ok
test_interrupted_publication_leaves_no_partial_result_named_current (test_rebuild_safety.EvidenceProtection.test_interrupted_publication_leaves_no_partial_result_named_current) ... ok
test_partial_results_never_enter_the_evidence_directory (test_rebuild_safety.EvidenceProtection.test_partial_results_never_enter_the_evidence_directory) ... ok
test_refusal_happens_before_the_meter_runs (test_rebuild_safety.EvidenceProtection.test_refusal_happens_before_the_meter_runs) ... ok
test_same_name_needs_explicit_overwrite_and_keeps_the_original (test_rebuild_safety.EvidenceProtection.test_same_name_needs_explicit_overwrite_and_keeps_the_original) ... ok
test_unresolved_count_uses_the_session_report_field (test_rebuild_safety.EvidenceProtection.test_unresolved_count_uses_the_session_report_field) ... ok
test_default_state_is_unique_per_run (test_rebuild_safety.StateOwnership.test_default_state_is_unique_per_run) ... ok
test_invalid_name_with_explicit_state_removes_nothing (test_rebuild_safety.StateOwnership.test_invalid_name_with_explicit_state_removes_nothing) ... ok
test_own_stale_directory_is_replaced_but_a_live_owner_is_not (test_rebuild_safety.StateOwnership.test_own_stale_directory_is_replaced_but_a_live_owner_is_not) ... ok
test_symbolic_links_are_refused (test_rebuild_safety.StateOwnership.test_symbolic_links_are_refused) ... ok
test_unmarked_directories_are_refused_and_left_untouched (test_rebuild_safety.StateOwnership.test_unmarked_directories_are_refused_and_left_untouched) ... ok
test_history_outage_after_owned_fill_still_installs_protection (test_recovery_gaps.RecoveryGapTests.test_history_outage_after_owned_fill_still_installs_protection) ... ok
test_late_query_missing_does_not_orphan_filled_add (test_recovery_gaps.RecoveryGapTests.test_late_query_missing_does_not_orphan_filled_add) ... ok
test_protection_lost_during_margin_transfer_blocks_the_add (test_recovery_gaps.RecoveryGapTests.test_protection_lost_during_margin_transfer_blocks_the_add) ... ok
test_locally_refused_protection_is_retried_under_the_same_identity (test_rejected_intents.RejectedIntentTests.test_locally_refused_protection_is_retried_under_the_same_identity) ... ok
test_refused_cancel_is_left_to_the_target_state (test_rejected_intents.RejectedIntentTests.test_refused_cancel_is_left_to_the_target_state) ... ok
test_rejected_entry_is_never_prepared_again (test_rejected_intents.RejectedIntentTests.test_rejected_entry_is_never_prepared_again) ... ok
test_unknown_protection_is_never_resent (test_rejected_intents.RejectedIntentTests.test_unknown_protection_is_never_resent) ... ok
test_ambiguous_initial_wallet_boundary_blocks_risk (test_review_followup.ReviewFollowup.test_ambiguous_initial_wallet_boundary_blocks_risk) ... ok
test_failed_amendment_preserves_old_pair_but_does_not_block_owned_exit (test_review_followup.ReviewFollowup.test_failed_amendment_preserves_old_pair_but_does_not_block_owned_exit) ... ok
test_foreign_live_writer_refusal_does_not_change_state (test_review_followup.ReviewFollowup.test_foreign_live_writer_refusal_does_not_change_state) ... ok
test_preanchor_late_income_is_not_new_income (test_review_followup.ReviewFollowup.test_preanchor_late_income_is_not_new_income) ... ok
test_session_backup_rotates_and_failure_keeps_original (test_review_followup.ReviewFollowup.test_session_backup_rotates_and_failure_keeps_original) ... ok
test_adoption_needs_both_splits_and_a_real_margin (test_robustness.AnalysisTests.test_adoption_needs_both_splits_and_a_real_margin) ... ok
test_deflated_sharpe_falls_with_more_trials (test_robustness.AnalysisTests.test_deflated_sharpe_falls_with_more_trials) ... ok
test_growth_is_the_geometric_mean_of_block_growth (test_robustness.AnalysisTests.test_growth_is_the_geometric_mean_of_block_growth) ... ok
test_a_block_uses_only_its_frozen_sessions_and_never_the_official_name (test_robustness.BlockTests.test_a_block_uses_only_its_frozen_sessions_and_never_the_official_name) ... /usr/lib/python3.13/csv.py:186: ResourceWarning: unclosed database in <sqlite3.Connection object at 0x7f6dabefb790>
  d = dict(zip(self.fieldnames, row))
ResourceWarning: Enable tracemalloc to get the object allocation traceback
/usr/lib/python3.13/csv.py:186: ResourceWarning: unclosed database in <sqlite3.Connection object at 0x7f6dab849b70>
  d = dict(zip(self.fieldnames, row))
ResourceWarning: Enable tracemalloc to get the object allocation traceback
ok
test_a_window_outside_the_frozen_range_is_refused (test_robustness.BlockTests.test_a_window_outside_the_frozen_range_is_refused) ... ok
test_knobs_apply_and_are_restored (test_robustness.BlockTests.test_knobs_apply_and_are_restored) ... ok
test_missing_prints_fall_back_to_the_official_mark_minute (test_robustness.FinalMarkTests.test_missing_prints_fall_back_to_the_official_mark_minute) ... ok
test_atr_window_and_impulse_threshold (test_robustness.KnobTests.test_atr_window_and_impulse_threshold) ... ok
test_defaults_are_the_frozen_model (test_robustness.KnobTests.test_defaults_are_the_frozen_model) ... ok
test_life_bars (test_robustness.KnobTests.test_life_bars) ... ok
test_retrace_moves_the_stop (test_robustness.KnobTests.test_retrace_moves_the_stop) ... ok
test_a_failing_stress_vetoes_the_chosen_value_but_missing_stress_does_not (test_robustness.RiskSelectionTests.test_a_failing_stress_vetoes_the_chosen_value_but_missing_stress_does_not) ... ok
test_isolated_point_is_a_spike_and_nothing_qualifying_keeps_six (test_robustness.RiskSelectionTests.test_isolated_point_is_a_spike_and_nothing_qualifying_keeps_six) ... ok
test_plateau_and_buffer_decide (test_robustness.RiskSelectionTests.test_plateau_and_buffer_decide) ... ok
test_update_time_moves_only_when_the_account_changes (test_robustness.UpdateTimeTests.test_update_time_moves_only_when_the_account_changes) ... ok
test_cancel_timeout_does_not_get_new_identity_on_each_poll (test_session.SessionTests.test_cancel_timeout_does_not_get_new_identity_on_each_poll) ... ok
test_complete_native_tape_replays_identical_requests_and_decisions (test_session.SessionTests.test_complete_native_tape_replays_identical_requests_and_decisions) ... ok
test_config_has_one_schema_and_bounded_time (test_session.SessionTests.test_config_has_one_schema_and_bounded_time) ... ok
test_deadline_during_preflight_prevents_new_entry (test_session.SessionTests.test_deadline_during_preflight_prevents_new_entry) ... ok
test_disconnection_never_infers_flat_or_successful_cleanup (test_session.SessionTests.test_disconnection_never_infers_flat_or_successful_cleanup) ... ok
test_external_fill_prevents_strategy_or_cleanup_position_changes (test_session.SessionTests.test_external_fill_prevents_strategy_or_cleanup_position_changes) ... ok
test_failed_protection_attempts_reduce_only_and_reports_unknown (test_session.SessionTests.test_failed_protection_attempts_reduce_only_and_reports_unknown) ... ok
test_finite_long_entry_hold_and_offline_protection (test_session.SessionTests.test_finite_long_entry_hold_and_offline_protection) ... ok
test_keyboard_interrupt_finishes_owned_protection (test_session.SessionTests.test_keyboard_interrupt_finishes_owned_protection) ... ok
test_later_session_never_tops_up_an_earlier_entry (test_session.SessionTests.test_later_session_never_tops_up_an_earlier_entry) ... ok
test_lost_active_stop_readback_resumes_missing_take_after_restart (test_session.SessionTests.test_lost_active_stop_readback_resumes_missing_take_after_restart) ... ok
test_macro_entry_restart_and_false_state_reduce_same_owned_position (test_session.SessionTests.test_macro_entry_restart_and_false_state_reduce_same_owned_position) ... ok
test_margin_transfer_past_the_deadline_sends_no_add (test_session.SessionTests.test_margin_transfer_past_the_deadline_sends_no_add) ... ok
test_negative_impulse_does_not_enter_in_promoted_long_only_model (test_session.SessionTests.test_negative_impulse_does_not_enter_in_promoted_long_only_model) ... ok
test_partial_fill_protects_actual_size_then_tops_up_under_same_protection (test_session.SessionTests.test_partial_fill_protects_actual_size_then_tops_up_under_same_protection) ... ok
test_protection_amendment_keeps_old_until_new_pair_confirmed (test_session.SessionTests.test_protection_amendment_keeps_old_until_new_pair_confirmed) ... ok
test_read_only_runs_repeatedly_without_orders (test_session.SessionTests.test_read_only_runs_repeatedly_without_orders) ... ok
test_real_transport_and_budget_complete_entry_protection_and_cleanup (test_session.SessionTests.test_real_transport_and_budget_complete_entry_protection_and_cleanup) ... ok
test_restart_retains_position_and_does_not_reenter (test_session.SessionTests.test_restart_retains_position_and_does_not_reenter) ... ok
test_retired_protection_history_can_expire_without_blocking_position (test_session.SessionTests.test_retired_protection_history_can_expire_without_blocking_position) ... ok
test_signal_expiry_closes_without_same_cycle_reversal (test_session.SessionTests.test_signal_expiry_closes_without_same_cycle_reversal) ... ok
test_stale_mark_time_cannot_mix_previous_exit_with_new_entry (test_session.SessionTests.test_stale_mark_time_cannot_mix_previous_exit_with_new_entry) ... ok
test_terminal_partial_exit_reduces_only_remaining_on_next_cycle (test_session.SessionTests.test_terminal_partial_exit_reduces_only_remaining_on_next_cycle) ... ok
test_timeout_after_fill_recovers_without_duplicate (test_session.SessionTests.test_timeout_after_fill_recovers_without_duplicate) ... ok
test_unavailable_cashflow_audit_blocks_top_up_before_it_is_sent (test_session.SessionTests.test_unavailable_cashflow_audit_blocks_top_up_before_it_is_sent) ... ok
test_unknown_entry_never_resends_even_after_restart (test_session.SessionTests.test_unknown_entry_never_resends_even_after_restart) ... ok
test_unsent_exit_can_shrink_after_native_protection_reduction (test_session.SessionTests.test_unsent_exit_can_shrink_after_native_protection_reduction) ... ok
test_verified_flat_finalizes_abandoned_replacement_journal (test_session.SessionTests.test_verified_flat_finalizes_abandoned_replacement_journal) ... ok
test_zero_fill_retries_archive_terminal_entries (test_session.SessionTests.test_zero_fill_retries_archive_terminal_entries) ... ok
test_intraminute_high_before_a_fall_is_a_peak (test_session_history.EnvelopePeakTests.test_intraminute_high_before_a_fall_is_a_peak) ... ok
test_missing_mark_minute_forfeits_the_isolated_wallet_or_flags_hindsight (test_session_history.EnvelopePeakTests.test_missing_mark_minute_forfeits_the_isolated_wallet_or_flags_hindsight) ... ok
test_fill_after_funding_settlement_pays_no_funding (test_session_history.IntraminuteEventTests.test_fill_after_funding_settlement_pays_no_funding) ... ok
test_funding_without_its_official_mark_is_unknown_not_the_entry_price (test_session_history.IntraminuteEventTests.test_funding_without_its_official_mark_is_unknown_not_the_entry_price) ... ok
test_overlapping_replacement_stops_fire_the_more_protective_leg (test_session_history.IntraminuteEventTests.test_overlapping_replacement_stops_fire_the_more_protective_leg) ... ok
test_print_path_drawdown_does_not_depend_on_polling_steps (test_session_history.IntraminuteEventTests.test_print_path_drawdown_does_not_depend_on_polling_steps) ... ok
test_print_path_peak_counts_before_the_stop (test_session_history.IntraminuteEventTests.test_print_path_peak_counts_before_the_stop) ... ok
test_protection_that_would_trigger_immediately_and_bad_margin_are_refused_natively (test_session_history.IntraminuteEventTests.test_protection_that_would_trigger_immediately_and_bad_margin_are_refused_natively) ... ok
test_stop_found_while_settling_an_add_drops_the_rest (test_session_history.IntraminuteEventTests.test_stop_found_while_settling_an_add_drops_the_rest) ... ok
test_stop_inside_the_minute_precedes_a_later_client_close (test_session_history.IntraminuteEventTests.test_stop_inside_the_minute_precedes_a_later_client_close) ... ok
test_unordered_official_minute_applies_the_adverse_stop_before_a_close (test_session_history.IntraminuteEventTests.test_unordered_official_minute_applies_the_adverse_stop_before_a_close) ... ok
test_cold_start_consumes_the_already_active_impulse (test_session_history.SessionHistoryTests.test_cold_start_consumes_the_already_active_impulse) ... ok
test_exchange_stop_between_sessions_is_not_a_client_order (test_session_history.SessionHistoryTests.test_exchange_stop_between_sessions_is_not_a_client_order) ... ok
test_ioc_fill_is_booked_at_its_print_and_answered_after_the_window (test_session_history.SessionHistoryTests.test_ioc_fill_is_booked_at_its_print_and_answered_after_the_window) ... ok
test_missing_prints_block_observation_before_any_order (test_session_history.SessionHistoryTests.test_missing_prints_block_observation_before_any_order) ... ok
test_schedule_module_does_not_hand_future_starts_to_the_exchange (test_session_history.SessionHistoryTests.test_schedule_module_does_not_hand_future_starts_to_the_exchange) ... ok
test_trade_print_window_fills_at_the_limit (test_session_history.SessionHistoryTests.test_trade_print_window_fills_at_the_limit) ... ok
test_unresolved_ioc_retries_without_a_fill (test_session_history.SessionHistoryTests.test_unresolved_ioc_retries_without_a_fill) ... ok
test_warmup_hours_make_aligned_four_hour_bars (test_session_history.SessionHistoryTests.test_warmup_hours_make_aligned_four_hour_bars) ... ok
test_crossed_long_liquidation_price_is_not_a_positive_buffer (test_snapshot_export.SnapshotExportTests.test_crossed_long_liquidation_price_is_not_a_positive_buffer) ... ok
test_flat_account_has_no_liquidation_buffer_or_extra_collateral (test_snapshot_export.SnapshotExportTests.test_flat_account_has_no_liquidation_buffer_or_extra_collateral) ... ok
test_reversed_collection_clock_is_unknown (test_snapshot_export.SnapshotExportTests.test_reversed_collection_clock_is_unknown) ... ok
test_short_export_includes_unrealized_pnl_once (test_snapshot_export.SnapshotExportTests.test_short_export_includes_unrealized_pnl_once) ... ok
test_uid_stale_mark_and_slow_collection_are_unknown (test_snapshot_export.SnapshotExportTests.test_uid_stale_mark_and_slow_collection_are_unknown) ... ok
test_contract_stop_does_not_use_mark_trigger_and_survives_stopped_process (test_star_session.SharedPeerTests.test_contract_stop_does_not_use_mark_trigger_and_survives_stopped_process) ... ok
test_peer_transport_preserves_market_and_contract_price_shapes (test_star_session.SharedPeerTests.test_peer_transport_preserves_market_and_contract_price_shapes) ... ok
test_short_partial_market_fill_and_add_keep_cash_identity (test_star_session.SharedPeerTests.test_short_partial_market_fill_and_add_keep_cash_identity) ... ok
test_atomic_report (test_state.StateTests.test_atomic_report) ... ok
test_crash_recovery_does_not_duplicate_or_overwrite_intents (test_state.StateTests.test_crash_recovery_does_not_duplicate_or_overwrite_intents) ... ok
test_deterministic_id_scope (test_state.StateTests.test_deterministic_id_scope) ... ok
test_exclusion_survives_database_commits (test_state.StateTests.test_exclusion_survives_database_commits) ... ok
test_state_directory_keeps_its_identity (test_state.StateTests.test_state_directory_keeps_its_identity) ... ok
test_damaged_database_blocks_instead_of_starting_empty (test_state.StateUpgradeAndRetention.test_damaged_database_blocks_instead_of_starting_empty) ... ok
test_fresh_directory_needs_no_backup_and_newer_state_blocks (test_state.StateUpgradeAndRetention.test_fresh_directory_needs_no_backup_and_newer_state_blocks) ... ok
test_legacy_directory_is_backed_up_once_before_it_is_versioned (test_state.StateUpgradeAndRetention.test_legacy_directory_is_backed_up_once_before_it_is_versioned) ... ok
test_old_observations_move_to_an_archive_before_deletion (test_state.StateUpgradeAndRetention.test_old_observations_move_to_an_archive_before_deletion) ... ok
test_half_risk_applies_only_to_new_recovery_primary (test_upgrade_perp.RecoveryTests.test_half_risk_applies_only_to_new_recovery_primary) ... ok
test_owned_primary_is_not_replaced_by_recovery (test_upgrade_perp.RecoveryTests.test_owned_primary_is_not_replaced_by_recovery) ... ok
test_recovery_checkpoint_roundtrip_and_missing_history_rejection (test_upgrade_perp.RecoveryTests.test_recovery_checkpoint_roundtrip_and_missing_history_rejection) ... ok
test_recovery_needs_completed_trend_drawdown_and_bounce (test_upgrade_perp.RecoveryTests.test_recovery_needs_completed_trend_drawdown_and_bounce) ... ok
test_entry_budget_uses_the_venue_clock (test_virtual_clock.VirtualClockTests.test_entry_budget_uses_the_venue_clock) ... ok
test_injected_monotonic_is_not_the_wall_clock (test_virtual_clock.VirtualClockTests.test_injected_monotonic_is_not_the_wall_clock) ... ok
test_positive_submillisecond_wait_advances_virtual_venues (test_virtual_clock.VirtualClockTests.test_positive_submillisecond_wait_advances_virtual_venues) ... ok
test_rate_limit_cooldown_stays_on_the_injected_clock (test_virtual_clock.VirtualClockTests.test_rate_limit_cooldown_stays_on_the_injected_clock) ... ok

----------------------------------------------------------------------
Ran 447 tests in 6.796s

OK (skipped=5)
actual_exit: 0
