{"candidate": "atr-stop", "scenario": "fee150", "session": 0}
{"candidate": "atr-stop", "scenario": "fee150", "session": 100}
{"candidate": "atr-stop", "scenario": "fee150", "session": 200}
{"candidate": "atr-stop", "scenario": "fee150", "session": 300}
{"candidate": "atr-stop", "scenario": "fee150", "session": 400}
Traceback (most recent call last):
  File "<frozen runpy>", line 198, in _run_module_as_main
  File "<frozen runpy>", line 88, in _run_code
  File "/workspace/btc-alpha-beta-improve/spotquant/research/edge_spot.py", line 435, in <module>
    main()
  File "/workspace/btc-alpha-beta-improve/spotquant/research/edge_spot.py", line 412, in main
    row = measure(args.candidate, args.scenario, load_daily(market_root, END_MS, require_through=END_MS), starts,
          ^^^^^^^^^^^^^^^^^^^^^^^^^^^^^^^^^^^^^^^^^^^^^^^^^^^^^^^^^^^^^^^^^^^^^^^^^^^^^^^^^^^^^^^^^^^^^^^^^^^^^^^
  File "/workspace/btc-alpha-beta-improve/spotquant/research/edge_spot.py", line 355, in measure
    return complete.measure('atr-stop', scenario, bars, starts, fx, {}, limit=limit,
           ^^^^^^^^^^^^^^^^^^^^^^^^^^^^^^^^^^^^^^^^^^^^^^^^^^^^^^^^^^^^^^^^^^^^^^^^^
  File "/workspace/btc-alpha-beta-improve/spotquant/research/complete_spot.py", line 165, in measure
    report = session.run(config, venue, execute=True, monotonic=venue.monotonic, wait=venue.wait)
             ^^^^^^^^^^^^^^^^^^^^^^^^^^^^^^^^^^^^^^^^^^^^^^^^^^^^^^^^^^^^^^^^^^^^^^^^^^^^^^^^^^^^
  File "/workspace/btc-alpha-beta-improve/spotquant/spotquant/session.py", line 207, in run
    state.report(report)
  File "/workspace/btc-alpha-beta-improve/spotquant/spotquant/state.py", line 192, in report
    self.db.execute(
sqlite3.OperationalError: database or disk is full
