restored BTCUSDT-aggTrades-2020-01-01.zip
{"session": 0, "date": "2020-01-01T00:00:00Z", "failures": {}}
restored BTCUSDT-aggTrades-2020-01-02.zip
restored BTCUSDT-aggTrades-2020-01-03.zip
restored BTCUSDT-aggTrades-2020-01-05.zip
restored BTCUSDT-aggTrades-2020-01-10.zip
restored BTCUSDT-aggTrades-2020-01-14.zip
restored BTCUSDT-aggTrades-2020-01-21.zip
restored BTCUSDT-aggTrades-2020-01-23.zip
restored BTCUSDT-aggTrades-2020-01-24.zip
restored BTCUSDT-aggTrades-2020-01-25.zip
restored BTCUSDT-aggTrades-2020-01-28.zip
{"session": 10, "date": "2020-01-28T04:00:00Z", "failures": {}}
restored BTCUSDT-aggTrades-2020-01-31.zip
restored BTCUSDT-aggTrades-2020-02-02.zip
restored BTCUSDT-aggTrades-2020-02-06.zip
restored BTCUSDT-aggTrades-2020-02-09.zip
restored BTCUSDT-aggTrades-2020-02-11.zip
restored BTCUSDT-aggTrades-2020-02-13.zip
restored BTCUSDT-aggTrades-2020-02-12.zip
restored BTCUSDT-aggTrades-2020-02-18.zip
restored BTCUSDT-aggTrades-2020-02-19.zip
restored BTCUSDT-aggTrades-2020-02-20.zip
{"session": 20, "date": "2020-02-20T10:00:00Z", "failures": {}}
restored BTCUSDT-aggTrades-2020-02-21.zip
restored BTCUSDT-aggTrades-2020-02-26.zip
restored BTCUSDT-aggTrades-2020-02-28.zip
restored BTCUSDT-aggTrades-2020-03-02.zip
restored BTCUSDT-aggTrades-2020-03-05.zip
restored BTCUSDT-aggTrades-2020-03-11.zip
restored BTCUSDT-aggTrades-2020-03-16.zip
restored BTCUSDT-aggTrades-2020-03-20.zip
restored BTCUSDT-aggTrades-2020-03-21.zip
restored BTCUSDT-aggTrades-2020-03-28.zip
{"session": 30, "date": "2020-03-28T06:00:00Z", "failures": {}}
restored BTCUSDT-aggTrades-2020-03-29.zip
restored BTCUSDT-aggTrades-2020-03-31.zip
restored BTCUSDT-aggTrades-2020-04-01.zip
restored BTCUSDT-aggTrades-2020-04-05.zip
restored BTCUSDT-aggTrades-2020-04-08.zip
restored BTCUSDT-aggTrades-2020-04-11.zip
restored BTCUSDT-aggTrades-2020-04-13.zip
restored BTCUSDT-aggTrades-2020-04-20.zip
restored BTCUSDT-aggTrades-2020-04-23.zip
restored BTCUSDT-aggTrades-2020-04-29.zip
{"session": 40, "date": "2020-04-29T12:00:00Z", "failures": {}}
restored BTCUSDT-aggTrades-2020-04-30.zip
restored BTCUSDT-aggTrades-2020-05-07.zip
restored BTCUSDT-aggTrades-2020-05-08.zip
restored BTCUSDT-aggTrades-2020-05-11.zip
restored BTCUSDT-aggTrades-2020-05-18.zip
restored BTCUSDT-aggTrades-2020-05-17.zip
restored BTCUSDT-aggTrades-2020-05-19.zip
restored BTCUSDT-aggTrades-2020-05-20.zip
restored BTCUSDT-aggTrades-2020-05-21.zip
restored BTCUSDT-aggTrades-2020-05-28.zip
{"session": 50, "date": "2020-05-28T04:00:00Z", "failures": {}}
restored BTCUSDT-aggTrades-2020-06-01.zip
restored BTCUSDT-aggTrades-2020-06-06.zip
restored BTCUSDT-aggTrades-2020-06-07.zip
restored BTCUSDT-aggTrades-2020-06-09.zip
restored BTCUSDT-aggTrades-2020-06-10.zip
restored BTCUSDT-aggTrades-2020-06-16.zip
restored BTCUSDT-aggTrades-2020-06-19.zip
restored BTCUSDT-aggTrades-2020-06-21.zip
restored BTCUSDT-aggTrades-2020-06-22.zip
{"session": 60, "date": "2020-06-22T00:00:00Z", "failures": {}}
restored BTCUSDT-aggTrades-2020-06-26.zip
restored BTCUSDT-aggTrades-2020-07-02.zip
restored BTCUSDT-aggTrades-2020-07-05.zip
restored BTCUSDT-aggTrades-2020-07-07.zip
restored BTCUSDT-aggTrades-2020-07-09.zip
restored BTCUSDT-aggTrades-2020-07-15.zip
restored BTCUSDT-aggTrades-2020-07-16.zip
restored BTCUSDT-aggTrades-2020-07-17.zip
restored BTCUSDT-aggTrades-2020-07-21.zip
{"session": 70, "date": "2020-07-21T16:00:00Z", "failures": {}}
restored BTCUSDT-aggTrades-2020-07-26.zip
restored BTCUSDT-aggTrades-2020-07-27.zip
restored BTCUSDT-aggTrades-2020-07-31.zip
restored BTCUSDT-aggTrades-2020-08-06.zip
restored BTCUSDT-aggTrades-2020-08-07.zip
restored BTCUSDT-aggTrades-2020-08-08.zip
restored BTCUSDT-aggTrades-2020-08-12.zip
restored BTCUSDT-aggTrades-2020-08-14.zip
restored BTCUSDT-aggTrades-2020-08-20.zip
restored BTCUSDT-aggTrades-2020-08-21.zip
{"session": 80, "date": "2020-08-21T08:00:00Z", "failures": {}}
restored BTCUSDT-aggTrades-2020-08-27.zip
restored BTCUSDT-aggTrades-2020-08-30.zip
restored BTCUSDT-aggTrades-2020-09-01.zip
restored BTCUSDT-aggTrades-2020-09-04.zip
restored BTCUSDT-aggTrades-2020-09-05.zip
restored BTCUSDT-aggTrades-2020-09-10.zip
restored BTCUSDT-aggTrades-2020-09-12.zip
restored BTCUSDT-aggTrades-2020-09-17.zip
restored BTCUSDT-aggTrades-2020-09-18.zip
restored BTCUSDT-aggTrades-2020-09-20.zip
{"session": 90, "date": "2020-09-20T06:00:00Z", "failures": {}}
restored BTCUSDT-aggTrades-2020-09-22.zip
restored BTCUSDT-aggTrades-2020-09-23.zip
restored BTCUSDT-aggTrades-2020-09-25.zip
restored BTCUSDT-aggTrades-2020-10-01.zip
restored BTCUSDT-aggTrades-2020-10-02.zip
restored BTCUSDT-aggTrades-2020-10-03.zip
restored BTCUSDT-aggTrades-2020-10-04.zip
restored BTCUSDT-aggTrades-2020-10-09.zip
restored BTCUSDT-aggTrades-2020-10-11.zip
restored BTCUSDT-aggTrades-2020-10-15.zip
{"session": 100, "date": "2020-10-15T16:00:00Z", "failures": {}}
restored BTCUSDT-aggTrades-2020-10-20.zip
restored BTCUSDT-aggTrades-2020-10-24.zip
restored BTCUSDT-aggTrades-2020-10-31.zip
restored BTCUSDT-aggTrades-2020-11-03.zip
restored BTCUSDT-aggTrades-2020-11-09.zip
restored BTCUSDT-aggTrades-2020-11-10.zip
restored BTCUSDT-aggTrades-2020-11-11.zip
restored BTCUSDT-aggTrades-2020-11-13.zip
restored BTCUSDT-aggTrades-2020-11-19.zip
restored BTCUSDT-aggTrades-2020-11-21.zip
{"session": 110, "date": "2020-11-21T00:00:00Z", "failures": {}}
restored BTCUSDT-aggTrades-2020-11-25.zip
restored BTCUSDT-aggTrades-2020-11-27.zip
restored BTCUSDT-aggTrades-2020-11-28.zip
restored BTCUSDT-aggTrades-2020-11-29.zip
restored BTCUSDT-aggTrades-2020-12-04.zip
restored BTCUSDT-aggTrades-2020-12-05.zip
restored BTCUSDT-aggTrades-2020-12-12.zip
restored BTCUSDT-aggTrades-2020-12-18.zip
restored BTCUSDT-aggTrades-2020-12-21.zip
{"session": 120, "date": "2020-12-21T08:00:00Z", "failures": {}}
restored BTCUSDT-aggTrades-2020-12-25.zip
restored BTCUSDT-aggTrades-2020-12-28.zip
restored BTCUSDT-aggTrades-2021-01-02.zip
restored BTCUSDT-aggTrades-2021-01-07.zip
restored BTCUSDT-aggTrades-2021-01-09.zip
restored BTCUSDT-aggTrades-2021-01-11.zip
restored BTCUSDT-aggTrades-2021-01-14.zip
restored BTCUSDT-aggTrades-2021-01-18.zip
restored BTCUSDT-aggTrades-2021-01-19.zip
{"session": 130, "date": "2021-01-19T10:00:00Z", "failures": {}}
restored BTCUSDT-aggTrades-2021-01-25.zip
restored BTCUSDT-aggTrades-2021-01-30.zip
restored BTCUSDT-aggTrades-2021-02-02.zip
restored BTCUSDT-aggTrades-2021-02-06.zip
restored BTCUSDT-aggTrades-2021-02-07.zip
restored BTCUSDT-aggTrades-2021-02-10.zip
restored BTCUSDT-aggTrades-2021-02-12.zip
restored BTCUSDT-aggTrades-2021-02-14.zip
restored BTCUSDT-aggTrades-2021-02-19.zip
{"session": 140, "date": "2021-02-19T22:00:00Z", "failures": {}}
restored BTCUSDT-aggTrades-2021-02-26.zip
restored BTCUSDT-aggTrades-2021-03-01.zip
restored BTCUSDT-aggTrades-2021-03-07.zip
restored BTCUSDT-aggTrades-2021-03-09.zip
restored BTCUSDT-aggTrades-2021-03-11.zip
restored BTCUSDT-aggTrades-2021-03-17.zip
restored BTCUSDT-aggTrades-2021-03-20.zip
restored BTCUSDT-aggTrades-2021-03-25.zip
restored BTCUSDT-aggTrades-2021-03-28.zip
restored BTCUSDT-aggTrades-2021-03-29.zip
{"session": 150, "date": "2021-03-29T04:00:00Z", "failures": {}}
restored BTCUSDT-aggTrades-2021-04-01.zip
restored BTCUSDT-aggTrades-2021-04-03.zip
restored BTCUSDT-aggTrades-2021-04-05.zip
restored BTCUSDT-aggTrades-2021-04-06.zip
restored BTCUSDT-aggTrades-2021-04-10.zip
restored BTCUSDT-aggTrades-2021-04-15.zip
restored BTCUSDT-aggTrades-2021-04-20.zip
restored BTCUSDT-aggTrades-2021-04-26.zip
restored BTCUSDT-aggTrades-2021-05-02.zip
restored BTCUSDT-aggTrades-2021-05-08.zip
{"session": 160, "date": "2021-05-08T22:00:00Z", "failures": {}}
restored BTCUSDT-aggTrades-2021-05-11.zip
restored BTCUSDT-aggTrades-2021-05-13.zip
restored BTCUSDT-aggTrades-2021-05-15.zip
restored BTCUSDT-aggTrades-2021-05-21.zip
restored BTCUSDT-aggTrades-2021-05-27.zip
restored BTCUSDT-aggTrades-2021-05-30.zip
restored BTCUSDT-aggTrades-2021-06-04.zip
restored BTCUSDT-aggTrades-2021-06-05.zip
restored BTCUSDT-aggTrades-2021-06-07.zip
{"session": 170, "date": "2021-06-07T06:00:00Z", "failures": {}}
restored BTCUSDT-aggTrades-2021-06-13.zip
restored BTCUSDT-aggTrades-2021-06-19.zip
restored BTCUSDT-aggTrades-2021-06-26.zip
restored BTCUSDT-aggTrades-2021-06-30.zip
restored BTCUSDT-aggTrades-2021-07-03.zip
restored BTCUSDT-aggTrades-2021-07-10.zip
restored BTCUSDT-aggTrades-2021-07-13.zip
restored BTCUSDT-aggTrades-2021-07-17.zip
restored BTCUSDT-aggTrades-2021-07-18.zip
restored BTCUSDT-aggTrades-2021-07-23.zip
{"session": 180, "date": "2021-07-23T10:00:00Z", "failures": {}}
restored BTCUSDT-aggTrades-2021-07-26.zip
restored BTCUSDT-aggTrades-2021-07-28.zip
restored BTCUSDT-aggTrades-2021-07-31.zip
restored BTCUSDT-aggTrades-2021-08-02.zip
restored BTCUSDT-aggTrades-2021-08-05.zip
restored BTCUSDT-aggTrades-2021-08-06.zip
restored BTCUSDT-aggTrades-2021-08-08.zip
restored BTCUSDT-aggTrades-2021-08-13.zip
restored BTCUSDT-aggTrades-2021-08-15.zip
restored BTCUSDT-aggTrades-2021-08-17.zip
{"session": 190, "date": "2021-08-17T04:00:00Z", "failures": {}}
restored BTCUSDT-aggTrades-2021-08-20.zip
restored BTCUSDT-aggTrades-2021-08-24.zip
restored BTCUSDT-aggTrades-2021-08-31.zip
restored BTCUSDT-aggTrades-2021-09-06.zip
restored BTCUSDT-aggTrades-2021-09-07.zip
restored BTCUSDT-aggTrades-2021-09-14.zip
restored BTCUSDT-aggTrades-2021-09-15.zip
restored BTCUSDT-aggTrades-2021-09-16.zip
{"session": 200, "date": "2021-09-16T14:00:00Z", "failures": {}}
restored BTCUSDT-aggTrades-2021-09-17.zip
restored BTCUSDT-aggTrades-2021-09-18.zip
restored BTCUSDT-aggTrades-2021-09-24.zip
restored BTCUSDT-aggTrades-2021-09-26.zip
restored BTCUSDT-aggTrades-2021-09-29.zip
restored BTCUSDT-aggTrades-2021-09-30.zip
restored BTCUSDT-aggTrades-2021-10-02.zip
restored BTCUSDT-aggTrades-2021-10-05.zip
restored BTCUSDT-aggTrades-2021-10-06.zip
restored BTCUSDT-aggTrades-2021-10-09.zip
{"session": 210, "date": "2021-10-09T10:00:00Z", "failures": {}}
restored BTCUSDT-aggTrades-2021-10-15.zip
restored BTCUSDT-aggTrades-2021-10-22.zip
restored BTCUSDT-aggTrades-2021-10-29.zip
restored BTCUSDT-aggTrades-2021-11-02.zip
restored BTCUSDT-aggTrades-2021-11-05.zip
restored BTCUSDT-aggTrades-2021-11-07.zip
restored BTCUSDT-aggTrades-2021-11-10.zip
restored BTCUSDT-aggTrades-2021-11-11.zip
restored BTCUSDT-aggTrades-2021-11-17.zip
{"session": 220, "date": "2021-11-17T18:00:00Z", "failures": {}}
restored BTCUSDT-aggTrades-2021-11-19.zip
restored BTCUSDT-aggTrades-2021-11-24.zip
restored BTCUSDT-aggTrades-2021-11-26.zip
restored BTCUSDT-aggTrades-2021-12-02.zip
restored BTCUSDT-aggTrades-2021-12-03.zip
restored BTCUSDT-aggTrades-2021-12-04.zip
restored BTCUSDT-aggTrades-2021-12-09.zip
restored BTCUSDT-aggTrades-2021-12-13.zip
restored BTCUSDT-aggTrades-2021-12-15.zip
restored BTCUSDT-aggTrades-2021-12-20.zip
{"session": 230, "date": "2021-12-20T04:00:00Z", "failures": {}}
restored BTCUSDT-aggTrades-2021-12-23.zip
restored BTCUSDT-aggTrades-2021-12-26.zip
restored BTCUSDT-aggTrades-2021-12-28.zip
restored BTCUSDT-aggTrades-2021-12-29.zip
restored BTCUSDT-aggTrades-2022-01-03.zip
restored BTCUSDT-aggTrades-2022-01-07.zip
restored BTCUSDT-aggTrades-2022-01-13.zip
restored BTCUSDT-aggTrades-2022-01-18.zip
restored BTCUSDT-aggTrades-2022-01-20.zip
restored BTCUSDT-aggTrades-2022-01-24.zip
{"session": 240, "date": "2022-01-24T22:00:00Z", "failures": {}}
restored BTCUSDT-aggTrades-2022-01-25.zip
restored BTCUSDT-aggTrades-2022-01-27.zip
restored BTCUSDT-aggTrades-2022-01-30.zip
restored BTCUSDT-aggTrades-2022-02-04.zip
restored BTCUSDT-aggTrades-2022-02-10.zip
restored BTCUSDT-aggTrades-2022-02-11.zip
restored BTCUSDT-aggTrades-2022-02-15.zip
restored BTCUSDT-aggTrades-2022-02-16.zip
restored BTCUSDT-aggTrades-2022-02-18.zip
restored BTCUSDT-aggTrades-2022-02-20.zip
{"session": 250, "date": "2022-02-20T14:00:00Z", "failures": {}}
restored BTCUSDT-aggTrades-2022-02-21.zip
restored BTCUSDT-aggTrades-2022-02-28.zip
restored BTCUSDT-aggTrades-2022-03-03.zip
restored BTCUSDT-aggTrades-2022-03-04.zip
restored BTCUSDT-aggTrades-2022-03-05.zip
restored BTCUSDT-aggTrades-2022-03-06.zip
restored BTCUSDT-aggTrades-2022-03-12.zip
restored BTCUSDT-aggTrades-2022-03-16.zip
restored BTCUSDT-aggTrades-2022-03-18.zip
restored BTCUSDT-aggTrades-2022-03-23.zip
{"session": 260, "date": "2022-03-23T10:00:00Z", "failures": {}}
restored BTCUSDT-aggTrades-2022-03-29.zip
restored BTCUSDT-aggTrades-2022-04-01.zip
restored BTCUSDT-aggTrades-2022-04-04.zip
restored BTCUSDT-aggTrades-2022-04-11.zip
restored BTCUSDT-aggTrades-2022-04-17.zip
restored BTCUSDT-aggTrades-2022-04-18.zip
restored BTCUSDT-aggTrades-2022-04-24.zip
restored BTCUSDT-aggTrades-2022-04-29.zip
restored BTCUSDT-aggTrades-2022-05-02.zip
restored BTCUSDT-aggTrades-2022-05-04.zip
{"session": 270, "date": "2022-05-04T12:00:00Z", "failures": {}}
restored BTCUSDT-aggTrades-2022-05-10.zip
restored BTCUSDT-aggTrades-2022-05-11.zip
restored BTCUSDT-aggTrades-2022-05-16.zip
restored BTCUSDT-aggTrades-2022-05-17.zip
restored BTCUSDT-aggTrades-2022-05-20.zip
restored BTCUSDT-aggTrades-2022-05-27.zip
restored BTCUSDT-aggTrades-2022-05-31.zip
restored BTCUSDT-aggTrades-2022-06-03.zip
restored BTCUSDT-aggTrades-2022-06-08.zip
{"session": 280, "date": "2022-06-08T04:00:00Z", "failures": {}}
restored BTCUSDT-aggTrades-2022-06-13.zip
restored BTCUSDT-aggTrades-2022-06-16.zip
restored BTCUSDT-aggTrades-2022-06-21.zip
restored BTCUSDT-aggTrades-2022-06-25.zip
restored BTCUSDT-aggTrades-2022-06-26.zip
restored BTCUSDT-aggTrades-2022-06-28.zip
restored BTCUSDT-aggTrades-2022-06-29.zip
Traceback (most recent call last):
  File "/workspace/btc-alpha-beta-next/coinquant/coinquant/state.py", line 80, in __enter__
    fcntl.flock(self.account_lock, fcntl.LOCK_EX | fcntl.LOCK_NB)
BlockingIOError: [Errno 11] Resource temporarily unavailable

The above exception was the direct cause of the following exception:

Traceback (most recent call last):
  File "<frozen runpy>", line 198, in _run_module_as_main
  File "<frozen runpy>", line 88, in _run_code
  File "/workspace/btc-alpha-beta-next/coinquant/research/alpha_perp.py", line 486, in <module>
    raise SystemExit(main())
                     ^^^^^^
  File "/workspace/btc-alpha-beta-next/coinquant/research/alpha_perp.py", line 476, in main
    output = measure(args)
             ^^^^^^^^^^^^^
  File "/workspace/btc-alpha-beta-next/coinquant/research/alpha_perp.py", line 407, in measure
    output = meter.measure(shared)
             ^^^^^^^^^^^^^^^^^^^^^
  File "/workspace/btc-alpha-beta-next/coinquant/research/complete_perp.py", line 335, in measure
    report = run(Config(str(e.uid), str(c['state']), 300, 5), e,
             ^^^^^^^^^^^^^^^^^^^^^^^^^^^^^^^^^^^^^^^^^^^^^^^^^^^
  File "/workspace/btc-alpha-beta-next/coinquant/research/alpha_perp.py", line 395, in run
    report = original_run(config, exchange, **kwargs)
             ^^^^^^^^^^^^^^^^^^^^^^^^^^^^^^^^^^^^^^^^
  File "/workspace/btc-alpha-beta-next/coinquant/coinquant/session.py", line 122, in run
    with State(config.state_dir,config.scope) as state:
         ^^^^^^^^^^^^^^^^^^^^^^^^^^^^^^^^^^^^
  File "/workspace/btc-alpha-beta-next/coinquant/coinquant/state.py", line 107, in __enter__
    raise Blocked('state unavailable or another run holds the execution lock') from exc
coinquant.types.Blocked: state unavailable or another run holds the execution lock
