restored BTCUSDT-aggTrades-2020-01-01.zip
{"session": 0, "date": "2020-01-01T00:00:00Z", "failures": {}}
restored BTCUSDT-aggTrades-2020-01-02.zip
restored BTCUSDT-aggTrades-2020-01-03.zip
restored BTCUSDT-aggTrades-2020-01-05.zip
restored BTCUSDT-aggTrades-2020-01-10.zip
restored BTCUSDT-aggTrades-2020-01-14.zip
restored BTCUSDT-aggTrades-2020-01-21.zip
restored BTCUSDT-aggTrades-2020-01-23.zip
restored BTCUSDT-aggTrades-2020-01-24.zip
restored BTCUSDT-aggTrades-2020-01-25.zip
restored BTCUSDT-aggTrades-2020-01-28.zip
{"session": 10, "date": "2020-01-28T04:00:00Z", "failures": {}}
restored BTCUSDT-aggTrades-2020-01-31.zip
restored BTCUSDT-aggTrades-2020-02-02.zip
restored BTCUSDT-aggTrades-2020-02-06.zip
restored BTCUSDT-aggTrades-2020-02-09.zip
restored BTCUSDT-aggTrades-2020-02-11.zip
restored BTCUSDT-aggTrades-2020-02-13.zip
restored BTCUSDT-aggTrades-2020-02-12.zip
restored BTCUSDT-aggTrades-2020-02-18.zip
restored BTCUSDT-aggTrades-2020-02-19.zip
restored BTCUSDT-aggTrades-2020-02-20.zip
{"session": 20, "date": "2020-02-20T10:00:00Z", "failures": {}}
restored BTCUSDT-aggTrades-2020-02-21.zip
restored BTCUSDT-aggTrades-2020-02-26.zip
restored BTCUSDT-aggTrades-2020-02-28.zip
restored BTCUSDT-aggTrades-2020-03-02.zip
restored BTCUSDT-aggTrades-2020-03-05.zip
restored BTCUSDT-aggTrades-2020-03-11.zip
restored BTCUSDT-aggTrades-2020-03-16.zip
restored BTCUSDT-aggTrades-2020-03-20.zip
restored BTCUSDT-aggTrades-2020-03-21.zip
restored BTCUSDT-aggTrades-2020-03-28.zip
{"session": 30, "date": "2020-03-28T06:00:00Z", "failures": {}}
restored BTCUSDT-aggTrades-2020-03-29.zip
restored BTCUSDT-aggTrades-2020-03-31.zip
restored BTCUSDT-aggTrades-2020-04-01.zip
restored BTCUSDT-aggTrades-2020-04-05.zip
restored BTCUSDT-aggTrades-2020-04-08.zip
restored BTCUSDT-aggTrades-2020-04-11.zip
restored BTCUSDT-aggTrades-2020-04-13.zip
restored BTCUSDT-aggTrades-2020-04-20.zip
restored BTCUSDT-aggTrades-2020-04-23.zip
restored BTCUSDT-aggTrades-2020-04-29.zip
{"session": 40, "date": "2020-04-29T12:00:00Z", "failures": {}}
restored BTCUSDT-aggTrades-2020-04-30.zip
restored BTCUSDT-aggTrades-2020-05-07.zip
restored BTCUSDT-aggTrades-2020-05-08.zip
restored BTCUSDT-aggTrades-2020-05-11.zip
restored BTCUSDT-aggTrades-2020-05-18.zip
restored BTCUSDT-aggTrades-2020-05-17.zip
restored BTCUSDT-aggTrades-2020-05-19.zip
restored BTCUSDT-aggTrades-2020-05-20.zip
restored BTCUSDT-aggTrades-2020-05-21.zip
restored BTCUSDT-aggTrades-2020-05-28.zip
{"session": 50, "date": "2020-05-28T04:00:00Z", "failures": {}}
restored BTCUSDT-aggTrades-2020-06-01.zip
restored BTCUSDT-aggTrades-2020-06-06.zip
restored BTCUSDT-aggTrades-2020-06-07.zip
restored BTCUSDT-aggTrades-2020-06-09.zip
restored BTCUSDT-aggTrades-2020-06-10.zip
restored BTCUSDT-aggTrades-2020-06-16.zip
restored BTCUSDT-aggTrades-2020-06-19.zip
restored BTCUSDT-aggTrades-2020-06-21.zip
restored BTCUSDT-aggTrades-2020-06-22.zip
{"session": 60, "date": "2020-06-22T00:00:00Z", "failures": {}}
restored BTCUSDT-aggTrades-2020-06-26.zip
restored BTCUSDT-aggTrades-2020-07-02.zip
restored BTCUSDT-aggTrades-2020-07-05.zip
restored BTCUSDT-aggTrades-2020-07-07.zip
restored BTCUSDT-aggTrades-2020-07-09.zip
restored BTCUSDT-aggTrades-2020-07-15.zip
restored BTCUSDT-aggTrades-2020-07-16.zip
restored BTCUSDT-aggTrades-2020-07-17.zip
restored BTCUSDT-aggTrades-2020-07-21.zip
{"session": 70, "date": "2020-07-21T16:00:00Z", "failures": {}}
restored BTCUSDT-aggTrades-2020-07-26.zip
restored BTCUSDT-aggTrades-2020-07-27.zip
restored BTCUSDT-aggTrades-2020-07-31.zip
restored BTCUSDT-aggTrades-2020-08-06.zip
restored BTCUSDT-aggTrades-2020-08-07.zip
restored BTCUSDT-aggTrades-2020-08-08.zip
restored BTCUSDT-aggTrades-2020-08-12.zip
restored BTCUSDT-aggTrades-2020-08-14.zip
restored BTCUSDT-aggTrades-2020-08-20.zip
restored BTCUSDT-aggTrades-2020-08-21.zip
{"session": 80, "date": "2020-08-21T08:00:00Z", "failures": {}}
restored BTCUSDT-aggTrades-2020-08-27.zip
restored BTCUSDT-aggTrades-2020-08-30.zip
restored BTCUSDT-aggTrades-2020-09-01.zip
restored BTCUSDT-aggTrades-2020-09-04.zip
restored BTCUSDT-aggTrades-2020-09-05.zip
restored BTCUSDT-aggTrades-2020-09-10.zip
restored BTCUSDT-aggTrades-2020-09-12.zip
restored BTCUSDT-aggTrades-2020-09-17.zip
restored BTCUSDT-aggTrades-2020-09-18.zip
restored BTCUSDT-aggTrades-2020-09-20.zip
{"session": 90, "date": "2020-09-20T06:00:00Z", "failures": {}}
restored BTCUSDT-aggTrades-2020-09-22.zip
restored BTCUSDT-aggTrades-2020-09-23.zip
restored BTCUSDT-aggTrades-2020-09-25.zip
restored BTCUSDT-aggTrades-2020-10-01.zip
restored BTCUSDT-aggTrades-2020-10-02.zip
restored BTCUSDT-aggTrades-2020-10-03.zip
restored BTCUSDT-aggTrades-2020-10-04.zip
restored BTCUSDT-aggTrades-2020-10-09.zip
restored BTCUSDT-aggTrades-2020-10-11.zip
restored BTCUSDT-aggTrades-2020-10-15.zip
{"session": 100, "date": "2020-10-15T16:00:00Z", "failures": {}}
restored BTCUSDT-aggTrades-2020-10-20.zip
restored BTCUSDT-aggTrades-2020-10-24.zip
restored BTCUSDT-aggTrades-2020-10-31.zip
restored BTCUSDT-aggTrades-2020-11-03.zip
restored BTCUSDT-aggTrades-2020-11-09.zip
restored BTCUSDT-aggTrades-2020-11-10.zip
restored BTCUSDT-aggTrades-2020-11-11.zip
restored BTCUSDT-aggTrades-2020-11-13.zip
restored BTCUSDT-aggTrades-2020-11-19.zip
restored BTCUSDT-aggTrades-2020-11-21.zip
{"session": 110, "date": "2020-11-21T00:00:00Z", "failures": {}}
restored BTCUSDT-aggTrades-2020-11-25.zip
restored BTCUSDT-aggTrades-2020-11-27.zip
restored BTCUSDT-aggTrades-2020-11-28.zip
restored BTCUSDT-aggTrades-2020-11-29.zip
restored BTCUSDT-aggTrades-2020-12-04.zip
restored BTCUSDT-aggTrades-2020-12-05.zip
restored BTCUSDT-aggTrades-2020-12-12.zip
restored BTCUSDT-aggTrades-2020-12-18.zip
restored BTCUSDT-aggTrades-2020-12-21.zip
{"session": 120, "date": "2020-12-21T08:00:00Z", "failures": {}}
restored BTCUSDT-aggTrades-2020-12-25.zip
restored BTCUSDT-aggTrades-2020-12-28.zip
restored BTCUSDT-aggTrades-2021-01-02.zip
restored BTCUSDT-aggTrades-2021-01-07.zip
restored BTCUSDT-aggTrades-2021-01-09.zip
restored BTCUSDT-aggTrades-2021-01-11.zip
restored BTCUSDT-aggTrades-2021-01-14.zip
restored BTCUSDT-aggTrades-2021-01-18.zip
restored BTCUSDT-aggTrades-2021-01-19.zip
{"session": 130, "date": "2021-01-19T10:00:00Z", "failures": {}}
restored BTCUSDT-aggTrades-2021-01-25.zip
restored BTCUSDT-aggTrades-2021-01-30.zip
restored BTCUSDT-aggTrades-2021-02-02.zip
restored BTCUSDT-aggTrades-2021-02-06.zip
restored BTCUSDT-aggTrades-2021-02-07.zip
restored BTCUSDT-aggTrades-2021-02-10.zip
restored BTCUSDT-aggTrades-2021-02-12.zip
restored BTCUSDT-aggTrades-2021-02-14.zip
restored BTCUSDT-aggTrades-2021-02-19.zip
{"session": 140, "date": "2021-02-19T22:00:00Z", "failures": {}}
restored BTCUSDT-aggTrades-2021-02-26.zip
restored BTCUSDT-aggTrades-2021-03-01.zip
restored BTCUSDT-aggTrades-2021-03-07.zip
restored BTCUSDT-aggTrades-2021-03-09.zip
restored BTCUSDT-aggTrades-2021-03-11.zip
restored BTCUSDT-aggTrades-2021-03-17.zip
restored BTCUSDT-aggTrades-2021-03-20.zip
restored BTCUSDT-aggTrades-2021-03-25.zip
restored BTCUSDT-aggTrades-2021-03-28.zip
restored BTCUSDT-aggTrades-2021-03-29.zip
{"session": 150, "date": "2021-03-29T04:00:00Z", "failures": {}}
restored BTCUSDT-aggTrades-2021-04-01.zip
restored BTCUSDT-aggTrades-2021-04-03.zip
restored BTCUSDT-aggTrades-2021-04-05.zip
restored BTCUSDT-aggTrades-2021-04-06.zip
restored BTCUSDT-aggTrades-2021-04-10.zip
restored BTCUSDT-aggTrades-2021-04-15.zip
restored BTCUSDT-aggTrades-2021-04-20.zip
restored BTCUSDT-aggTrades-2021-04-26.zip
restored BTCUSDT-aggTrades-2021-05-02.zip
restored BTCUSDT-aggTrades-2021-05-08.zip
{"session": 160, "date": "2021-05-08T22:00:00Z", "failures": {}}
restored BTCUSDT-aggTrades-2021-05-11.zip
restored BTCUSDT-aggTrades-2021-05-13.zip
restored BTCUSDT-aggTrades-2021-05-15.zip
restored BTCUSDT-aggTrades-2021-05-21.zip
restored BTCUSDT-aggTrades-2021-05-27.zip
restored BTCUSDT-aggTrades-2021-05-30.zip
restored BTCUSDT-aggTrades-2021-06-04.zip
restored BTCUSDT-aggTrades-2021-06-05.zip
restored BTCUSDT-aggTrades-2021-06-07.zip
{"session": 170, "date": "2021-06-07T06:00:00Z", "failures": {}}
restored BTCUSDT-aggTrades-2021-06-13.zip
restored BTCUSDT-aggTrades-2021-06-19.zip
restored BTCUSDT-aggTrades-2021-06-26.zip
restored BTCUSDT-aggTrades-2021-06-30.zip
restored BTCUSDT-aggTrades-2021-07-03.zip
restored BTCUSDT-aggTrades-2021-07-10.zip
restored BTCUSDT-aggTrades-2021-07-13.zip
restored BTCUSDT-aggTrades-2021-07-17.zip
restored BTCUSDT-aggTrades-2021-07-18.zip
restored BTCUSDT-aggTrades-2021-07-23.zip
{"session": 180, "date": "2021-07-23T10:00:00Z", "failures": {}}
restored BTCUSDT-aggTrades-2021-07-26.zip
restored BTCUSDT-aggTrades-2021-07-28.zip
restored BTCUSDT-aggTrades-2021-07-31.zip
restored BTCUSDT-aggTrades-2021-08-02.zip
restored BTCUSDT-aggTrades-2021-08-05.zip
restored BTCUSDT-aggTrades-2021-08-06.zip
restored BTCUSDT-aggTrades-2021-08-08.zip
restored BTCUSDT-aggTrades-2021-08-13.zip
restored BTCUSDT-aggTrades-2021-08-15.zip
restored BTCUSDT-aggTrades-2021-08-17.zip
{"session": 190, "date": "2021-08-17T04:00:00Z", "failures": {}}
restored BTCUSDT-aggTrades-2021-08-20.zip
restored BTCUSDT-aggTrades-2021-08-24.zip
restored BTCUSDT-aggTrades-2021-08-31.zip
restored BTCUSDT-aggTrades-2021-09-06.zip
restored BTCUSDT-aggTrades-2021-09-07.zip
restored BTCUSDT-aggTrades-2021-09-14.zip
restored BTCUSDT-aggTrades-2021-09-15.zip
restored BTCUSDT-aggTrades-2021-09-16.zip
{"session": 200, "date": "2021-09-16T14:00:00Z", "failures": {}}
restored BTCUSDT-aggTrades-2021-09-17.zip
restored BTCUSDT-aggTrades-2021-09-18.zip
restored BTCUSDT-aggTrades-2021-09-24.zip
restored BTCUSDT-aggTrades-2021-09-26.zip
restored BTCUSDT-aggTrades-2021-09-29.zip
restored BTCUSDT-aggTrades-2021-09-30.zip
restored BTCUSDT-aggTrades-2021-10-02.zip
restored BTCUSDT-aggTrades-2021-10-05.zip
restored BTCUSDT-aggTrades-2021-10-06.zip
restored BTCUSDT-aggTrades-2021-10-09.zip
{"session": 210, "date": "2021-10-09T10:00:00Z", "failures": {}}
restored BTCUSDT-aggTrades-2021-10-15.zip
restored BTCUSDT-aggTrades-2021-10-22.zip
restored BTCUSDT-aggTrades-2021-10-29.zip
restored BTCUSDT-aggTrades-2021-11-02.zip
restored BTCUSDT-aggTrades-2021-11-05.zip
restored BTCUSDT-aggTrades-2021-11-07.zip
restored BTCUSDT-aggTrades-2021-11-10.zip
restored BTCUSDT-aggTrades-2021-11-11.zip
restored BTCUSDT-aggTrades-2021-11-17.zip
{"session": 220, "date": "2021-11-17T18:00:00Z", "failures": {}}
restored BTCUSDT-aggTrades-2021-11-19.zip
restored BTCUSDT-aggTrades-2021-11-24.zip
restored BTCUSDT-aggTrades-2021-11-26.zip
restored BTCUSDT-aggTrades-2021-12-02.zip
restored BTCUSDT-aggTrades-2021-12-03.zip
restored BTCUSDT-aggTrades-2021-12-04.zip
restored BTCUSDT-aggTrades-2021-12-09.zip
restored BTCUSDT-aggTrades-2021-12-13.zip
restored BTCUSDT-aggTrades-2021-12-15.zip
restored BTCUSDT-aggTrades-2021-12-20.zip
{"session": 230, "date": "2021-12-20T04:00:00Z", "failures": {}}
restored BTCUSDT-aggTrades-2021-12-23.zip
restored BTCUSDT-aggTrades-2021-12-26.zip
restored BTCUSDT-aggTrades-2021-12-28.zip
restored BTCUSDT-aggTrades-2021-12-29.zip
restored BTCUSDT-aggTrades-2022-01-03.zip
restored BTCUSDT-aggTrades-2022-01-07.zip
restored BTCUSDT-aggTrades-2022-01-13.zip
restored BTCUSDT-aggTrades-2022-01-18.zip
restored BTCUSDT-aggTrades-2022-01-20.zip
restored BTCUSDT-aggTrades-2022-01-24.zip
{"session": 240, "date": "2022-01-24T22:00:00Z", "failures": {}}
restored BTCUSDT-aggTrades-2022-01-25.zip
restored BTCUSDT-aggTrades-2022-01-27.zip
restored BTCUSDT-aggTrades-2022-01-30.zip
restored BTCUSDT-aggTrades-2022-02-04.zip
restored BTCUSDT-aggTrades-2022-02-10.zip
restored BTCUSDT-aggTrades-2022-02-11.zip
restored BTCUSDT-aggTrades-2022-02-15.zip
restored BTCUSDT-aggTrades-2022-02-16.zip
restored BTCUSDT-aggTrades-2022-02-18.zip
restored BTCUSDT-aggTrades-2022-02-20.zip
{"session": 250, "date": "2022-02-20T14:00:00Z", "failures": {}}
restored BTCUSDT-aggTrades-2022-02-21.zip
restored BTCUSDT-aggTrades-2022-02-28.zip
restored BTCUSDT-aggTrades-2022-03-03.zip
restored BTCUSDT-aggTrades-2022-03-04.zip
restored BTCUSDT-aggTrades-2022-03-05.zip
restored BTCUSDT-aggTrades-2022-03-06.zip
restored BTCUSDT-aggTrades-2022-03-12.zip
restored BTCUSDT-aggTrades-2022-03-16.zip
restored BTCUSDT-aggTrades-2022-03-18.zip
restored BTCUSDT-aggTrades-2022-03-23.zip
{"session": 260, "date": "2022-03-23T10:00:00Z", "failures": {}}
restored BTCUSDT-aggTrades-2022-03-29.zip
restored BTCUSDT-aggTrades-2022-04-01.zip
restored BTCUSDT-aggTrades-2022-04-04.zip
restored BTCUSDT-aggTrades-2022-04-11.zip
restored BTCUSDT-aggTrades-2022-04-17.zip
restored BTCUSDT-aggTrades-2022-04-18.zip
restored BTCUSDT-aggTrades-2022-04-24.zip
restored BTCUSDT-aggTrades-2022-04-29.zip
restored BTCUSDT-aggTrades-2022-05-02.zip
restored BTCUSDT-aggTrades-2022-05-04.zip
{"session": 270, "date": "2022-05-04T12:00:00Z", "failures": {}}
restored BTCUSDT-aggTrades-2022-05-10.zip
restored BTCUSDT-aggTrades-2022-05-11.zip
restored BTCUSDT-aggTrades-2022-05-16.zip
restored BTCUSDT-aggTrades-2022-05-17.zip
restored BTCUSDT-aggTrades-2022-05-20.zip
restored BTCUSDT-aggTrades-2022-05-27.zip
restored BTCUSDT-aggTrades-2022-05-31.zip
restored BTCUSDT-aggTrades-2022-06-03.zip
restored BTCUSDT-aggTrades-2022-06-08.zip
{"session": 280, "date": "2022-06-08T04:00:00Z", "failures": {}}
restored BTCUSDT-aggTrades-2022-06-13.zip
restored BTCUSDT-aggTrades-2022-06-16.zip
restored BTCUSDT-aggTrades-2022-06-21.zip
restored BTCUSDT-aggTrades-2022-06-25.zip
restored BTCUSDT-aggTrades-2022-06-30.zip
restored BTCUSDT-aggTrades-2022-07-04.zip
{"session": 290, "date": "2022-07-04T00:00:00Z", "failures": {}}
restored BTCUSDT-aggTrades-2022-07-09.zip
restored BTCUSDT-aggTrades-2022-07-10.zip
restored BTCUSDT-aggTrades-2022-07-11.zip
restored BTCUSDT-aggTrades-2022-07-14.zip
restored BTCUSDT-aggTrades-2022-07-16.zip
restored BTCUSDT-aggTrades-2022-07-20.zip
restored BTCUSDT-aggTrades-2022-07-21.zip
restored BTCUSDT-aggTrades-2022-07-25.zip
{"session": 300, "date": "2022-07-25T22:00:00Z", "failures": {}}
restored BTCUSDT-aggTrades-2022-08-01.zip
restored BTCUSDT-aggTrades-2022-08-05.zip
restored BTCUSDT-aggTrades-2022-08-10.zip
restored BTCUSDT-aggTrades-2022-08-12.zip
restored BTCUSDT-aggTrades-2022-08-14.zip
restored BTCUSDT-aggTrades-2022-08-15.zip
restored BTCUSDT-aggTrades-2022-08-18.zip
restored BTCUSDT-aggTrades-2022-08-23.zip
restored BTCUSDT-aggTrades-2022-08-25.zip
{"session": 310, "date": "2022-08-25T04:00:00Z", "failures": {}}
restored BTCUSDT-aggTrades-2022-08-29.zip
restored BTCUSDT-aggTrades-2022-09-05.zip
restored BTCUSDT-aggTrades-2022-09-06.zip
restored BTCUSDT-aggTrades-2022-09-07.zip
restored BTCUSDT-aggTrades-2022-09-09.zip
restored BTCUSDT-aggTrades-2022-09-10.zip
restored BTCUSDT-aggTrades-2022-09-12.zip
restored BTCUSDT-aggTrades-2022-09-13.zip
restored BTCUSDT-aggTrades-2022-09-15.zip
{"session": 320, "date": "2022-09-15T20:00:00Z", "failures": {}}
restored BTCUSDT-aggTrades-2022-09-18.zip
restored BTCUSDT-aggTrades-2022-09-21.zip
restored BTCUSDT-aggTrades-2022-09-24.zip
restored BTCUSDT-aggTrades-2022-10-01.zip
restored BTCUSDT-aggTrades-2022-10-02.zip
restored BTCUSDT-aggTrades-2022-10-06.zip
restored BTCUSDT-aggTrades-2022-10-12.zip
restored BTCUSDT-aggTrades-2022-10-15.zip
restored BTCUSDT-aggTrades-2022-10-17.zip
restored BTCUSDT-aggTrades-2022-10-21.zip
{"session": 330, "date": "2022-10-21T18:00:00Z", "failures": {}}
restored BTCUSDT-aggTrades-2022-10-24.zip
restored BTCUSDT-aggTrades-2022-10-29.zip
restored BTCUSDT-aggTrades-2022-11-02.zip
restored BTCUSDT-aggTrades-2022-11-04.zip
restored BTCUSDT-aggTrades-2022-11-10.zip
restored BTCUSDT-aggTrades-2022-11-15.zip
restored BTCUSDT-aggTrades-2022-11-16.zip
restored BTCUSDT-aggTrades-2022-11-18.zip
restored BTCUSDT-aggTrades-2022-11-22.zip
restored BTCUSDT-aggTrades-2022-11-24.zip
{"session": 340, "date": "2022-11-24T02:00:00Z", "failures": {}}
restored BTCUSDT-aggTrades-2022-11-25.zip
restored BTCUSDT-aggTrades-2022-11-29.zip
restored BTCUSDT-aggTrades-2022-11-30.zip
restored BTCUSDT-aggTrades-2022-12-07.zip
restored BTCUSDT-aggTrades-2022-12-08.zip
restored BTCUSDT-aggTrades-2022-12-10.zip
restored BTCUSDT-aggTrades-2022-12-15.zip
restored BTCUSDT-aggTrades-2022-12-21.zip
restored BTCUSDT-aggTrades-2022-12-22.zip
restored BTCUSDT-aggTrades-2022-12-23.zip
{"session": 350, "date": "2022-12-23T20:00:00Z", "failures": {}}
restored BTCUSDT-aggTrades-2022-12-25.zip
restored BTCUSDT-aggTrades-2022-12-27.zip
restored BTCUSDT-aggTrades-2022-12-28.zip
restored BTCUSDT-aggTrades-2022-12-31.zip
restored BTCUSDT-aggTrades-2023-01-02.zip
restored BTCUSDT-aggTrades-2023-01-05.zip
restored BTCUSDT-aggTrades-2023-01-11.zip
restored BTCUSDT-aggTrades-2023-01-13.zip
restored BTCUSDT-aggTrades-2023-01-16.zip
restored BTCUSDT-aggTrades-2023-01-19.zip
{"session": 360, "date": "2023-01-19T06:00:00Z", "failures": {}}
restored BTCUSDT-aggTrades-2023-01-20.zip
restored BTCUSDT-aggTrades-2023-01-25.zip
restored BTCUSDT-aggTrades-2023-01-27.zip
restored BTCUSDT-aggTrades-2023-02-02.zip
restored BTCUSDT-aggTrades-2023-02-04.zip
restored BTCUSDT-aggTrades-2023-02-07.zip
restored BTCUSDT-aggTrades-2023-02-11.zip
restored BTCUSDT-aggTrades-2023-02-13.zip
restored BTCUSDT-aggTrades-2023-02-20.zip
restored BTCUSDT-aggTrades-2023-02-26.zip
{"session": 370, "date": "2023-02-26T10:00:00Z", "failures": {}}
restored BTCUSDT-aggTrades-2023-02-28.zip
restored BTCUSDT-aggTrades-2023-03-01.zip
restored BTCUSDT-aggTrades-2023-03-07.zip
restored BTCUSDT-aggTrades-2023-03-09.zip
restored BTCUSDT-aggTrades-2023-03-10.zip
restored BTCUSDT-aggTrades-2023-03-16.zip
restored BTCUSDT-aggTrades-2023-03-17.zip
restored BTCUSDT-aggTrades-2023-03-19.zip
restored BTCUSDT-aggTrades-2023-03-21.zip
restored BTCUSDT-aggTrades-2023-03-26.zip
{"session": 380, "date": "2023-03-26T02:00:00Z", "failures": {}}
restored BTCUSDT-aggTrades-2023-04-01.zip
restored BTCUSDT-aggTrades-2023-04-02.zip
restored BTCUSDT-aggTrades-2023-04-07.zip
restored BTCUSDT-aggTrades-2023-04-13.zip
restored BTCUSDT-aggTrades-2023-04-14.zip
restored BTCUSDT-aggTrades-2023-04-17.zip
restored BTCUSDT-aggTrades-2023-04-22.zip
restored BTCUSDT-aggTrades-2023-04-24.zip
restored BTCUSDT-aggTrades-2023-04-26.zip
restored BTCUSDT-aggTrades-2023-04-27.zip
{"session": 390, "date": "2023-04-27T14:00:00Z", "failures": {}}
restored BTCUSDT-aggTrades-2023-04-30.zip
restored BTCUSDT-aggTrades-2023-05-01.zip
restored BTCUSDT-aggTrades-2023-05-02.zip
restored BTCUSDT-aggTrades-2023-05-05.zip
restored BTCUSDT-aggTrades-2023-05-10.zip
restored BTCUSDT-aggTrades-2023-05-13.zip
restored BTCUSDT-aggTrades-2023-05-19.zip
restored BTCUSDT-aggTrades-2023-05-21.zip
restored BTCUSDT-aggTrades-2023-05-23.zip
restored BTCUSDT-aggTrades-2023-05-28.zip
{"session": 400, "date": "2023-05-28T02:00:00Z", "failures": {}}
restored BTCUSDT-aggTrades-2023-06-01.zip
restored BTCUSDT-aggTrades-2023-06-02.zip
restored BTCUSDT-aggTrades-2023-06-04.zip
restored BTCUSDT-aggTrades-2023-06-10.zip
restored BTCUSDT-aggTrades-2023-06-12.zip
restored BTCUSDT-aggTrades-2023-06-15.zip
restored BTCUSDT-aggTrades-2023-06-18.zip
restored BTCUSDT-aggTrades-2023-06-23.zip
restored BTCUSDT-aggTrades-2023-06-27.zip
restored BTCUSDT-aggTrades-2023-06-30.zip
{"session": 410, "date": "2023-06-30T20:00:00Z", "failures": {}}
restored BTCUSDT-aggTrades-2023-07-01.zip
restored BTCUSDT-aggTrades-2023-07-07.zip
restored BTCUSDT-aggTrades-2023-07-09.zip
restored BTCUSDT-aggTrades-2023-07-10.zip
restored BTCUSDT-aggTrades-2023-07-16.zip
restored BTCUSDT-aggTrades-2023-07-22.zip
restored BTCUSDT-aggTrades-2023-07-28.zip
restored BTCUSDT-aggTrades-2023-07-30.zip
restored BTCUSDT-aggTrades-2023-08-01.zip
restored BTCUSDT-aggTrades-2023-08-04.zip
{"session": 420, "date": "2023-08-04T20:00:00Z", "failures": {}}
restored BTCUSDT-aggTrades-2023-08-06.zip
restored BTCUSDT-aggTrades-2023-08-07.zip
restored BTCUSDT-aggTrades-2023-08-11.zip
restored BTCUSDT-aggTrades-2023-08-12.zip
restored BTCUSDT-aggTrades-2023-08-14.zip
restored BTCUSDT-aggTrades-2023-08-17.zip
restored BTCUSDT-aggTrades-2023-08-23.zip
restored BTCUSDT-aggTrades-2023-08-25.zip
restored BTCUSDT-aggTrades-2023-08-27.zip
restored BTCUSDT-aggTrades-2023-08-28.zip
{"session": 430, "date": "2023-08-28T02:00:00Z", "failures": {}}
restored BTCUSDT-aggTrades-2023-08-29.zip
restored BTCUSDT-aggTrades-2023-09-01.zip
restored BTCUSDT-aggTrades-2023-09-07.zip
restored BTCUSDT-aggTrades-2023-09-09.zip
restored BTCUSDT-aggTrades-2023-09-08.zip
restored BTCUSDT-aggTrades-2023-09-12.zip
restored BTCUSDT-aggTrades-2023-09-17.zip
restored BTCUSDT-aggTrades-2023-09-20.zip
restored BTCUSDT-aggTrades-2023-09-24.zip
restored BTCUSDT-aggTrades-2023-10-01.zip
{"session": 440, "date": "2023-10-01T06:00:00Z", "failures": {}}
restored BTCUSDT-aggTrades-2023-10-04.zip
restored BTCUSDT-aggTrades-2023-10-05.zip
restored BTCUSDT-aggTrades-2023-10-08.zip
restored BTCUSDT-aggTrades-2023-10-12.zip
restored BTCUSDT-aggTrades-2023-10-17.zip
restored BTCUSDT-aggTrades-2023-10-21.zip
restored BTCUSDT-aggTrades-2023-10-23.zip
restored BTCUSDT-aggTrades-2023-10-29.zip
restored BTCUSDT-aggTrades-2023-10-30.zip
restored BTCUSDT-aggTrades-2023-11-05.zip
{"session": 450, "date": "2023-11-05T10:00:00Z", "failures": {}}
restored BTCUSDT-aggTrades-2023-11-06.zip
restored BTCUSDT-aggTrades-2023-11-12.zip
restored BTCUSDT-aggTrades-2023-11-17.zip
restored BTCUSDT-aggTrades-2023-11-22.zip
restored BTCUSDT-aggTrades-2023-11-28.zip
restored BTCUSDT-aggTrades-2023-11-29.zip
restored BTCUSDT-aggTrades-2023-11-30.zip
restored BTCUSDT-aggTrades-2023-12-07.zip
restored BTCUSDT-aggTrades-2023-12-08.zip
{"session": 460, "date": "2023-12-08T08:00:00Z", "failures": {}}
restored BTCUSDT-aggTrades-2023-12-10.zip
restored BTCUSDT-aggTrades-2023-12-13.zip
restored BTCUSDT-aggTrades-2023-12-17.zip
restored BTCUSDT-aggTrades-2023-12-18.zip
restored BTCUSDT-aggTrades-2023-12-19.zip
restored BTCUSDT-aggTrades-2023-12-26.zip
restored BTCUSDT-aggTrades-2023-12-29.zip
restored BTCUSDT-aggTrades-2024-01-02.zip
restored BTCUSDT-aggTrades-2024-01-04.zip
restored BTCUSDT-aggTrades-2024-01-10.zip
{"session": 470, "date": "2024-01-10T10:00:00Z", "failures": {}}
restored BTCUSDT-aggTrades-2024-01-13.zip
restored BTCUSDT-aggTrades-2024-01-18.zip
restored BTCUSDT-aggTrades-2024-01-21.zip
restored BTCUSDT-aggTrades-2024-01-22.zip
restored BTCUSDT-aggTrades-2024-01-23.zip
restored BTCUSDT-aggTrades-2024-01-25.zip
restored BTCUSDT-aggTrades-2024-01-29.zip
restored BTCUSDT-aggTrades-2024-01-30.zip
restored BTCUSDT-aggTrades-2024-02-06.zip
{"session": 480, "date": "2024-02-06T00:00:00Z", "failures": {}}
restored BTCUSDT-aggTrades-2024-02-07.zip
restored BTCUSDT-aggTrades-2024-02-08.zip
restored BTCUSDT-aggTrades-2024-02-11.zip
restored BTCUSDT-aggTrades-2024-02-13.zip
restored BTCUSDT-aggTrades-2024-02-14.zip
restored BTCUSDT-aggTrades-2024-02-18.zip
restored BTCUSDT-aggTrades-2024-02-20.zip
restored BTCUSDT-aggTrades-2024-02-22.zip
restored BTCUSDT-aggTrades-2024-02-28.zip
restored BTCUSDT-aggTrades-2024-03-04.zip
{"session": 490, "date": "2024-03-04T00:00:00Z", "failures": {}}
restored BTCUSDT-aggTrades-2024-03-10.zip
restored BTCUSDT-aggTrades-2024-03-16.zip
restored BTCUSDT-aggTrades-2024-03-21.zip
restored BTCUSDT-aggTrades-2024-03-25.zip
restored BTCUSDT-aggTrades-2024-03-30.zip
restored BTCUSDT-aggTrades-2024-04-02.zip
restored BTCUSDT-aggTrades-2024-04-03.zip
restored BTCUSDT-aggTrades-2024-04-07.zip
restored BTCUSDT-aggTrades-2024-04-12.zip
restored BTCUSDT-aggTrades-2024-04-18.zip
{"session": 500, "date": "2024-04-18T10:00:00Z", "failures": {}}
restored BTCUSDT-aggTrades-2024-04-19.zip
restored BTCUSDT-aggTrades-2024-04-24.zip
restored BTCUSDT-aggTrades-2024-04-25.zip
restored BTCUSDT-aggTrades-2024-04-30.zip
restored BTCUSDT-aggTrades-2024-05-06.zip
restored BTCUSDT-aggTrades-2024-05-10.zip
restored BTCUSDT-aggTrades-2024-05-13.zip
restored BTCUSDT-aggTrades-2024-05-17.zip
restored BTCUSDT-aggTrades-2024-05-23.zip
restored BTCUSDT-aggTrades-2024-05-29.zip
{"session": 510, "date": "2024-05-29T14:00:00Z", "failures": {}}
restored BTCUSDT-aggTrades-2024-05-30.zip
restored BTCUSDT-aggTrades-2024-06-05.zip
restored BTCUSDT-aggTrades-2024-06-10.zip
restored BTCUSDT-aggTrades-2024-06-13.zip
restored BTCUSDT-aggTrades-2024-06-14.zip
restored BTCUSDT-aggTrades-2024-06-17.zip
restored BTCUSDT-aggTrades-2024-06-18.zip
restored BTCUSDT-aggTrades-2024-06-20.zip
restored BTCUSDT-aggTrades-2024-06-21.zip
restored BTCUSDT-aggTrades-2024-06-22.zip
{"session": 520, "date": "2024-06-22T18:00:00Z", "failures": {}}
restored BTCUSDT-aggTrades-2024-06-27.zip
restored BTCUSDT-aggTrades-2024-06-29.zip
restored BTCUSDT-aggTrades-2024-06-30.zip
restored BTCUSDT-aggTrades-2024-07-01.zip
restored BTCUSDT-aggTrades-2024-07-02.zip
restored BTCUSDT-aggTrades-2024-07-03.zip
restored BTCUSDT-aggTrades-2024-07-04.zip
restored BTCUSDT-aggTrades-2024-07-07.zip
restored BTCUSDT-aggTrades-2024-07-09.zip
restored BTCUSDT-aggTrades-2024-07-12.zip
{"session": 530, "date": "2024-07-12T02:00:00Z", "failures": {}}
restored BTCUSDT-aggTrades-2024-07-16.zip
restored BTCUSDT-aggTrades-2024-07-17.zip
restored BTCUSDT-aggTrades-2024-07-23.zip
restored BTCUSDT-aggTrades-2024-07-26.zip
restored BTCUSDT-aggTrades-2024-08-02.zip
restored BTCUSDT-aggTrades-2024-08-05.zip
restored BTCUSDT-aggTrades-2024-08-10.zip
restored BTCUSDT-aggTrades-2024-08-14.zip
restored BTCUSDT-aggTrades-2024-08-16.zip
{"session": 540, "date": "2024-08-16T06:00:00Z", "failures": {}}
restored BTCUSDT-aggTrades-2024-08-17.zip
restored BTCUSDT-aggTrades-2024-08-23.zip
restored BTCUSDT-aggTrades-2024-08-30.zip
restored BTCUSDT-aggTrades-2024-09-02.zip
restored BTCUSDT-aggTrades-2024-09-03.zip
restored BTCUSDT-aggTrades-2024-09-04.zip
restored BTCUSDT-aggTrades-2024-09-11.zip
restored BTCUSDT-aggTrades-2024-09-17.zip
restored BTCUSDT-aggTrades-2024-09-20.zip
restored BTCUSDT-aggTrades-2024-09-23.zip
{"session": 550, "date": "2024-09-23T10:00:00Z", "failures": {}}
restored BTCUSDT-aggTrades-2024-09-29.zip
restored BTCUSDT-aggTrades-2024-10-04.zip
restored BTCUSDT-aggTrades-2024-10-05.zip
restored BTCUSDT-aggTrades-2024-10-11.zip
restored BTCUSDT-aggTrades-2024-10-15.zip
restored BTCUSDT-aggTrades-2024-10-22.zip
restored BTCUSDT-aggTrades-2024-10-24.zip
restored BTCUSDT-aggTrades-2024-10-26.zip
restored BTCUSDT-aggTrades-2024-10-29.zip
restored BTCUSDT-aggTrades-2024-11-01.zip
{"session": 560, "date": "2024-11-01T04:00:00Z", "failures": {}}
restored BTCUSDT-aggTrades-2024-11-03.zip
restored BTCUSDT-aggTrades-2024-11-05.zip
restored BTCUSDT-aggTrades-2024-11-09.zip
restored BTCUSDT-aggTrades-2024-11-11.zip
restored BTCUSDT-aggTrades-2024-11-16.zip
restored BTCUSDT-aggTrades-2024-11-18.zip
restored BTCUSDT-aggTrades-2024-11-19.zip
restored BTCUSDT-aggTrades-2024-11-20.zip
restored BTCUSDT-aggTrades-2024-11-21.zip
restored BTCUSDT-aggTrades-2024-11-26.zip
{"session": 570, "date": "2024-11-26T00:00:00Z", "failures": {}}
restored BTCUSDT-aggTrades-2024-11-29.zip
restored BTCUSDT-aggTrades-2024-11-30.zip
restored BTCUSDT-aggTrades-2024-12-06.zip
restored BTCUSDT-aggTrades-2024-12-09.zip
restored BTCUSDT-aggTrades-2024-12-11.zip
restored BTCUSDT-aggTrades-2024-12-12.zip
restored BTCUSDT-aggTrades-2024-12-14.zip
restored BTCUSDT-aggTrades-2024-12-17.zip
restored BTCUSDT-aggTrades-2024-12-18.zip
restored BTCUSDT-aggTrades-2024-12-19.zip
{"session": 580, "date": "2024-12-19T08:00:00Z", "failures": {}}
restored BTCUSDT-aggTrades-2024-12-20.zip
restored BTCUSDT-aggTrades-2024-12-26.zip
restored BTCUSDT-aggTrades-2024-12-27.zip
restored BTCUSDT-aggTrades-2024-12-28.zip
restored BTCUSDT-aggTrades-2024-12-31.zip
restored BTCUSDT-aggTrades-2025-01-02.zip
restored BTCUSDT-aggTrades-2025-01-01.zip
restored BTCUSDT-aggTrades-2025-01-04.zip
restored BTCUSDT-aggTrades-2025-01-10.zip
restored BTCUSDT-aggTrades-2025-01-12.zip
{"session": 590, "date": "2025-01-12T08:00:00Z", "failures": {}}
restored BTCUSDT-aggTrades-2025-01-13.zip
restored BTCUSDT-aggTrades-2025-01-19.zip
restored BTCUSDT-aggTrades-2025-01-20.zip
restored BTCUSDT-aggTrades-2025-01-21.zip
restored BTCUSDT-aggTrades-2025-01-22.zip
restored BTCUSDT-aggTrades-2025-01-28.zip
restored BTCUSDT-aggTrades-2025-02-02.zip
restored BTCUSDT-aggTrades-2025-02-03.zip
restored BTCUSDT-aggTrades-2025-02-09.zip
restored BTCUSDT-aggTrades-2025-02-11.zip
restored BTCUSDT-aggTrades-2025-02-10.zip
{"session": 600, "date": "2025-02-11T00:00:00Z", "failures": {}}
restored BTCUSDT-aggTrades-2025-02-12.zip
restored BTCUSDT-aggTrades-2025-02-13.zip
restored BTCUSDT-aggTrades-2025-02-16.zip
restored BTCUSDT-aggTrades-2025-02-18.zip
restored BTCUSDT-aggTrades-2025-02-20.zip
restored BTCUSDT-aggTrades-2025-02-24.zip
restored BTCUSDT-aggTrades-2025-03-01.zip
restored BTCUSDT-aggTrades-2025-03-06.zip
restored BTCUSDT-aggTrades-2025-03-07.zip
{"session": 610, "date": "2025-03-07T06:00:00Z", "failures": {}}
restored BTCUSDT-aggTrades-2025-03-10.zip
restored BTCUSDT-aggTrades-2025-03-12.zip
restored BTCUSDT-aggTrades-2025-03-16.zip
restored BTCUSDT-aggTrades-2025-03-18.zip
restored BTCUSDT-aggTrades-2025-03-23.zip
restored BTCUSDT-aggTrades-2025-03-24.zip
restored BTCUSDT-aggTrades-2025-03-27.zip
restored BTCUSDT-aggTrades-2025-03-30.zip
restored BTCUSDT-aggTrades-2025-04-05.zip
restored BTCUSDT-aggTrades-2025-04-11.zip
{"session": 620, "date": "2025-04-11T18:00:00Z", "failures": {}}
restored BTCUSDT-aggTrades-2025-04-16.zip
restored BTCUSDT-aggTrades-2025-04-20.zip
restored BTCUSDT-aggTrades-2025-04-27.zip
restored BTCUSDT-aggTrades-2025-04-28.zip
restored BTCUSDT-aggTrades-2025-04-30.zip
restored BTCUSDT-aggTrades-2025-05-03.zip
restored BTCUSDT-aggTrades-2025-05-04.zip
restored BTCUSDT-aggTrades-2025-05-05.zip
restored BTCUSDT-aggTrades-2025-05-08.zip
restored BTCUSDT-aggTrades-2025-05-09.zip
{"session": 630, "date": "2025-05-09T20:00:00Z", "failures": {}}
restored BTCUSDT-aggTrades-2025-05-10.zip
restored BTCUSDT-aggTrades-2025-05-12.zip
restored BTCUSDT-aggTrades-2025-05-18.zip
restored BTCUSDT-aggTrades-2025-05-20.zip
restored BTCUSDT-aggTrades-2025-05-25.zip
restored BTCUSDT-aggTrades-2025-05-26.zip
restored BTCUSDT-aggTrades-2025-05-28.zip
restored BTCUSDT-aggTrades-2025-05-31.zip
restored BTCUSDT-aggTrades-2025-06-05.zip
restored BTCUSDT-aggTrades-2025-06-08.zip
{"session": 640, "date": "2025-06-08T06:00:00Z", "failures": {}}
restored BTCUSDT-aggTrades-2025-06-12.zip
restored BTCUSDT-aggTrades-2025-06-14.zip
restored BTCUSDT-aggTrades-2025-06-16.zip
restored BTCUSDT-aggTrades-2025-06-22.zip
restored BTCUSDT-aggTrades-2025-06-28.zip
restored BTCUSDT-aggTrades-2025-07-01.zip
restored BTCUSDT-aggTrades-2025-07-02.zip
restored BTCUSDT-aggTrades-2025-07-08.zip
restored BTCUSDT-aggTrades-2025-07-13.zip
restored BTCUSDT-aggTrades-2025-07-16.zip
{"session": 650, "date": "2025-07-16T08:00:00Z", "failures": {}}
restored BTCUSDT-aggTrades-2025-07-22.zip
restored BTCUSDT-aggTrades-2025-07-25.zip
restored BTCUSDT-aggTrades-2025-07-26.zip
restored BTCUSDT-aggTrades-2025-08-01.zip
restored BTCUSDT-aggTrades-2025-08-03.zip
restored BTCUSDT-aggTrades-2025-08-05.zip
restored BTCUSDT-aggTrades-2025-08-11.zip
restored BTCUSDT-aggTrades-2025-08-12.zip
restored BTCUSDT-aggTrades-2025-08-14.zip
restored BTCUSDT-aggTrades-2025-08-20.zip
{"session": 660, "date": "2025-08-20T08:00:00Z", "failures": {}}
restored BTCUSDT-aggTrades-2025-08-24.zip
restored BTCUSDT-aggTrades-2025-08-25.zip
restored BTCUSDT-aggTrades-2025-08-26.zip
restored BTCUSDT-aggTrades-2025-08-31.zip
restored BTCUSDT-aggTrades-2025-09-01.zip
restored BTCUSDT-aggTrades-2025-09-06.zip
restored BTCUSDT-aggTrades-2025-09-08.zip
restored BTCUSDT-aggTrades-2025-09-13.zip
restored BTCUSDT-aggTrades-2025-09-15.zip
{"session": 670, "date": "2025-09-15T18:00:00Z", "failures": {}}
restored BTCUSDT-aggTrades-2025-09-18.zip
restored BTCUSDT-aggTrades-2025-09-23.zip
restored BTCUSDT-aggTrades-2025-09-24.zip
restored BTCUSDT-aggTrades-2025-09-27.zip
restored BTCUSDT-aggTrades-2025-09-28.zip
restored BTCUSDT-aggTrades-2025-10-02.zip
restored BTCUSDT-aggTrades-2025-10-05.zip
restored BTCUSDT-aggTrades-2025-10-06.zip
restored BTCUSDT-aggTrades-2025-10-09.zip
restored BTCUSDT-aggTrades-2025-10-15.zip
{"session": 680, "date": "2025-10-15T16:00:00Z", "failures": {}}
restored BTCUSDT-aggTrades-2025-10-16.zip
restored BTCUSDT-aggTrades-2025-10-17.zip
restored BTCUSDT-aggTrades-2025-10-19.zip
restored BTCUSDT-aggTrades-2025-10-22.zip
restored BTCUSDT-aggTrades-2025-10-27.zip
restored BTCUSDT-aggTrades-2025-10-30.zip
restored BTCUSDT-aggTrades-2025-11-04.zip
restored BTCUSDT-aggTrades-2025-11-10.zip
restored BTCUSDT-aggTrades-2025-11-11.zip
{"session": 690, "date": "2025-11-11T14:00:00Z", "failures": {}}
restored BTCUSDT-aggTrades-2025-11-12.zip
restored BTCUSDT-aggTrades-2025-11-13.zip
restored BTCUSDT-aggTrades-2025-11-14.zip
restored BTCUSDT-aggTrades-2025-11-20.zip
restored BTCUSDT-aggTrades-2025-11-22.zip
restored BTCUSDT-aggTrades-2025-11-24.zip
restored BTCUSDT-aggTrades-2025-11-25.zip
restored BTCUSDT-aggTrades-2025-11-26.zip
restored BTCUSDT-aggTrades-2025-12-02.zip
restored BTCUSDT-aggTrades-2025-12-03.zip
{"session": 700, "date": "2025-12-03T20:00:00Z", "failures": {}}
restored BTCUSDT-aggTrades-2025-12-10.zip
restored BTCUSDT-aggTrades-2025-12-11.zip
restored BTCUSDT-aggTrades-2025-12-17.zip
restored BTCUSDT-aggTrades-2025-12-19.zip
restored BTCUSDT-aggTrades-2025-12-20.zip
restored BTCUSDT-aggTrades-2025-12-23.zip
restored BTCUSDT-aggTrades-2025-12-25.zip
restored BTCUSDT-aggTrades-2025-12-28.zip
restored BTCUSDT-aggTrades-2026-01-03.zip
restored BTCUSDT-aggTrades-2026-01-08.zip
{"session": 710, "date": "2026-01-08T08:00:00Z", "failures": {}}
restored BTCUSDT-aggTrades-2026-01-09.zip
restored BTCUSDT-aggTrades-2026-01-15.zip
restored BTCUSDT-aggTrades-2026-01-16.zip
restored BTCUSDT-aggTrades-2026-01-19.zip
restored BTCUSDT-aggTrades-2026-01-21.zip
restored BTCUSDT-aggTrades-2026-01-26.zip
restored BTCUSDT-aggTrades-2026-01-27.zip
restored BTCUSDT-aggTrades-2026-01-28.zip
restored BTCUSDT-aggTrades-2026-01-29.zip
restored BTCUSDT-aggTrades-2026-02-04.zip
{"session": 720, "date": "2026-02-04T10:00:00Z", "failures": {}}
restored BTCUSDT-aggTrades-2026-02-05.zip
restored BTCUSDT-aggTrades-2026-02-06.zip
restored BTCUSDT-aggTrades-2026-02-07.zip
restored BTCUSDT-aggTrades-2026-02-13.zip
restored BTCUSDT-aggTrades-2026-02-18.zip
restored BTCUSDT-aggTrades-2026-02-22.zip
restored BTCUSDT-aggTrades-2026-02-27.zip
restored BTCUSDT-aggTrades-2026-03-01.zip
restored BTCUSDT-aggTrades-2026-03-02.zip
{"session": 730, "date": "2026-03-02T06:00:00Z", "failures": {}}
restored BTCUSDT-aggTrades-2026-03-06.zip
restored BTCUSDT-aggTrades-2026-03-11.zip
restored BTCUSDT-aggTrades-2026-03-17.zip
restored BTCUSDT-aggTrades-2026-03-22.zip
restored BTCUSDT-aggTrades-2026-03-26.zip
restored BTCUSDT-aggTrades-2026-03-28.zip
restored BTCUSDT-aggTrades-2026-03-29.zip
restored BTCUSDT-aggTrades-2026-04-04.zip
restored BTCUSDT-aggTrades-2026-04-06.zip
restored BTCUSDT-aggTrades-2026-04-10.zip
{"session": 740, "date": "2026-04-10T14:00:00Z", "failures": {}}
restored BTCUSDT-aggTrades-2026-04-11.zip
restored BTCUSDT-aggTrades-2026-04-14.zip
restored BTCUSDT-aggTrades-2026-04-17.zip
restored BTCUSDT-aggTrades-2026-04-19.zip
restored BTCUSDT-aggTrades-2026-04-22.zip
restored BTCUSDT-aggTrades-2026-04-25.zip
restored BTCUSDT-aggTrades-2026-04-28.zip
restored BTCUSDT-aggTrades-2026-04-29.zip
restored BTCUSDT-aggTrades-2026-04-30.zip
restored BTCUSDT-aggTrades-2026-05-01.zip
{"session": 750, "date": "2026-05-01T18:00:00Z", "failures": {}}
restored BTCUSDT-aggTrades-2026-05-04.zip
restored BTCUSDT-aggTrades-2026-05-05.zip
restored BTCUSDT-aggTrades-2026-05-08.zip
restored BTCUSDT-aggTrades-2026-05-10.zip
restored BTCUSDT-aggTrades-2026-05-11.zip
restored BTCUSDT-aggTrades-2026-05-13.zip
restored BTCUSDT-aggTrades-2026-05-16.zip
restored BTCUSDT-aggTrades-2026-05-18.zip
restored BTCUSDT-aggTrades-2026-05-19.zip
restored BTCUSDT-aggTrades-2026-05-25.zip
{"session": 760, "date": "2026-05-25T22:00:00Z", "failures": {}}
restored BTCUSDT-aggTrades-2026-05-28.zip
restored BTCUSDT-aggTrades-2026-05-30.zip
restored BTCUSDT-aggTrades-2026-05-31.zip
restored BTCUSDT-aggTrades-2026-06-06.zip
restored BTCUSDT-aggTrades-2026-06-07.zip
restored BTCUSDT-aggTrades-2026-06-13.zip
restored BTCUSDT-aggTrades-2026-06-16.zip
restored BTCUSDT-aggTrades-2026-06-17.zip
restored BTCUSDT-aggTrades-2026-06-19.zip
restored BTCUSDT-aggTrades-2026-06-26.zip
{"session": 770, "date": "2026-06-26T00:00:00Z", "failures": {}}
restored BTCUSDT-aggTrades-2026-07-03.zip
restored BTCUSDT-aggTrades-2026-07-09.zip
restored BTCUSDT-aggTrades-2026-07-11.zip
restored BTCUSDT-aggTrades-2026-07-17.zip
restored BTCUSDT-aggTrades-2026-07-22.zip
restored BTCUSDT-aggTrades-2026-07-26.zip
restored BTCUSDT-aggTrades-2026-08-02.zip
restored BTCUSDT-aggTrades-2026-08-08.zip
restored BTCUSDT-aggTrades-2026-08-09.zip
{"session": 780, "date": "2026-08-09T02:00:00Z", "failures": {}}
restored BTCUSDT-aggTrades-2026-08-10.zip
restored BTCUSDT-aggTrades-2026-08-11.zip
restored BTCUSDT-aggTrades-2026-08-17.zip
restored BTCUSDT-aggTrades-2026-08-20.zip
restored BTCUSDT-aggTrades-2026-08-21.zip
restored BTCUSDT-aggTrades-2026-08-24.zip
restored BTCUSDT-aggTrades-2026-08-30.zip
restored BTCUSDT-aggTrades-2026-09-01.zip
restored BTCUSDT-aggTrades-2026-09-04.zip
restored BTCUSDT-aggTrades-2026-09-05.zip
{"session": 790, "date": "2026-09-05T10:00:00Z", "failures": {}}
restored BTCUSDT-aggTrades-2026-09-08.zip
{"finished": "incumbent/base", "complete": true, "audit": true, "cagr": 1.1922835553585416, "mdd": "0.4410507881955692423535878539"}
{"finished": "incumbent/fees-x1.5", "complete": true, "audit": true, "cagr": 1.2854050784017872, "mdd": "0.4438491131225800640158734885"}
{"finished": "incumbent/read-400ms", "complete": true, "audit": true, "cagr": 1.047729985096748, "mdd": "0.4441185722536510697724903881"}
{"finished": "incumbent/trigger-slip", "complete": true, "audit": true, "cagr": 1.2493652065950864, "mdd": "0.4464701359792075525299779820"}
{"finished": "fresh-entry/base", "complete": true, "audit": true, "cagr": 0.2064885019931313, "mdd": "0.4777227934043665017514462225"}
{"finished": "fresh-entry/fees-x1.5", "complete": true, "audit": true, "cagr": 0.1996231000113342, "mdd": "0.4879512782765840103004920944"}
{"finished": "fresh-entry/read-400ms", "complete": true, "audit": true, "cagr": 0.180023116156377, "mdd": "0.4798940769051887292470489620"}
{"finished": "fresh-entry/trigger-slip", "complete": true, "audit": true, "cagr": 0.19839126919115513, "mdd": "0.4957225759672215173813351637"}
{"finished": "atr-trail/base", "complete": true, "audit": true, "cagr": 0.9991768974097957, "mdd": "0.4852040053497304238272055241"}
{"finished": "atr-trail/fees-x1.5", "complete": true, "audit": true, "cagr": 0.9690934843354504, "mdd": "0.4896425298161545696028270723"}
{"finished": "atr-trail/read-400ms", "complete": true, "audit": true, "cagr": 0.7466807760354024, "mdd": "0.4850777622514110162425156310"}
{"finished": "atr-trail/trigger-slip", "complete": true, "audit": true, "cagr": 0.9669670177414418, "mdd": "0.4912267791709632235894005509"}
{"finished": "compression-breakout/base", "complete": true, "audit": true, "cagr": 0.34093703751979487, "mdd": "0.8703733907242810345004659700"}
{"finished": "compression-breakout/fees-x1.5", "complete": true, "audit": true, "cagr": 0.2979514261434697, "mdd": "0.8831122464549764686356995925"}
{"finished": "compression-breakout/read-400ms", "complete": true, "audit": true, "cagr": 0.34412373614773695, "mdd": "0.8344255360019370274052350350"}
{"finished": "compression-breakout/trigger-slip", "complete": true, "audit": true, "cagr": 0.2974170272423795, "mdd": "0.8876862096788682958596261436"}
{"finished": "single-topup/base", "complete": true, "audit": true, "cagr": 0.9467772199864997, "mdd": "0.4409796967289770481210645652"}
{"finished": "single-topup/fees-x1.5", "complete": true, "audit": true, "cagr": 0.9358602057505241, "mdd": "0.4437354998777194708682274047"}
{"finished": "single-topup/read-400ms", "complete": true, "audit": true, "cagr": 0.8444913107961369, "mdd": "0.4440226669808196579198857043"}
{"finished": "single-topup/trigger-slip", "complete": true, "audit": true, "cagr": 0.9382724228877464, "mdd": "0.4464160765308581735878904763"}
