{"candidate": "consensus", "scenario": "base", "session": 0}
{"candidate": "trend-reentry", "scenario": "base", "session": 0}
{"candidate": "trend-reentry", "scenario": "base", "session": 100}
{"candidate": "consensus", "scenario": "base", "session": 100}
{"candidate": "consensus", "scenario": "base", "session": 200}
{"candidate": "trend-reentry", "scenario": "base", "session": 200}
{"candidate": "trend-reentry", "scenario": "base", "session": 300}
{"candidate": "consensus", "scenario": "base", "session": 300}
{"candidate": "trend-reentry", "scenario": "base", "session": 400}
{"candidate": "consensus", "scenario": "base", "session": 400}
{"candidate": "consensus", "scenario": "base", "session": 500}
{"candidate": "trend-reentry", "scenario": "base", "session": 500}
{"candidate": "consensus", "scenario": "base", "session": 600}
{"candidate": "trend-reentry", "scenario": "base", "session": 600}
{"candidate": "consensus", "scenario": "base", "session": 700}
{"candidate": "trend-reentry", "scenario": "base", "session": 700}
{"candidate": "target-participation", "scenario": "base", "session": 0}
{"candidate": "atr-close", "scenario": "base", "session": 0}
{"candidate": "target-participation", "scenario": "base", "session": 100}
{"candidate": "atr-close", "scenario": "base", "session": 100}
{"candidate": "target-participation", "scenario": "base", "session": 200}
{"candidate": "atr-close", "scenario": "base", "session": 200}
{"candidate": "target-participation", "scenario": "base", "session": 300}
{"candidate": "atr-close", "scenario": "base", "session": 300}
{"candidate": "target-participation", "scenario": "base", "session": 400}
{"candidate": "atr-close", "scenario": "base", "session": 400}
{"candidate": "atr-close", "scenario": "base", "session": 500}
{"candidate": "target-participation", "scenario": "base", "session": 500}
{"candidate": "atr-close", "scenario": "base", "session": 600}
{"candidate": "target-participation", "scenario": "base", "session": 600}
{"candidate": "atr-close", "scenario": "base", "session": 700}
{"candidate": "target-participation", "scenario": "base", "session": 700}
{"candidate": "atr-stop", "scenario": "base", "session": 0}
{"candidate": "core-permanent", "scenario": "base", "session": 0}
{"candidate": "atr-stop", "scenario": "base", "session": 100}
{"candidate": "core-permanent", "scenario": "base", "session": 100}
{"candidate": "atr-stop", "scenario": "base", "session": 200}
{"candidate": "core-permanent", "scenario": "base", "session": 200}
{"candidate": "atr-stop", "scenario": "base", "session": 300}
{"candidate": "core-permanent", "scenario": "base", "session": 300}
{"candidate": "atr-stop", "scenario": "base", "session": 400}
{"candidate": "core-permanent", "scenario": "base", "session": 400}
{"candidate": "atr-stop", "scenario": "base", "session": 500}
{"candidate": "atr-stop", "scenario": "base", "session": 600}
{"candidate": "core-permanent", "scenario": "base", "session": 500}
{"candidate": "atr-stop", "scenario": "base", "session": 700}
{"candidate": "core-permanent", "scenario": "base", "session": 600}
{"candidate": "core-slow", "scenario": "base", "session": 0}
{"candidate": "core-permanent", "scenario": "base", "session": 700}
{"candidate": "core-slow", "scenario": "base", "session": 100}
{"candidate": "core-slow", "scenario": "base", "session": 200}
{"candidate": "core-slow", "scenario": "base", "session": 300}
{"candidate": "core-slow", "scenario": "base", "session": 400}
{"candidate": "core-slow", "scenario": "base", "session": 500}
{"candidate": "core-slow", "scenario": "base", "session": 600}
{"candidate": "core-slow", "scenario": "base", "session": 700}
{"complete_accounts": 7, "accounts": 7}
