{"candidate": "crowding-interaction", "scenario": "base", "session": 0}
{"window": ["2020-03-01", "2020-06-01"], "account": "baseline", "final_cny": "13005.26851037295418889556137", "mdd": "0.1872912867364916946033559277", "finished": true, "audit": {"passed": true, "cash_from_fills": "90.0049217513190131254990055", "btc_from_fills": "0.1835824634598936603908933019", "fees_usdt": "2.950477496543786280555555500", "no_deposits": true}, "sessions": 27, "fills": 4, "component_fill_events": 0, "execution_unresolved": 0, "raw_file": "window-0-baseline.json.gz", "raw_sha256": "f291c60300e8c2880666aa726ffe2d8fda2f55a31f3d57e5316ea3e93ef28d4c"}
{"candidate": "core-tactical", "scenario": "base", "session": 0}
Traceback (most recent call last):
  File "<frozen runpy>", line 198, in _run_module_as_main
  File "<frozen runpy>", line 88, in _run_code
  File "/workspace/btc-structure-20261004/spotquant/research/structure_screen.py", line 95, in <module>
    main()
    ~~~~^^
  File "/workspace/btc-structure-20261004/spotquant/research/structure_screen.py", line 54, in main
    json.dump(row, handle, separators=(',', ':'))
    ~~~~~~~~~^^^^^^^^^^^^^^^^^^^^^^^^^^^^^^^^^^^^
  File "/usr/lib/python3.13/json/__init__.py", line 179, in dump
    for chunk in iterable:
                 ^^^^^^^^
  File "/usr/lib/python3.13/json/encoder.py", line 433, in _iterencode
    yield from _iterencode_dict(o, _current_indent_level)
  File "/usr/lib/python3.13/json/encoder.py", line 407, in _iterencode_dict
    yield from chunks
  File "/usr/lib/python3.13/json/encoder.py", line 326, in _iterencode_list
    yield from chunks
  File "/usr/lib/python3.13/json/encoder.py", line 407, in _iterencode_dict
    yield from chunks
  File "/usr/lib/python3.13/json/encoder.py", line 407, in _iterencode_dict
    yield from chunks
  File "/usr/lib/python3.13/json/encoder.py", line 440, in _iterencode
    o = _default(o)
  File "/usr/lib/python3.13/json/encoder.py", line 180, in default
    raise TypeError(f'Object of type {o.__class__.__name__} '
                    f'is not JSON serializable')
TypeError: Object of type Decimal is not JSON serializable
