REUSE provenance
REUSE 1 /workspace/scratch/btc-alpha-beta-edge-20261003/recovery1/budgets/perp-baseline-budget-2500.json.gz
REUSE 1 /workspace/scratch/btc-alpha-beta-edge-20261003/recovery1/budgets/perp-baseline-budget-5000.json.gz
REUSE 1 /workspace/scratch/btc-alpha-beta-edge-20261003/recovery1/budgets/perp-baseline-budget-7500.json.gz
REUSE 1 /workspace/scratch/btc-alpha-beta-edge-20261003/recovery1/budgets/spot-baseline-budget-2500.json.gz
REUSE 1 /workspace/scratch/btc-alpha-beta-edge-20261003/recovery1/budgets/spot-baseline-budget-5000.json.gz
REUSE 1 /workspace/scratch/btc-alpha-beta-edge-20261003/recovery1/budgets/spot-baseline-budget-7500.json.gz
REUSE 4 /workspace/scratch/btc-alpha-beta-edge-20261003/recovery1/risk/perp-risk-registered-4.json.gz
REUSE 1 /workspace/scratch/btc-alpha-beta-edge-20261003/recovery1/risk/spot-risk-atr-stop.json.gz
REUSE 1 /workspace/scratch/btc-alpha-beta-edge-20261003/recovery1/risk/spot-risk-crowding-interaction.json.gz
REUSE 1 /workspace/scratch/btc-alpha-beta-edge-20261003/recovery1/risk/spot-risk-exit-confirm.json.gz
REUSE 1 /workspace/scratch/btc-alpha-beta-edge-20261003/recovery1/risk/spot-risk-stop-budget.json.gz
REUSE 1 /workspace/scratch/btc-alpha-beta-edge-20261003/recovery1/selected-budgets/spot-crowding-interaction-budget-2500.json.gz
REUSE 1 /workspace/scratch/btc-alpha-beta-edge-20261003/recovery1/selected-budgets/spot-crowding-interaction-budget-5000.json.gz
REUSE 1 /workspace/scratch/btc-alpha-beta-edge-20261003/recovery1/selected-budgets/spot-crowding-interaction-budget-7500.json.gz
REUSE 1 /workspace/scratch/btc-alpha-beta-edge-20261003/recovery1/sensitivity/perp-incumbent-offset--60000.json.gz
REUSE 1 /workspace/scratch/btc-alpha-beta-edge-20261003/recovery1/sensitivity/perp-incumbent-offset-60000.json.gz
REUSE 16 /workspace/scratch/btc-alpha-beta-edge-20261003/recovery1/unscaled/perp-registered-16.json.gz
REUSE 1 /workspace/scratch/btc-alpha-beta-edge-20261003/recovery1/unscaled/spot-atr-stop-base.json.gz
REUSE 1 /workspace/scratch/btc-alpha-beta-edge-20261003/recovery1/unscaled/spot-atr-stop-fee150.json.gz
REUSE 1 /workspace/scratch/btc-alpha-beta-edge-20261003/recovery1/unscaled/spot-atr-stop-outage.json.gz
REUSE 1 /workspace/scratch/btc-alpha-beta-edge-20261003/recovery1/unscaled/spot-atr-stop-slip2.json.gz
ACCOUNT PASS spot|cash|base|1E+4|0|unscaled fills 0 days 2454
ACCOUNT PASS spot|cash|fee150|1E+4|0|unscaled fills 0 days 2454
ACCOUNT PASS spot|cash|outage|1E+4|0|unscaled fills 0 days 2454
ACCOUNT PASS spot|cash|slip2|1E+4|0|unscaled fills 0 days 2454
ACCOUNT PASS spot|crowding-interaction|base|1E+4|0|unscaled fills 129 days 2454
ACCOUNT PASS spot|crowding-interaction|fee150|1E+4|0|unscaled fills 147 days 2454
ACCOUNT PASS spot|crowding-interaction|outage|1E+4|0|unscaled fills 129 days 2454
ACCOUNT PASS spot|crowding-interaction|slip2|1E+4|0|unscaled fills 120 days 2454
ACCOUNT PASS spot|exit-confirm|base|1E+4|0|unscaled fills 120 days 2454
ACCOUNT PASS spot|exit-confirm|fee150|1E+4|0|unscaled fills 120 days 2454
ACCOUNT PASS spot|exit-confirm|outage|1E+4|0|unscaled fills 120 days 2454
ACCOUNT PASS spot|exit-confirm|slip2|1E+4|0|unscaled fills 77 days 2454
ACCOUNT PASS spot|protected-participation-100|base|1E+4|0|unscaled fills 31 days 2454
ACCOUNT PASS spot|protected-participation-100|fee150|1E+4|0|unscaled fills 31 days 2454
ACCOUNT PASS spot|protected-participation-100|outage|1E+4|0|unscaled fills 31 days 2454
ACCOUNT PASS spot|protected-participation-100|slip2|1E+4|0|unscaled fills 31 days 2454
ACCOUNT PASS spot|protected-participation-25|base|1E+4|0|unscaled fills 31 days 2454
ACCOUNT PASS spot|protected-participation-25|fee150|1E+4|0|unscaled fills 31 days 2454
ACCOUNT PASS spot|protected-participation-25|outage|1E+4|0|unscaled fills 31 days 2454
ACCOUNT PASS spot|protected-participation-25|slip2|1E+4|0|unscaled fills 31 days 2454
ACCOUNT PASS spot|protected-participation-50|base|1E+4|0|unscaled fills 31 days 2454
ACCOUNT PASS spot|protected-participation-50|fee150|1E+4|0|unscaled fills 31 days 2454
ACCOUNT PASS spot|protected-participation-50|outage|1E+4|0|unscaled fills 31 days 2454
ACCOUNT PASS spot|protected-participation-50|slip2|1E+4|0|unscaled fills 31 days 2454
ACCOUNT PASS spot|protected-participation-75|base|1E+4|0|unscaled fills 31 days 2454
ACCOUNT PASS spot|protected-participation-75|fee150|1E+4|0|unscaled fills 31 days 2454
ACCOUNT PASS spot|protected-participation-75|outage|1E+4|0|unscaled fills 31 days 2454
ACCOUNT PASS spot|protected-participation-75|slip2|1E+4|0|unscaled fills 31 days 2454
ACCOUNT PASS spot|stop-budget|base|1E+4|0|unscaled fills 4 days 2454
ACCOUNT PASS spot|stop-budget|fee150|1E+4|0|unscaled fills 4 days 2454
ACCOUNT PASS spot|stop-budget|outage|1E+4|0|unscaled fills 4 days 2454
ACCOUNT PASS spot|stop-budget|slip2|1E+4|0|unscaled fills 4 days 2454
ACCOUNT PHASE PASS 71
