REUSE provenance
REUSE 1 /workspace/scratch/btc-alpha-beta-edge-20261003/recovery1/budgets/perp-baseline-budget-2500.json.gz
REUSE 1 /workspace/scratch/btc-alpha-beta-edge-20261003/recovery1/budgets/perp-baseline-budget-5000.json.gz
REUSE 1 /workspace/scratch/btc-alpha-beta-edge-20261003/recovery1/budgets/perp-baseline-budget-7500.json.gz
ACCOUNT PASS spot|atr-stop|base|2.5E+3|0|unscaled fills 147 days 2454
ACCOUNT PASS spot|atr-stop|base|5E+3|0|unscaled fills 147 days 2454
ACCOUNT PASS spot|atr-stop|base|7.5E+3|0|unscaled fills 147 days 2454
ACCOUNT PASS perp|incumbent|base|1E+4|0|risk fills 1561 days 2454
ACCOUNT PASS perp|quality-budget|base|1E+4|0|risk fills 1278 days 2454
ACCOUNT PASS perp|cost-horizon|base|1E+4|0|risk fills 1703 days 2454
ACCOUNT PASS perp|crowding-interaction|base|1E+4|0|risk fills 1516 days 2454
ACCOUNT PASS spot|atr-stop|base|1E+4|0|risk fills 147 days 2454
ACCOUNT PASS spot|crowding-interaction|base|1E+4|0|risk fills 129 days 2454
ACCOUNT PASS spot|exit-confirm|base|1E+4|0|risk fills 89 days 2454
ACCOUNT PASS spot|stop-budget|base|1E+4|0|risk fills 4 days 2454
ACCOUNT PASS spot|crowding-interaction|base|2.5E+3|0|unscaled fills 144 days 2454
ACCOUNT PASS spot|crowding-interaction|base|5E+3|0|unscaled fills 144 days 2454
ACCOUNT PASS spot|crowding-interaction|base|7.5E+3|0|unscaled fills 120 days 2454
ACCOUNT PASS perp|incumbent|base|1E+4|-60000|unscaled fills 1831 days 2454
ACCOUNT PASS perp|incumbent|base|1E+4|60000|unscaled fills 1440 days 2454
ACCOUNT PASS perp|incumbent|base|1E+4|0|unscaled fills 1561 days 2454
ACCOUNT PASS perp|incumbent|fees-x1.5|1E+4|0|unscaled fills 2026 days 2454
ACCOUNT PASS perp|incumbent|read-400ms|1E+4|0|unscaled fills 1069 days 2454
ACCOUNT PASS perp|incumbent|trigger-slip|1E+4|0|unscaled fills 1795 days 2454
ACCOUNT PASS perp|quality-budget|base|1E+4|0|unscaled fills 1278 days 2454
ACCOUNT PASS perp|quality-budget|fees-x1.5|1E+4|0|unscaled fills 1334 days 2454
ACCOUNT PASS perp|quality-budget|read-400ms|1E+4|0|unscaled fills 759 days 2454
ACCOUNT PASS perp|quality-budget|trigger-slip|1E+4|0|unscaled fills 1257 days 2454
ACCOUNT PASS perp|cost-horizon|base|1E+4|0|unscaled fills 1703 days 2454
ACCOUNT PASS perp|cost-horizon|fees-x1.5|1E+4|0|unscaled fills 1577 days 2454
ACCOUNT PASS perp|cost-horizon|read-400ms|1E+4|0|unscaled fills 977 days 2454
ACCOUNT PASS perp|cost-horizon|trigger-slip|1E+4|0|unscaled fills 1610 days 2454
ACCOUNT PASS perp|crowding-interaction|base|1E+4|0|unscaled fills 1516 days 2454
ACCOUNT PASS perp|crowding-interaction|fees-x1.5|1E+4|0|unscaled fills 1851 days 2454
ACCOUNT PASS perp|crowding-interaction|read-400ms|1E+4|0|unscaled fills 1040 days 2454
ACCOUNT PASS perp|crowding-interaction|trigger-slip|1E+4|0|unscaled fills 1671 days 2454
ACCOUNT PASS spot|atr-stop|base|1E+4|0|unscaled fills 147 days 2454
ACCOUNT PASS spot|atr-stop|fee150|1E+4|0|unscaled fills 147 days 2454
ACCOUNT PASS spot|atr-stop|outage|1E+4|0|unscaled fills 147 days 2454
ACCOUNT PASS spot|atr-stop|slip2|1E+4|0|unscaled fills 147 days 2454
Traceback (most recent call last):
  File "/workspace/scratch/btc-alpha-beta-edge-20261003/financial-review/recompute.py", line 255, in <module>
    try:main()
        ^^^^^^
  File "/workspace/scratch/btc-alpha-beta-edge-20261003/financial-review/recompute.py", line 253, in main
    prov=provenance();bars,mr,cr=market();a=accounts(bars,mr,cr);put(OUT/'account-phase-complete.json',{'count':len(a),'account_paths':{k:str(OUT/'accounts'/(hashlib.sha256(k.encode()).hexdigest()+'.json')) for k in a},'market_returns':mr,'cny_market_returns':cr,'script_sha256':sha(__file__),'input_hashes_sha256':checksum(prov['input_hashes'])});print('ACCOUNT PHASE PASS',len(a),flush=True)
                                            ^^^^^^^^^^^^^^^^^^^^
  File "/workspace/scratch/btc-alpha-beta-edge-20261003/financial-review/recompute.py", line 245, in accounts
    proof,fees,funding=ledger(row,kind);eq(proof,a['monetary_audit'],'independent ledger');cur=curve(row,kind,bars);eq(cur,a['curve'],'independent daily curve');m=metrics(row,cur,kind,mr,cr);eq(m,a['metrics'],'independent all metrics');timing=clocks(row,kind,scenario,a['offset']);fp=groups(row,kind)
                                                                                                                                                                                                                                                   ^^^^^^^^^^^^^^^^^^^^^^^^^^^^^^^^^^^^^
  File "/workspace/scratch/btc-alpha-beta-edge-20261003/financial-review/recompute.py", line 216, in clocks
    near(sum((D(p['qty']) for p in row['positions'].values()),D(0)),row['btc'],'owned final qty')
         ^^^^^^^^^^^^^^^^^^^^^^^^^^^^^^^^^^^^^^^^^^^^^^^^^^^^^^^^^^
  File "/workspace/scratch/btc-alpha-beta-edge-20261003/financial-review/recompute.py", line 216, in <genexpr>
    near(sum((D(p['qty']) for p in row['positions'].values()),D(0)),row['btc'],'owned final qty')
                ~^^^^^^^
TypeError: 'NoneType' object is not subscriptable
