PROVENANCE SUPPLEMENT PASS 5333 files 11 phases
JOURNAL PASS 1 /workspace/scratch/btc-alpha-beta-edge-20261003/recovery1/budgets/perp-baseline-budget-2500.json.gz
JOURNAL PASS 1 /workspace/scratch/btc-alpha-beta-edge-20261003/recovery1/budgets/perp-baseline-budget-5000.json.gz
JOURNAL PASS 1 /workspace/scratch/btc-alpha-beta-edge-20261003/recovery1/budgets/perp-baseline-budget-7500.json.gz
JOURNAL PASS 1 /workspace/scratch/btc-alpha-beta-edge-20261003/recovery1/budgets/spot-baseline-budget-2500.json.gz
JOURNAL PASS 1 /workspace/scratch/btc-alpha-beta-edge-20261003/recovery1/budgets/spot-baseline-budget-5000.json.gz
JOURNAL PASS 1 /workspace/scratch/btc-alpha-beta-edge-20261003/recovery1/budgets/spot-baseline-budget-7500.json.gz
JOURNAL PASS 4 /workspace/scratch/btc-alpha-beta-edge-20261003/recovery1/risk/perp-risk-registered-4.json.gz
JOURNAL PASS 1 /workspace/scratch/btc-alpha-beta-edge-20261003/recovery1/risk/spot-risk-atr-stop.json.gz
JOURNAL PASS 1 /workspace/scratch/btc-alpha-beta-edge-20261003/recovery1/risk/spot-risk-crowding-interaction.json.gz
JOURNAL PASS 1 /workspace/scratch/btc-alpha-beta-edge-20261003/recovery1/risk/spot-risk-exit-confirm.json.gz
JOURNAL PASS 1 /workspace/scratch/btc-alpha-beta-edge-20261003/recovery1/risk/spot-risk-stop-budget.json.gz
JOURNAL PASS 1 /workspace/scratch/btc-alpha-beta-edge-20261003/recovery1/selected-budgets/spot-crowding-interaction-budget-2500.json.gz
JOURNAL PASS 1 /workspace/scratch/btc-alpha-beta-edge-20261003/recovery1/selected-budgets/spot-crowding-interaction-budget-5000.json.gz
JOURNAL PASS 1 /workspace/scratch/btc-alpha-beta-edge-20261003/recovery1/selected-budgets/spot-crowding-interaction-budget-7500.json.gz
JOURNAL PASS 1 /workspace/scratch/btc-alpha-beta-edge-20261003/recovery1/sensitivity/perp-incumbent-offset--60000.json.gz
JOURNAL PASS 1 /workspace/scratch/btc-alpha-beta-edge-20261003/recovery1/sensitivity/perp-incumbent-offset-60000.json.gz
JOURNAL PASS 16 /workspace/scratch/btc-alpha-beta-edge-20261003/recovery1/unscaled/perp-registered-16.json.gz
JOURNAL PASS 1 /workspace/scratch/btc-alpha-beta-edge-20261003/recovery1/unscaled/spot-atr-stop-base.json.gz
JOURNAL PASS 1 /workspace/scratch/btc-alpha-beta-edge-20261003/recovery1/unscaled/spot-atr-stop-fee150.json.gz
JOURNAL PASS 1 /workspace/scratch/btc-alpha-beta-edge-20261003/recovery1/unscaled/spot-atr-stop-outage.json.gz
JOURNAL PASS 1 /workspace/scratch/btc-alpha-beta-edge-20261003/recovery1/unscaled/spot-atr-stop-slip2.json.gz
JOURNAL PASS 1 /workspace/scratch/btc-alpha-beta-edge-20261003/recovery1/unscaled/spot-cash-base.json.gz
JOURNAL PASS 1 /workspace/scratch/btc-alpha-beta-edge-20261003/recovery1/unscaled/spot-cash-fee150.json.gz
JOURNAL PASS 1 /workspace/scratch/btc-alpha-beta-edge-20261003/recovery1/unscaled/spot-cash-outage.json.gz
JOURNAL PASS 1 /workspace/scratch/btc-alpha-beta-edge-20261003/recovery1/unscaled/spot-cash-slip2.json.gz
JOURNAL PASS 1 /workspace/scratch/btc-alpha-beta-edge-20261003/recovery1/unscaled/spot-crowding-interaction-base.json.gz
JOURNAL PASS 1 /workspace/scratch/btc-alpha-beta-edge-20261003/recovery1/unscaled/spot-crowding-interaction-fee150.json.gz
JOURNAL PASS 1 /workspace/scratch/btc-alpha-beta-edge-20261003/recovery1/unscaled/spot-crowding-interaction-outage.json.gz
JOURNAL PASS 1 /workspace/scratch/btc-alpha-beta-edge-20261003/recovery1/unscaled/spot-crowding-interaction-slip2.json.gz
JOURNAL PASS 1 /workspace/scratch/btc-alpha-beta-edge-20261003/recovery1/unscaled/spot-exit-confirm-base.json.gz
JOURNAL PASS 1 /workspace/scratch/btc-alpha-beta-edge-20261003/recovery1/unscaled/spot-exit-confirm-fee150.json.gz
JOURNAL PASS 1 /workspace/scratch/btc-alpha-beta-edge-20261003/recovery1/unscaled/spot-exit-confirm-outage.json.gz
JOURNAL PASS 1 /workspace/scratch/btc-alpha-beta-edge-20261003/recovery1/unscaled/spot-exit-confirm-slip2.json.gz
JOURNAL PASS 1 /workspace/scratch/btc-alpha-beta-edge-20261003/recovery1/unscaled/spot-protected-participation-100-base.json.gz
JOURNAL PASS 1 /workspace/scratch/btc-alpha-beta-edge-20261003/recovery1/unscaled/spot-protected-participation-100-fee150.json.gz
JOURNAL PASS 1 /workspace/scratch/btc-alpha-beta-edge-20261003/recovery1/unscaled/spot-protected-participation-100-outage.json.gz
JOURNAL PASS 1 /workspace/scratch/btc-alpha-beta-edge-20261003/recovery1/unscaled/spot-protected-participation-100-slip2.json.gz
JOURNAL PASS 1 /workspace/scratch/btc-alpha-beta-edge-20261003/recovery1/unscaled/spot-protected-participation-25-base.json.gz
JOURNAL PASS 1 /workspace/scratch/btc-alpha-beta-edge-20261003/recovery1/unscaled/spot-protected-participation-25-fee150.json.gz
JOURNAL PASS 1 /workspace/scratch/btc-alpha-beta-edge-20261003/recovery1/unscaled/spot-protected-participation-25-outage.json.gz
JOURNAL PASS 1 /workspace/scratch/btc-alpha-beta-edge-20261003/recovery1/unscaled/spot-protected-participation-25-slip2.json.gz
JOURNAL PASS 1 /workspace/scratch/btc-alpha-beta-edge-20261003/recovery1/unscaled/spot-protected-participation-50-base.json.gz
JOURNAL PASS 1 /workspace/scratch/btc-alpha-beta-edge-20261003/recovery1/unscaled/spot-protected-participation-50-fee150.json.gz
JOURNAL PASS 1 /workspace/scratch/btc-alpha-beta-edge-20261003/recovery1/unscaled/spot-protected-participation-50-outage.json.gz
JOURNAL PASS 1 /workspace/scratch/btc-alpha-beta-edge-20261003/recovery1/unscaled/spot-protected-participation-50-slip2.json.gz
JOURNAL PASS 1 /workspace/scratch/btc-alpha-beta-edge-20261003/recovery1/unscaled/spot-protected-participation-75-base.json.gz
JOURNAL PASS 1 /workspace/scratch/btc-alpha-beta-edge-20261003/recovery1/unscaled/spot-protected-participation-75-fee150.json.gz
JOURNAL PASS 1 /workspace/scratch/btc-alpha-beta-edge-20261003/recovery1/unscaled/spot-protected-participation-75-outage.json.gz
JOURNAL PASS 1 /workspace/scratch/btc-alpha-beta-edge-20261003/recovery1/unscaled/spot-protected-participation-75-slip2.json.gz
JOURNAL PASS 1 /workspace/scratch/btc-alpha-beta-edge-20261003/recovery1/unscaled/spot-stop-budget-base.json.gz
JOURNAL PASS 1 /workspace/scratch/btc-alpha-beta-edge-20261003/recovery1/unscaled/spot-stop-budget-fee150.json.gz
JOURNAL PASS 1 /workspace/scratch/btc-alpha-beta-edge-20261003/recovery1/unscaled/spot-stop-budget-outage.json.gz
JOURNAL PASS 1 /workspace/scratch/btc-alpha-beta-edge-20261003/recovery1/unscaled/spot-stop-budget-slip2.json.gz
SUPPLEMENT PASS
