test_actual_public_pair_and_settlement_ignore_running_bars (test_canonical_crowding.CanonicalCrowdingTests.test_actual_public_pair_and_settlement_ignore_running_bars) ... ok
test_causal_expiry_jitter_prior_date_and_future_bar (test_canonical_crowding.CanonicalCrowdingTests.test_causal_expiry_jitter_prior_date_and_future_bar) ... ok
test_forward_exact_raw_source_and_native_decision_agree (test_canonical_crowding.CanonicalCrowdingTests.test_forward_exact_raw_source_and_native_decision_agree) ... ERROR
test_missing_blocks_new_risk_and_never_adds_held_risk (test_canonical_crowding.CanonicalCrowdingTests.test_missing_blocks_new_risk_and_never_adds_held_risk) ... ok
test_missing_inputs_preserve_safety_exit_and_native_stop_floor (test_canonical_crowding.CanonicalCrowdingTests.test_missing_inputs_preserve_safety_exit_and_native_stop_floor) ... FAIL
test_public_failure_receipt_retained_and_predicted_rate_rejected (test_canonical_crowding.CanonicalCrowdingTests.test_public_failure_receipt_retained_and_predicted_rate_rejected) ... ok
test_public_future_receipt_conflicting_settlement_and_bad_pair_block (test_canonical_crowding.CanonicalCrowdingTests.test_public_future_receipt_conflicting_settlement_and_bad_pair_block) ... ok
test_rule_guard_precedes_lifecycle_recovery (test_canonical_crowding.CanonicalCrowdingTests.test_rule_guard_precedes_lifecycle_recovery) ... ok
test_shared_research_predicate_and_exactly_one_half_size (test_canonical_crowding.CanonicalCrowdingTests.test_shared_research_predicate_and_exactly_one_half_size) ... FAIL
test_strict_thresholds_and_strong_momentum_leave_original_size (test_canonical_crowding.CanonicalCrowdingTests.test_strict_thresholds_and_strong_momentum_leave_original_size) ... ok
test_unity_risk_profile_accepts_decimal_one_and_rejects_changed_size (test_canonical_crowding.CanonicalCrowdingTests.test_unity_risk_profile_accepts_decimal_one_and_rejects_changed_size) ... ok

======================================================================
ERROR: test_forward_exact_raw_source_and_native_decision_agree (test_canonical_crowding.CanonicalCrowdingTests.test_forward_exact_raw_source_and_native_decision_agree)
----------------------------------------------------------------------
Traceback (most recent call last):
  File "/workspace/btc-alpha-beta-canonical-prepare/spotquant/spotquant/model.py", line 416, in restore
    raise ValueError('sma')
ValueError: sma

The above exception was the direct cause of the following exception:

Traceback (most recent call last):
  File "/workspace/btc-alpha-beta-canonical-prepare/spotquant/tests/test_canonical_crowding.py", line 158, in test_forward_exact_raw_source_and_native_decision_agree
    proposal, money, _ = f.spot_decide(state, [{'close': '100'}], book, self.now, True)
                         ^^^^^^^^^^^^^^^^^^^^^^^^^^^^^^^^^^^^^^^^^^^^^^^^^^^^^^^^^^^^^^
  File "/workspace/btc-alpha-beta-canonical-prepare/spotquant/research/edge_forward.py", line 997, in spot_decide
    model, quantity = _view(Model.restore(saved), positions.get(w))
                            ^^^^^^^^^^^^^^^^^^^^
  File "/workspace/btc-alpha-beta-canonical-prepare/spotquant/spotquant/model.py", line 435, in restore
    raise Blocked('model checkpoint does not match this origin') from exc
spotquant.types.Blocked: model checkpoint does not match this origin

======================================================================
FAIL: test_missing_inputs_preserve_safety_exit_and_native_stop_floor (test_canonical_crowding.CanonicalCrowdingTests.test_missing_inputs_preserve_safety_exit_and_native_stop_floor)
----------------------------------------------------------------------
Traceback (most recent call last):
  File "/workspace/btc-alpha-beta-canonical-prepare/spotquant/tests/test_canonical_crowding.py", line 104, in test_missing_inputs_preserve_safety_exit_and_native_stop_floor
    self.assertEqual(result['protections'], original['protections'])
AssertionError: Lists differ: [] != [{'symbol': 'BTCUSDT', 'side': 'SELL', 'ty[222 chars]50]}]

Second list contains 1 additional elements.
First extra element 0:
{'symbol': 'BTCUSDT', 'side': 'SELL', 'type': 'STOP_LOSS', 'stopPrice': '90.00', 'note': 'quantity would be the filled base amount; stop starts 10% under the completed close and is amended to the fill', 'limit_placeable': None, 'placeable': True, 'sleeves': [40, 50]}

- []
+ [{'limit_placeable': None,
+   'note': 'quantity would be the filled base amount; stop starts 10% under the '
+           'completed close and is amended to the fill',
+   'placeable': True,
+   'side': 'SELL',
+   'sleeves': [40, 50],
+   'stopPrice': '90.00',
+   'symbol': 'BTCUSDT',
+   'type': 'STOP_LOSS'}]

======================================================================
FAIL: test_shared_research_predicate_and_exactly_one_half_size (test_canonical_crowding.CanonicalCrowdingTests.test_shared_research_predicate_and_exactly_one_half_size)
----------------------------------------------------------------------
Traceback (most recent call last):
  File "/workspace/btc-alpha-beta-canonical-prepare/spotquant/tests/test_canonical_crowding.py", line 57, in test_shared_research_predicate_and_exactly_one_half_size
    self.assertEqual(D(canonical['orders'][0]['quoteOrderQty']), D(original['orders'][0]['quoteOrderQty']) / 2)
AssertionError: Decimal('499.99') != Decimal('499.995')

----------------------------------------------------------------------
Ran 11 tests in 0.143s

FAILED (failures=2, errors=1)
