Traceback (most recent call last):
  File "/workspace/coinquant/research/nine_worker.py", line 290, in <module>
    try:main()
        ~~~~^^
  File "/workspace/coinquant/research/nine_worker.py", line 281, in main
    worker.reset(command);worker.last_report={};emit(dict(event='ready',snapshot=worker.snapshot()))
                                                                                 ~~~~~~~~~~~~~~~^^
  File "/workspace/coinquant/research/nine_worker.py", line 156, in snapshot
    try:mark=e._mark_state()[1]
             ~~~~~~~~~~~~~^^
  File "/workspace/coinquant/research/session_exchange.py", line 168, in _mark_state
    stamp, price = self._last_print()
                   ~~~~~~~~~~~~~~~~^^
  File "/workspace/coinquant/research/session_exchange.py", line 175, in _last_print
    last = self.prints.last(self.now_ms)
  File "/workspace/coinquant/research/session_market.py", line 337, in last
    rows = self._load(candidate)
  File "/workspace/coinquant/research/nine_worker.py", line 72, in _load
    if not origin.exists():raise ValueError('selected original print input missing; no download')
                           ^^^^^^^^^^^^^^^^^^^^^^^^^^^^^^^^^^^^^^^^^^^^^^^^^^^^^^^^^^^^^^^^^^^^^^
ValueError: selected original print input missing; no download
Traceback (most recent call last):
  File "<frozen runpy>", line 198, in _run_module_as_main
  File "<frozen runpy>", line 88, in _run_code
  File "/workspace/coinquant/research/nine_worker.py", line 290, in <module>
    try:main()
        ~~~~^^
  File "/workspace/coinquant/research/nine_worker.py", line 281, in main
    worker.reset(command);worker.last_report={};emit(dict(event='ready',snapshot=worker.snapshot()))
                                                                                 ~~~~~~~~~~~~~~~^^
  File "/workspace/coinquant/research/nine_worker.py", line 156, in snapshot
    try:mark=e._mark_state()[1]
             ~~~~~~~~~~~~~^^
  File "/workspace/coinquant/research/session_exchange.py", line 168, in _mark_state
    stamp, price = self._last_print()
                   ~~~~~~~~~~~~~~~~^^
  File "/workspace/coinquant/research/session_exchange.py", line 175, in _last_print
    last = self.prints.last(self.now_ms)
  File "/workspace/coinquant/research/session_market.py", line 337, in last
    rows = self._load(candidate)
  File "/workspace/coinquant/research/nine_worker.py", line 72, in _load
    if not origin.exists():raise ValueError('selected original print input missing; no download')
                           ^^^^^^^^^^^^^^^^^^^^^^^^^^^^^^^^^^^^^^^^^^^^^^^^^^^^^^^^^^^^^^^^^^^^^^
ValueError: selected original print input missing; no download
