{
  "frozen_module_imports": 0,
  "temporary_only": true,
  "real_controller_launches": 0,
  "real_account_cache_state_operations": 0,
  "immutable99_evidence_fingerprints_used": true,
  "passed": [
    "real99_fingerprints_projection_none",
    "real99_fingerprints_projection_operating",
    "real99_fingerprints_projection_incomplete",
    "real99_fingerprints_projection_source",
    "real99_fingerprints_projection_profile",
    "real99_fingerprints_projection_consume",
    "exclusive_write",
    "duplicate_keys",
    "nonfinite_json",
    "gzip_crc",
    "symlink_refusal",
    "bound_hash_cannot_be_replaced",
    "active_process_refusal_-m",
    "active_process_refusal_run_registered_followthrough_public_vault.py",
    "active_process_refusal_-m",
    "intent_before_restore_or_producer",
    "one_attempt_refuses_relaunch",
    "exact_incumbent_argv_and_tmpdir",
    "intent_claims_required_verification_before_restore",
    "failed_restore_never_claims_verification_success",
    "parent_shell_is_not_a_second_controller",
    "catalog_matches_original_consumed_hash",
    "catalog_conflict_blocks_before_restore"
  ],
  "count": 23
}
