{"session": 0, "date": "2020-01-01T00:00:00Z", "failures": {}}
{"session": 10, "date": "2020-01-28T04:00:00Z", "failures": {}}
{"session": 20, "date": "2020-02-20T10:00:00Z", "failures": {}}
{"session": 30, "date": "2020-03-28T06:00:00Z", "failures": {}}
{"session": 40, "date": "2020-04-29T12:00:00Z", "failures": {}}
{"session": 50, "date": "2020-05-28T04:00:00Z", "failures": {}}
{"session": 60, "date": "2020-06-22T00:00:00Z", "failures": {}}
{"session": 70, "date": "2020-07-21T16:00:00Z", "failures": {}}
{"session": 80, "date": "2020-08-21T08:00:00Z", "failures": {}}
{"session": 90, "date": "2020-09-20T06:00:00Z", "failures": {}}
{"session": 100, "date": "2020-10-15T16:00:00Z", "failures": {}}
{"session": 110, "date": "2020-11-21T00:00:00Z", "failures": {}}
{"session": 120, "date": "2020-12-21T08:00:00Z", "failures": {}}
{"session": 130, "date": "2021-01-19T10:00:00Z", "failures": {}}
{"session": 140, "date": "2021-02-19T22:00:00Z", "failures": {}}
{"session": 150, "date": "2021-03-29T04:00:00Z", "failures": {}}
{"session": 160, "date": "2021-05-08T22:00:00Z", "failures": {}}
{"session": 170, "date": "2021-06-07T06:00:00Z", "failures": {}}
{"session": 180, "date": "2021-07-23T10:00:00Z", "failures": {}}
{"session": 190, "date": "2021-08-17T04:00:00Z", "failures": {}}
{"session": 200, "date": "2021-09-16T14:00:00Z", "failures": {}}
{"session": 210, "date": "2021-10-09T10:00:00Z", "failures": {}}
{"session": 220, "date": "2021-11-17T18:00:00Z", "failures": {}}
{"session": 230, "date": "2021-12-20T04:00:00Z", "failures": {}}
{"session": 240, "date": "2022-01-24T22:00:00Z", "failures": {}}
{"session": 250, "date": "2022-02-20T14:00:00Z", "failures": {}}
{"session": 260, "date": "2022-03-23T10:00:00Z", "failures": {}}
{"session": 270, "date": "2022-05-04T12:00:00Z", "failures": {}}
{"session": 280, "date": "2022-06-08T04:00:00Z", "failures": {}}
{"session": 290, "date": "2022-07-04T00:00:00Z", "failures": {}}
{"session": 300, "date": "2022-07-25T22:00:00Z", "failures": {}}
{"session": 310, "date": "2022-08-25T04:00:00Z", "failures": {}}
{"session": 320, "date": "2022-09-15T20:00:00Z", "failures": {}}
{"session": 330, "date": "2022-10-21T18:00:00Z", "failures": {}}
{"session": 340, "date": "2022-11-24T02:00:00Z", "failures": {}}
{"session": 350, "date": "2022-12-23T20:00:00Z", "failures": {}}
{"session": 360, "date": "2023-01-19T06:00:00Z", "failures": {}}
{"session": 370, "date": "2023-02-26T10:00:00Z", "failures": {}}
{"session": 380, "date": "2023-03-26T02:00:00Z", "failures": {}}
{"session": 390, "date": "2023-04-27T14:00:00Z", "failures": {}}
{"session": 400, "date": "2023-05-28T02:00:00Z", "failures": {}}
{"session": 410, "date": "2023-06-30T20:00:00Z", "failures": {}}
{"session": 420, "date": "2023-08-04T20:00:00Z", "failures": {}}
{"session": 430, "date": "2023-08-28T02:00:00Z", "failures": {}}
{"session": 440, "date": "2023-10-01T06:00:00Z", "failures": {}}
{"session": 450, "date": "2023-11-05T10:00:00Z", "failures": {}}
{"session": 460, "date": "2023-12-08T08:00:00Z", "failures": {}}
{"session": 470, "date": "2024-01-10T10:00:00Z", "failures": {}}
{"session": 480, "date": "2024-02-06T00:00:00Z", "failures": {}}
{"session": 490, "date": "2024-03-04T00:00:00Z", "failures": {}}
{"session": 500, "date": "2024-04-18T10:00:00Z", "failures": {}}
{"session": 510, "date": "2024-05-29T14:00:00Z", "failures": {}}
{"session": 520, "date": "2024-06-22T18:00:00Z", "failures": {}}
{"session": 530, "date": "2024-07-12T02:00:00Z", "failures": {}}
{"session": 540, "date": "2024-08-16T06:00:00Z", "failures": {}}
{"session": 550, "date": "2024-09-23T10:00:00Z", "failures": {}}
{"session": 560, "date": "2024-11-01T04:00:00Z", "failures": {}}
{"session": 570, "date": "2024-11-26T00:00:00Z", "failures": {}}
{"session": 580, "date": "2024-12-19T08:00:00Z", "failures": {}}
{"session": 590, "date": "2025-01-12T08:00:00Z", "failures": {}}
{"session": 600, "date": "2025-02-11T00:00:00Z", "failures": {}}
{"session": 610, "date": "2025-03-07T06:00:00Z", "failures": {}}
{"session": 620, "date": "2025-04-11T18:00:00Z", "failures": {}}
{"session": 630, "date": "2025-05-09T20:00:00Z", "failures": {}}
{"session": 640, "date": "2025-06-08T06:00:00Z", "failures": {}}
{"session": 650, "date": "2025-07-16T08:00:00Z", "failures": {}}
{"session": 660, "date": "2025-08-20T08:00:00Z", "failures": {}}
{"session": 670, "date": "2025-09-15T18:00:00Z", "failures": {}}
{"session": 680, "date": "2025-10-15T16:00:00Z", "failures": {}}
{"session": 690, "date": "2025-11-11T14:00:00Z", "failures": {}}
{"session": 700, "date": "2025-12-03T20:00:00Z", "failures": {}}
{"session": 710, "date": "2026-01-08T08:00:00Z", "failures": {}}
{"session": 720, "date": "2026-02-04T10:00:00Z", "failures": {}}
{"session": 730, "date": "2026-03-02T06:00:00Z", "failures": {}}
{"session": 740, "date": "2026-04-10T14:00:00Z", "failures": {}}
{"session": 750, "date": "2026-05-01T18:00:00Z", "failures": {}}
{"session": 760, "date": "2026-05-25T22:00:00Z", "failures": {}}
{"session": 770, "date": "2026-06-26T00:00:00Z", "failures": {}}
{"session": 780, "date": "2026-08-09T02:00:00Z", "failures": {}}
{"session": 790, "date": "2026-09-05T10:00:00Z", "failures": {}}
{"finished": "incumbent/base", "complete": true, "audit": true, "cagr": 1.1922835553585416, "mdd": "0.4410507881955692423535878539"}
{"finished": "incumbent/fees-x1.5", "complete": true, "audit": true, "cagr": 1.2854050784017872, "mdd": "0.4438491131225800640158734885"}
{"finished": "incumbent/read-400ms", "complete": true, "audit": true, "cagr": 1.047729985096748, "mdd": "0.4441185722536510697724903881"}
{"finished": "incumbent/trigger-slip", "complete": true, "audit": true, "cagr": 1.2493652065950864, "mdd": "0.4464701359792075525299779820"}
{"finished": "quality-budget/base", "complete": true, "audit": true, "cagr": 1.1371477948833646, "mdd": "0.4410572696389527241573152262"}
{"finished": "quality-budget/fees-x1.5", "complete": true, "audit": true, "cagr": 1.151192655415835, "mdd": "0.4438357621110326532345165847"}
{"finished": "quality-budget/read-400ms", "complete": true, "audit": true, "cagr": 0.9512910291288303, "mdd": "0.4440348373788964975083586378"}
{"finished": "quality-budget/trigger-slip", "complete": true, "audit": true, "cagr": 1.1275164801584578, "mdd": "0.4463479190963068798752705466"}
{"finished": "cost-horizon/base", "complete": true, "audit": true, "cagr": 1.1973153604577402, "mdd": "0.4410851480470460724274469985"}
{"finished": "cost-horizon/fees-x1.5", "complete": true, "audit": true, "cagr": 1.1716056245383588, "mdd": "0.4438220768023885969552560446"}
{"finished": "cost-horizon/read-400ms", "complete": true, "audit": true, "cagr": 0.9771326811468548, "mdd": "0.4440767011356615247650045409"}
{"finished": "cost-horizon/trigger-slip", "complete": true, "audit": true, "cagr": 1.178017256217494, "mdd": "0.4464327402459969635147758327"}
{"finished": "crowding-interaction/base", "complete": true, "audit": true, "cagr": 1.1885385378253823, "mdd": "0.4410507881955692423535878539"}
{"finished": "crowding-interaction/fees-x1.5", "complete": true, "audit": true, "cagr": 1.2824135980898483, "mdd": "0.4438491131225800640158734885"}
{"finished": "crowding-interaction/read-400ms", "complete": true, "audit": true, "cagr": 1.0439622913482207, "mdd": "0.4441185722536510697724903881"}
{"finished": "crowding-interaction/trigger-slip", "complete": true, "audit": true, "cagr": 1.2465459085330606, "mdd": "0.4464701359792075525299779820"}
