{
  "status": "APPROVED",
  "export": {
    "path": "/workspace/scratch/btc-alpha-beta-edge-20261003/forward/forward-binding.json",
    "sha256": "d2bc7eca7f2dfdb9a1049c41f1f80f10f603cedc8ab2f9d8bcb260897fab3b31",
    "bytes": 184330939
  },
  "proof": {
    "path": "/workspace/scratch/btc-alpha-beta-edge-20261003/financial-review/final-export-approval/export-approval-proof.json",
    "sha256": "7f9d68ab262c785948162faea6b2808943044d22aff3cb7d39012c971a0a46f1"
  },
  "report": {
    "path": "/workspace/scratch/btc-alpha-beta-edge-20261003/financial-review/final-export-approval/export-approval-review.md",
    "sha256": "22a1b016a2670cdb95f48939fed991b99b760c9f693bf7ce129cff5f93f03979"
  },
  "approved_initialization_mode": "deferred_market_warmup",
  "projects": [
    "spot",
    "perp"
  ],
  "review_sha256": "50dc293c8225027f2bfa49508cdd058f2ccc4a44ebb4976f3b41b206d048aefc"
}
