usage: edge_assessment.py [-h] --phase {preliminary,calibration,final}
                          [--spot SPOT] [--spot-calibration SPOT_CALIBRATION]
                          [--perp PERP] [--perp-calibration PERP_CALIBRATION]
                          [--schedule SCHEDULE] [--fx FX] [--market MARKET]
                          --features FEATURES [--coin-market COIN_MARKET]
                          [--coin-prints COIN_PRINTS]
                          [--references REFERENCES]
                          [--financial-review FINANCIAL_REVIEW]
                          [--calibration-out-dir CALIBRATION_OUT_DIR] --out
                          OUT [--csv CSV] [--markdown MARKDOWN]

Read-only, source-bound assessment of the frozen edge account inventory. Every
input is an original producer file (or one-level hash manifest). No producer,
network client, order, curve scaling, or parameter search runs in this module.

options:
  -h, --help            show this help message and exit
  --phase {preliminary,calibration,final}
  --spot SPOT
  --spot-calibration SPOT_CALIBRATION
  --perp PERP
  --perp-calibration PERP_CALIBRATION
  --schedule SCHEDULE
  --fx FX
  --market MARKET
  --features FEATURES
  --coin-market COIN_MARKET
  --coin-prints COIN_PRINTS
  --references REFERENCES
  --financial-review FINANCIAL_REVIEW
  --calibration-out-dir CALIBRATION_OUT_DIR
  --out OUT
  --csv CSV
  --markdown MARKDOWN
