{"candidate": "atr-close", "scenario": "base", "session": 0}
{"candidate": "atr-close", "scenario": "fee150", "session": 0}
{"candidate": "atr-close", "scenario": "base", "session": 100}
{"candidate": "atr-close", "scenario": "fee150", "session": 100}
{"candidate": "atr-close", "scenario": "base", "session": 200}
{"candidate": "atr-close", "scenario": "fee150", "session": 200}
{"candidate": "atr-close", "scenario": "base", "session": 300}
{"candidate": "atr-close", "scenario": "fee150", "session": 300}
{"candidate": "atr-close", "scenario": "base", "session": 400}
{"candidate": "atr-close", "scenario": "fee150", "session": 400}
{"candidate": "atr-close", "scenario": "base", "session": 500}
{"candidate": "atr-close", "scenario": "fee150", "session": 500}
{"candidate": "atr-close", "scenario": "base", "session": 600}
{"candidate": "atr-close", "scenario": "fee150", "session": 600}
{"candidate": "atr-close", "scenario": "base", "session": 700}
{"candidate": "atr-close", "scenario": "fee150", "session": 700}
{"candidate": "atr-close", "scenario": "slip2", "session": 0}
{"candidate": "atr-close", "scenario": "outage", "session": 0}
{"candidate": "atr-close", "scenario": "slip2", "session": 100}
{"candidate": "atr-close", "scenario": "outage", "session": 100}
{"candidate": "atr-close", "scenario": "outage", "session": 200}
{"candidate": "atr-close", "scenario": "slip2", "session": 200}
{"candidate": "atr-close", "scenario": "outage", "session": 300}
{"candidate": "atr-close", "scenario": "slip2", "session": 300}
{"candidate": "atr-close", "scenario": "outage", "session": 400}
{"candidate": "atr-close", "scenario": "slip2", "session": 400}
{"candidate": "atr-close", "scenario": "outage", "session": 500}
{"candidate": "atr-close", "scenario": "slip2", "session": 500}
{"candidate": "atr-close", "scenario": "outage", "session": 600}
{"candidate": "atr-close", "scenario": "slip2", "session": 600}
{"candidate": "atr-close", "scenario": "outage", "session": 700}
{"candidate": "atr-close", "scenario": "slip2", "session": 700}
{"complete_accounts": 4, "accounts": 4}
