test_a_close_four_percent_under_the_fill_sells_the_next_open (test_account.AccountTests.test_a_close_four_percent_under_the_fill_sells_the_next_open) ... ok
test_a_cold_start_waits_for_a_fresh_cross_and_the_first_open_never_buys (test_account.AccountTests.test_a_cold_start_waits_for_a_fresh_cross_and_the_first_open_never_buys) ... ok
test_a_stop_due_on_the_bar_after_the_window_stays_visible (test_account.AccountTests.test_a_stop_due_on_the_bar_after_the_window_stays_visible) ... ok
test_conversion_haircut_is_applied_twice_on_an_idle_account (test_account.AccountTests.test_conversion_haircut_is_applied_twice_on_an_idle_account) ... ok
test_entry_is_delayed_until_the_next_open_and_trail_exits (test_account.AccountTests.test_entry_is_delayed_until_the_next_open_and_trail_exits) ... ok
test_one_sleeve_prints_the_single_account (test_account.AccountTests.test_one_sleeve_prints_the_single_account) ... ok
test_the_final_cny_mark_enters_the_drawdown (test_account.AccountTests.test_the_final_cny_mark_enters_the_drawdown) ... ok
test_two_sleeves_split_the_pool_and_exit_on_their_own_coins (test_account.AccountTests.test_two_sleeves_split_the_pool_and_exit_on_their_own_coins) ... ok
test_atr_counts_the_previous_close_gap_and_waits_for_fourteen_ranges (test_adoption_spot.AdoptionTests.test_atr_counts_the_previous_close_gap_and_waits_for_fourteen_ranges) ... ok
test_canonical_meter_never_installs_research_decisions (test_adoption_spot.AdoptionTests.test_canonical_meter_never_installs_research_decisions) ... {"candidate": "crowding-interaction", "scenario": "base", "session": 0}
/workspace/btc-flow-risk-20261004/spotquant/spotquant/preview.py:279: ResourceWarning: unclosed database in <sqlite3.Connection object at 0x7f4bb89c08b0>
  held_value = sum((coins[window] * price for window in views if window not in exiting), D(0))
ResourceWarning: Enable tracemalloc to get the object allocation traceback
/workspace/btc-flow-risk-20261004/spotquant/spotquant/preview.py:279: ResourceWarning: unclosed database in <sqlite3.Connection object at 0x7f4bb89c06d0>
  held_value = sum((coins[window] * price for window in views if window not in exiting), D(0))
ResourceWarning: Enable tracemalloc to get the object allocation traceback
/workspace/btc-flow-risk-20261004/spotquant/spotquant/preview.py:279: ResourceWarning: unclosed database in <sqlite3.Connection object at 0x7f4bb89c0c70>
  held_value = sum((coins[window] * price for window in views if window not in exiting), D(0))
ResourceWarning: Enable tracemalloc to get the object allocation traceback
/workspace/btc-flow-risk-20261004/spotquant/spotquant/preview.py:279: ResourceWarning: unclosed database in <sqlite3.Connection object at 0x7f4bb89c09a0>
  held_value = sum((coins[window] * price for window in views if window not in exiting), D(0))
ResourceWarning: Enable tracemalloc to get the object allocation traceback
ok
test_canonical_meter_rejects_surrounding_research_hook (test_adoption_spot.AdoptionTests.test_canonical_meter_rejects_surrounding_research_hook) ... /workspace/btc-flow-risk-20261004/spotquant/research/edge_features.py:142: ResourceWarning: unclosed database in <sqlite3.Connection object at 0x7f4bb89c0a90>
  number = Decimal(value)
ResourceWarning: Enable tracemalloc to get the object allocation traceback
/workspace/btc-flow-risk-20261004/spotquant/research/edge_features.py:142: ResourceWarning: unclosed database in <sqlite3.Connection object at 0x7f4bb89c0d60>
  number = Decimal(value)
ResourceWarning: Enable tracemalloc to get the object allocation traceback
ok
test_canonical_synthetic_account_matches_selected_research_all_six_groups (test_adoption_spot.AdoptionTests.test_canonical_synthetic_account_matches_selected_research_all_six_groups) ... {"candidate": "crowding-interaction", "scenario": "base", "session": 0}
/usr/lib/python3.13/json/encoder.py:252: ResourceWarning: unclosed database in <sqlite3.Connection object at 0x7f4bb89c05e0>
  _iterencode = c_make_encoder(
ResourceWarning: Enable tracemalloc to get the object allocation traceback
/usr/lib/python3.13/json/encoder.py:252: ResourceWarning: unclosed database in <sqlite3.Connection object at 0x7f4bb89c0d60>
  _iterencode = c_make_encoder(
ResourceWarning: Enable tracemalloc to get the object allocation traceback
/usr/lib/python3.13/json/encoder.py:261: ResourceWarning: unclosed database in <sqlite3.Connection object at 0x7f4bb89c1990>
  return _iterencode(o, 0)
ResourceWarning: Enable tracemalloc to get the object allocation traceback
/usr/lib/python3.13/json/encoder.py:261: ResourceWarning: unclosed database in <sqlite3.Connection object at 0x7f4bb89c04f0>
  return _iterencode(o, 0)
ResourceWarning: Enable tracemalloc to get the object allocation traceback
/workspace/btc-flow-risk-20261004/spotquant/spotquant/model.py:233: ResourceWarning: unclosed database in <sqlite3.Connection object at 0x7f4bb89c0400>
  self.true_ranges.append((open_time, max(high - low, abs(high - self.close), abs(low - self.close))))
ResourceWarning: Enable tracemalloc to get the object allocation traceback
/workspace/btc-flow-risk-20261004/spotquant/spotquant/model.py:233: ResourceWarning: unclosed database in <sqlite3.Connection object at 0x7f4bb89c0b80>
  self.true_ranges.append((open_time, max(high - low, abs(high - self.close), abs(low - self.close))))
ResourceWarning: Enable tracemalloc to get the object allocation traceback
{"candidate": "crowding-interaction", "scenario": "base", "session": 0}
/workspace/btc-flow-risk-20261004/spotquant/spotquant/model.py:350: ResourceWarning: unclosed database in <sqlite3.Connection object at 0x7f4bb89c04f0>
  model.closes = deque((D(item) for item in body['closes']), maxlen=limit)
ResourceWarning: Enable tracemalloc to get the object allocation traceback
/workspace/btc-flow-risk-20261004/spotquant/spotquant/model.py:350: ResourceWarning: unclosed database in <sqlite3.Connection object at 0x7f4bb89c08b0>
  model.closes = deque((D(item) for item in body['closes']), maxlen=limit)
ResourceWarning: Enable tracemalloc to get the object allocation traceback
/workspace/btc-flow-risk-20261004/spotquant/spotquant/preview.py:196: ResourceWarning: unclosed database in <sqlite3.Connection object at 0x7f4bb89c0d60>
  known = any(snapshot.get(key) is not None for key in (
ResourceWarning: Enable tracemalloc to get the object allocation traceback
/workspace/btc-flow-risk-20261004/spotquant/spotquant/preview.py:196: ResourceWarning: unclosed database in <sqlite3.Connection object at 0x7f4bb89c0e50>
  known = any(snapshot.get(key) is not None for key in (
ResourceWarning: Enable tracemalloc to get the object allocation traceback
ok
test_completed_atr_checkpoint_and_chronology (test_adoption_spot.AdoptionTests.test_completed_atr_checkpoint_and_chronology) ... ok
test_decision_floor_actual_peak_and_through_mark_exit (test_adoption_spot.AdoptionTests.test_decision_floor_actual_peak_and_through_mark_exit) ... ok
test_diagnostic_profile_cutoff_owned_sizes_and_rerun_binding (test_adoption_spot.AdoptionTests.test_diagnostic_profile_cutoff_owned_sizes_and_rerun_binding) ... ok
test_legacy_flat_held_and_pending_reject_before_recovery (test_adoption_spot.AdoptionTests.test_legacy_flat_held_and_pending_reject_before_recovery) ... ok
test_malformed_checkpoint_or_pending_payload_blocks_recovery (test_adoption_spot.AdoptionTests.test_malformed_checkpoint_or_pending_payload_blocks_recovery) ... /workspace/btc-flow-risk-20261004/spotquant/spotquant/model.py:233: ResourceWarning: unclosed database in <sqlite3.Connection object at 0x7f4bb89c06d0>
  self.true_ranges.append((open_time, max(high - low, abs(high - self.close), abs(low - self.close))))
ResourceWarning: Enable tracemalloc to get the object allocation traceback
ok
test_native_floor_status_and_campaign_boundary (test_adoption_spot.AdoptionTests.test_native_floor_status_and_campaign_boundary) ... ok
test_actual_validation_bad_risk_is_never_labeled_matched_alpha (test_alpha_assessment.AssessmentTests.test_actual_validation_bad_risk_is_never_labeled_matched_alpha) ... ok
test_assessment_project_and_global_calibrations_keep_actual_raw_hashes (test_alpha_assessment.AssessmentTests.test_assessment_project_and_global_calibrations_keep_actual_raw_hashes) ... ok
test_canonical_financial_cash_path_is_retained_with_real_helpers (test_alpha_assessment.AssessmentTests.test_canonical_financial_cash_path_is_retained_with_real_helpers) ... ok
test_causal_sizes_are_actual_and_coin_trigger_gap_has_identity (test_alpha_assessment.AssessmentTests.test_causal_sizes_are_actual_and_coin_trigger_gap_has_identity) ... ok
test_cli_accepts_project_calibration_paths (test_alpha_assessment.AssessmentTests.test_cli_accepts_project_calibration_paths) ... ok
test_coin_fill_conflicting_client_or_campaign_relations_stay_unknown (test_alpha_assessment.AssessmentTests.test_coin_fill_conflicting_client_or_campaign_relations_stay_unknown) ... ok
test_coin_fill_links_preserve_partial_fills_repeated_unknown_writes_and_unknown_exits (test_alpha_assessment.AssessmentTests.test_coin_fill_links_preserve_partial_fills_repeated_unknown_writes_and_unknown_exits) ... ok
test_coin_nested_schema_and_own_hash_scheme_accepts_all20_rejects_mismatch (test_alpha_assessment.AssessmentTests.test_coin_nested_schema_and_own_hash_scheme_accepts_all20_rejects_mismatch) ... ok
test_coin_original_cagr_uses_registered_year_not_daily_normalization (test_alpha_assessment.AssessmentTests.test_coin_original_cagr_uses_registered_year_not_daily_normalization) ... ok
test_diagnostic_warmup_distinct_ids_future_tail_and_actual_fill (test_alpha_assessment.AssessmentTests.test_diagnostic_warmup_distinct_ids_future_tail_and_actual_fill) ... ok
test_exact_matrix_missing_extra_malformed_and_retained_incomplete (test_alpha_assessment.AssessmentTests.test_exact_matrix_missing_extra_malformed_and_retained_incomplete) ... ok
test_explicit_manifest_verifies_raw_hashes_and_rejects_duplicates (test_alpha_assessment.AssessmentTests.test_explicit_manifest_verifies_raw_hashes_and_rejects_duplicates) ... ok
test_final_rejected_inventory_closes_work_without_claiming_validity (test_alpha_assessment.AssessmentTests.test_final_rejected_inventory_closes_work_without_claiming_validity) ... ok
test_forward_assessor_only_equivalence_uses_committed_trees_and_full_analysis_identity (test_alpha_assessment.AssessmentTests.test_forward_assessor_only_equivalence_uses_committed_trees_and_full_analysis_identity) ... ok
test_forward_latest_only_atomic_integrity_future_and_source_mismatch (test_alpha_assessment.AssessmentTests.test_forward_latest_only_atomic_integrity_future_and_source_mismatch) ... ok
test_full_baseline_evidence_detects_money_ownership_actions_and_clocks (test_alpha_assessment.AssessmentTests.test_full_baseline_evidence_detects_money_ownership_actions_and_clocks) ... ok
test_invalid_base_keeps_all_ten_obligations_with_no_fabricated_profile (test_alpha_assessment.AssessmentTests.test_invalid_base_keeps_all_ten_obligations_with_no_fabricated_profile) ... ok
test_lossless_gzip_hashes_original_bytes_and_rejects_duplicate_keys (test_alpha_assessment.AssessmentTests.test_lossless_gzip_hashes_original_bytes_and_rejects_duplicate_keys) ... ok
test_original_read_completion_and_actual_write_deadlines_not_epsilon (test_alpha_assessment.AssessmentTests.test_original_read_completion_and_actual_write_deadlines_not_epsilon) ... ok
test_original_reference_is_pinned_before_any_source_or_comparison_work (test_alpha_assessment.AssessmentTests.test_original_reference_is_pinned_before_any_source_or_comparison_work) ... ok
test_outage_uses_actual_filtered_789_and_complete_requires_archive (test_alpha_assessment.AssessmentTests.test_outage_uses_actual_filtered_789_and_complete_requires_archive) ... ok
test_project_calibration_is_exact_complete_deterministic_subset (test_alpha_assessment.AssessmentTests.test_project_calibration_is_exact_complete_deterministic_subset) ... ok
test_reduced_mdd_cannot_hide_more_than_one_percent_cagr_loss (test_alpha_assessment.AssessmentTests.test_reduced_mdd_cannot_hide_more_than_one_percent_cagr_loss) ... ok
test_risk_requires_exact_file_hash_profile_and_bound_candidate (test_alpha_assessment.AssessmentTests.test_risk_requires_exact_file_hash_profile_and_bound_candidate) ... ok
test_selection_all_stresses_core_tie_slow_combo_pending_and_failed_fallback (test_alpha_assessment.AssessmentTests.test_selection_all_stresses_core_tie_slow_combo_pending_and_failed_fallback) ... ok
test_source_input_spec_protocol_candidate_capital_starts_fail_closed (test_alpha_assessment.AssessmentTests.test_source_input_spec_protocol_candidate_capital_starts_fail_closed) ... ok
test_training_only_scale_is_independent_of_future_values_and_self_unity (test_alpha_assessment.AssessmentTests.test_training_only_scale_is_independent_of_future_values_and_self_unity) ... ok
test_atr_partial_exit_remainder_retains_tightened_stop (test_alpha_spot.AlphaSpotTests.test_atr_partial_exit_remainder_retains_tightened_stop) ... ok
test_atr_stop_never_loosens_and_crossed_mark_uses_real_sell (test_alpha_spot.AlphaSpotTests.test_atr_stop_never_loosens_and_crossed_mark_uses_real_sell) ... ok
test_atr_uses_only_completed_ranges_and_close_variant_preserves_repair (test_alpha_spot.AlphaSpotTests.test_atr_uses_only_completed_ranges_and_close_variant_preserves_repair) ... ok
test_bundle_hashes_exact_registered_protocol_path (test_alpha_spot.AlphaSpotTests.test_bundle_hashes_exact_registered_protocol_path) ... ok
test_calibration_rejects_unbound_future_and_nonfinite_profiles (test_alpha_spot.AlphaSpotTests.test_calibration_rejects_unbound_future_and_nonfinite_profiles) ... ok
test_components_are_finite_and_core_modes_exclusive (test_alpha_spot.AlphaSpotTests.test_components_are_finite_and_core_modes_exclusive) ... ok
test_core_checkpoint_identity_rejects_even_flat_account_mismatch (test_alpha_spot.AlphaSpotTests.test_core_checkpoint_identity_rejects_even_flat_account_mismatch) ... ok
test_core_provenance_ignores_partial_exit_and_slow_waits_for_bull_signal (test_alpha_spot.AlphaSpotTests.test_core_provenance_ignores_partial_exit_and_slow_waits_for_bull_signal) ... ok
test_core_stop_renews_opportunity_and_restore_keeps_its_identity (test_alpha_spot.AlphaSpotTests.test_core_stop_renews_opportunity_and_restore_keeps_its_identity) ... /workspace/btc-flow-risk-20261004/spotquant/spotquant/model.py:233: ResourceWarning: unclosed database in <sqlite3.Connection object at 0x7f4bb89c04f0>
  self.true_ranges.append((open_time, max(high - low, abs(high - self.close), abs(low - self.close))))
ResourceWarning: Enable tracemalloc to get the object allocation traceback
/workspace/btc-flow-risk-20261004/spotquant/spotquant/model.py:350: ResourceWarning: unclosed database in <sqlite3.Connection object at 0x7f4bb89c16c0>
  model.closes = deque((D(item) for item in body['closes']), maxlen=limit)
ResourceWarning: Enable tracemalloc to get the object allocation traceback
/workspace/btc-flow-risk-20261004/spotquant/spotquant/model.py:350: ResourceWarning: unclosed database in <sqlite3.Connection object at 0x7f4bb89c0040>
  model.closes = deque((D(item) for item in body['closes']), maxlen=limit)
ResourceWarning: Enable tracemalloc to get the object allocation traceback
/workspace/btc-flow-risk-20261004/spotquant/spotquant/model.py:350: ResourceWarning: unclosed database in <sqlite3.Connection object at 0x7f4bb89c0a90>
  model.closes = deque((D(item) for item in body['closes']), maxlen=limit)
ResourceWarning: Enable tracemalloc to get the object allocation traceback
/workspace/btc-flow-risk-20261004/spotquant/spotquant/model.py:350: ResourceWarning: unclosed database in <sqlite3.Connection object at 0x7f4bb89c0220>
  model.closes = deque((D(item) for item in body['closes']), maxlen=limit)
ResourceWarning: Enable tracemalloc to get the object allocation traceback
/workspace/btc-flow-risk-20261004/spotquant/spotquant/model.py:350: ResourceWarning: unclosed database in <sqlite3.Connection object at 0x7f4bb89c04f0>
  model.closes = deque((D(item) for item in body['closes']), maxlen=limit)
ResourceWarning: Enable tracemalloc to get the object allocation traceback
/workspace/btc-flow-risk-20261004/spotquant/spotquant/model.py:233: ResourceWarning: unclosed database in <sqlite3.Connection object at 0x7f4bb89c1c60>
  self.true_ranges.append((open_time, max(high - low, abs(high - self.close), abs(low - self.close))))
ResourceWarning: Enable tracemalloc to get the object allocation traceback
/workspace/btc-flow-risk-20261004/spotquant/spotquant/model.py:350: ResourceWarning: unclosed database in <sqlite3.Connection object at 0x7f4bb89c0d60>
  model.closes = deque((D(item) for item in body['closes']), maxlen=limit)
ResourceWarning: Enable tracemalloc to get the object allocation traceback
/workspace/btc-flow-risk-20261004/spotquant/spotquant/model.py:350: ResourceWarning: unclosed database in <sqlite3.Connection object at 0x7f4bb89c0b80>
  model.closes = deque((D(item) for item in body['closes']), maxlen=limit)
ResourceWarning: Enable tracemalloc to get the object allocation traceback
/workspace/btc-flow-risk-20261004/spotquant/spotquant/model.py:350: ResourceWarning: unclosed database in <sqlite3.Connection object at 0x7f4bb89c1c60>
  model.closes = deque((D(item) for item in body['closes']), maxlen=limit)
ResourceWarning: Enable tracemalloc to get the object allocation traceback
ok
test_failed_follow_keeps_research_and_model_commit_atomic (test_alpha_spot.AlphaSpotTests.test_failed_follow_keeps_research_and_model_commit_atomic) ... /workspace/btc-flow-risk-20261004/spotquant/spotquant/model.py:233: ResourceWarning: unclosed database in <sqlite3.Connection object at 0x7f4bb89c05e0>
  self.true_ranges.append((open_time, max(high - low, abs(high - self.close), abs(low - self.close))))
ResourceWarning: Enable tracemalloc to get the object allocation traceback
ok
test_partial_fills_move_only_actual_money_and_unknown_intents_do_not_consume (test_alpha_spot.AlphaSpotTests.test_partial_fills_move_only_actual_money_and_unknown_intents_do_not_consume) ... ok
test_participation_adds_to_held_bulls_only_and_confirms_once (test_alpha_spot.AlphaSpotTests.test_participation_adds_to_held_bulls_only_and_confirms_once) ... ok
test_participation_never_arms_empty_second_bull (test_alpha_spot.AlphaSpotTests.test_participation_never_arms_empty_second_bull) ... ok
test_protection_peak_after_real_entry_excludes_prefill_high (test_alpha_spot.AlphaSpotTests.test_protection_peak_after_real_entry_excludes_prefill_high) ... /workspace/btc-flow-risk-20261004/spotquant/spotquant/model.py:350: ResourceWarning: unclosed database in <sqlite3.Connection object at 0x7f4bb89c2110>
  model.closes = deque((D(item) for item in body['closes']), maxlen=limit)
ResourceWarning: Enable tracemalloc to get the object allocation traceback
/workspace/btc-flow-risk-20261004/spotquant/spotquant/model.py:350: ResourceWarning: unclosed database in <sqlite3.Connection object at 0x7f4bb89c1d50>
  model.closes = deque((D(item) for item in body['closes']), maxlen=limit)
ResourceWarning: Enable tracemalloc to get the object allocation traceback
ok
test_real_core_stop_does_not_reenter_until_new_completed_day (test_alpha_spot.AlphaSpotTests.test_real_core_stop_does_not_reenter_until_new_completed_day) ... /workspace/btc-flow-risk-20261004/spotquant/spotquant/model.py:233: ResourceWarning: unclosed database in <sqlite3.Connection object at 0x7f4bb8f404f0>
  self.true_ranges.append((open_time, max(high - low, abs(high - self.close), abs(low - self.close))))
ResourceWarning: Enable tracemalloc to get the object allocation traceback
/workspace/btc-flow-risk-20261004/spotquant/spotquant/model.py:350: ResourceWarning: unclosed database in <sqlite3.Connection object at 0x7f4bb8f404f0>
  model.closes = deque((D(item) for item in body['closes']), maxlen=limit)
ResourceWarning: Enable tracemalloc to get the object allocation traceback
ok
test_real_sessions_core_separate_fills_protection_and_cash (test_alpha_spot.AlphaSpotTests.test_real_sessions_core_separate_fills_protection_and_cash) ... ok
test_reentry_actual_exit_reclaim_two_closes_allowance_and_reset (test_alpha_spot.AlphaSpotTests.test_reentry_actual_exit_reclaim_two_closes_allowance_and_reset) ... ok
test_risk_scale_changes_only_new_buy_after_cutoff (test_alpha_spot.AlphaSpotTests.test_risk_scale_changes_only_new_buy_after_cutoff) ... /workspace/btc-flow-risk-20261004/spotquant/tests/test_alpha_spot.py:21: ResourceWarning: unclosed database in <sqlite3.Connection object at 0x7f4bb8f404f0>
  return [(ORIGIN + i * DAY, p, p, p, p, D(100000)) for i, p in enumerate(prices)]
ResourceWarning: Enable tracemalloc to get the object allocation traceback
ok
test_scoped_hooks_restore_after_exception_and_checkpoint_mode_mismatch (test_alpha_spot.AlphaSpotTests.test_scoped_hooks_restore_after_exception_and_checkpoint_mode_mismatch) ... ok
test_subpools_conserve_btc_usdt_fees_and_dust_without_transfers (test_alpha_spot.AlphaSpotTests.test_subpools_conserve_btc_usdt_fees_and_dust_without_transfers) ... ok
test_three_real_session_noop_equal_to_current_consensus (test_alpha_spot.AlphaSpotTests.test_three_real_session_noop_equal_to_current_consensus) ... {"complete_accounts": 0, "accounts": 1}
{"candidate": "consensus", "scenario": "base", "session": 0}
/workspace/btc-flow-risk-20261004/spotquant/spotquant/model.py:350: ResourceWarning: unclosed database in <sqlite3.Connection object at 0x7f4bb89c24d0>
  model.closes = deque((D(item) for item in body['closes']), maxlen=limit)
ResourceWarning: Enable tracemalloc to get the object allocation traceback
/workspace/btc-flow-risk-20261004/spotquant/spotquant/model.py:233: ResourceWarning: unclosed database in <sqlite3.Connection object at 0x7f4bb89c0c70>
  self.true_ranges.append((open_time, max(high - low, abs(high - self.close), abs(low - self.close))))
ResourceWarning: Enable tracemalloc to get the object allocation traceback
/workspace/btc-flow-risk-20261004/spotquant/spotquant/model.py:233: ResourceWarning: unclosed database in <sqlite3.Connection object at 0x7f4bb89c23e0>
  self.true_ranges.append((open_time, max(high - low, abs(high - self.close), abs(low - self.close))))
ResourceWarning: Enable tracemalloc to get the object allocation traceback
{"candidate": "core0", "scenario": "base", "session": 0}
/workspace/btc-flow-risk-20261004/spotquant/spotquant/preview.py:343: ResourceWarning: unclosed database in <sqlite3.Connection object at 0x7f4bb8f404f0>
  voters = sum(bool(views[w].bull) and decision['sleeves'][str(w)]['action'] in ('enter', 'hold')
ResourceWarning: Enable tracemalloc to get the object allocation traceback
/workspace/btc-flow-risk-20261004/spotquant/spotquant/preview.py:343: ResourceWarning: unclosed database in <sqlite3.Connection object at 0x7f4bb89c18a0>
  voters = sum(bool(views[w].bull) and decision['sleeves'][str(w)]['action'] in ('enter', 'hold')
ResourceWarning: Enable tracemalloc to get the object allocation traceback
/workspace/btc-flow-risk-20261004/spotquant/spotquant/model.py:233: ResourceWarning: unclosed database in <sqlite3.Connection object at 0x7f4bb89c0b80>
  self.true_ranges.append((open_time, max(high - low, abs(high - self.close), abs(low - self.close))))
ResourceWarning: Enable tracemalloc to get the object allocation traceback
ok
test_preserves_source_and_money_rows_and_excludes_failed_original (test_assemble_spot.AssembleSpotTests.test_preserves_source_and_money_rows_and_excludes_failed_original) ... ok
test_rejects_wrong_bytes_missing_rerun_and_invalid_execution (test_assemble_spot.AssembleSpotTests.test_rejects_wrong_bytes_missing_rerun_and_invalid_execution) ... ok
test_better_return_with_worse_drawdown_does_not_dominate (test_baselines.BaselineTests.test_better_return_with_worse_drawdown_does_not_dominate) ... ok
test_initial_cash_is_conserved_across_partial_monthly_buy (test_baselines.BaselineTests.test_initial_cash_is_conserved_across_partial_monthly_buy) ... ok
test_a_missing_balance_list_is_not_an_empty_account (test_binance.BinanceTests.test_a_missing_balance_list_is_not_an_empty_account) ... ok
test_completed_daily_normalizes_and_stops_at_today (test_binance.BinanceTests.test_completed_daily_normalizes_and_stops_at_today) ... ok
test_completed_daily_rejects_a_gap_and_keeps_a_contiguous_page (test_binance.BinanceTests.test_completed_daily_rejects_a_gap_and_keeps_a_contiguous_page) ... ok
test_completed_daily_rejects_a_page_that_does_not_start_at_the_cursor (test_binance.BinanceTests.test_completed_daily_rejects_a_page_that_does_not_start_at_the_cursor) ... ok
test_completed_daily_rejects_a_short_page_before_today (test_binance.BinanceTests.test_completed_daily_rejects_a_short_page_before_today) ... ok
test_demo_host_and_no_order_method (test_binance.BinanceTests.test_demo_host_and_no_order_method) ... ok
test_missing_percent_band_blocks_before_the_account_call (test_binance.BinanceTests.test_missing_percent_band_blocks_before_the_account_call) ... ok
test_missing_spot_permission_blocks_before_the_account_call (test_binance.BinanceTests.test_missing_spot_permission_blocks_before_the_account_call) ... ok
test_missing_stop_loss_blocks_before_the_account_call (test_binance.BinanceTests.test_missing_stop_loss_blocks_before_the_account_call) ... ok
test_snapshot_signs_gets_and_checks_uid (test_binance.BinanceTests.test_snapshot_signs_gets_and_checks_uid) ... ok
test_actual_public_pair_and_settlement_ignore_running_bars (test_canonical_crowding.CanonicalCrowdingTests.test_actual_public_pair_and_settlement_ignore_running_bars) ... ok
test_causal_expiry_jitter_prior_date_and_future_bar (test_canonical_crowding.CanonicalCrowdingTests.test_causal_expiry_jitter_prior_date_and_future_bar) ... ok
test_crowding_missing_conversion_keeps_receipt_integrity_and_spot_bars_strict (test_canonical_crowding.CanonicalCrowdingTests.test_crowding_missing_conversion_keeps_receipt_integrity_and_spot_bars_strict) ... ok
test_forward_exact_raw_source_and_native_decision_agree (test_canonical_crowding.CanonicalCrowdingTests.test_forward_exact_raw_source_and_native_decision_agree) ... /workspace/btc-flow-risk-20261004/spotquant/spotquant/model.py:233: ResourceWarning: unclosed database in <sqlite3.Connection object at 0x7f4bb8daea70>
  self.true_ranges.append((open_time, max(high - low, abs(high - self.close), abs(low - self.close))))
ResourceWarning: Enable tracemalloc to get the object allocation traceback
/workspace/btc-flow-risk-20261004/spotquant/spotquant/model.py:233: ResourceWarning: unclosed database in <sqlite3.Connection object at 0x7f4bb8daec50>
  self.true_ranges.append((open_time, max(high - low, abs(high - self.close), abs(low - self.close))))
ResourceWarning: Enable tracemalloc to get the object allocation traceback
ok
test_malformed_crowding_missing_blocks_buy_but_safety_processing_continues (test_canonical_crowding.CanonicalCrowdingTests.test_malformed_crowding_missing_blocks_buy_but_safety_processing_continues) ... ok
test_missing_blocks_new_risk_and_never_adds_held_risk (test_canonical_crowding.CanonicalCrowdingTests.test_missing_blocks_new_risk_and_never_adds_held_risk) ... ok
test_missing_inputs_preserve_safety_exit_and_native_stop_floor (test_canonical_crowding.CanonicalCrowdingTests.test_missing_inputs_preserve_safety_exit_and_native_stop_floor) ... ok
test_native_public_collection_caches_actual_receipts_and_honors_deadline (test_canonical_crowding.CanonicalCrowdingTests.test_native_public_collection_caches_actual_receipts_and_honors_deadline) ... ok
test_old_atr_canonical_calibration_and_forward_adapter_rejected (test_canonical_crowding.CanonicalCrowdingTests.test_old_atr_canonical_calibration_and_forward_adapter_rejected) ... ok
test_public_failure_receipt_retained_and_predicted_rate_rejected (test_canonical_crowding.CanonicalCrowdingTests.test_public_failure_receipt_retained_and_predicted_rate_rejected) ... ok
test_public_future_receipt_conflicting_settlement_and_bad_pair_block (test_canonical_crowding.CanonicalCrowdingTests.test_public_future_receipt_conflicting_settlement_and_bad_pair_block) ... ok
test_rule_guard_precedes_lifecycle_recovery (test_canonical_crowding.CanonicalCrowdingTests.test_rule_guard_precedes_lifecycle_recovery) ... ok
test_shared_research_predicate_and_exactly_one_half_size (test_canonical_crowding.CanonicalCrowdingTests.test_shared_research_predicate_and_exactly_one_half_size) ... ok
test_strict_thresholds_and_strong_momentum_leave_original_size (test_canonical_crowding.CanonicalCrowdingTests.test_strict_thresholds_and_strong_momentum_leave_original_size) ... ok
test_unity_risk_profile_accepts_decimal_one_and_rejects_changed_size (test_canonical_crowding.CanonicalCrowdingTests.test_unity_risk_profile_accepts_decimal_one_and_rejects_changed_size) ... ok
test_execute_is_blocked_before_config_is_opened (test_cli.CliTests.test_execute_is_blocked_before_config_is_opened) ... ok
test_status_persists_a_failed_observation (test_cli.CliTests.test_status_persists_a_failed_observation) ... ok
test_baseline_joint_rejects_a_selected_budget_with_incumbent_endpoint (test_complete_assessment.CompleteAssessmentTests.test_baseline_joint_rejects_a_selected_budget_with_incumbent_endpoint) ... ok
test_beta_is_distinct_from_residual (test_complete_assessment.CompleteAssessmentTests.test_beta_is_distinct_from_residual) ... ok
test_currency_regressions_use_their_own_btc_returns (test_complete_assessment.CompleteAssessmentTests.test_currency_regressions_use_their_own_btc_returns) ... ok
test_drawdown_keeps_the_initial_budget_in_the_peak (test_complete_assessment.CompleteAssessmentTests.test_drawdown_keeps_the_initial_budget_in_the_peak) ... ok
test_incomplete_baseline_blocks_every_promotion (test_complete_assessment.CompleteAssessmentTests.test_incomplete_baseline_blocks_every_promotion) ... ok
test_one_good_base_cannot_hide_a_stress_regression (test_complete_assessment.CompleteAssessmentTests.test_one_good_base_cannot_hide_a_stress_regression) ... ok
test_selected_joint_requires_matching_actual_budgets_for_both_strategies (test_complete_assessment.CompleteAssessmentTests.test_selected_joint_requires_matching_actual_budgets_for_both_strategies) ... ok
test_rejects_unknown_and_empty_identity (test_config.ConfigTests.test_rejects_unknown_and_empty_identity) ... ok
test_only_one_soft_factor_and_required_missing_safety_survives (test_continuous_account.ContinuousAccountChecks.test_only_one_soft_factor_and_required_missing_safety_survives) ... ok
test_late_dust_does_not_extend_bulk_ownership_risk (test_continuous_routes.ContinuousRouteChecks.test_late_dust_does_not_extend_bulk_ownership_risk) ... ok
test_pre_entry_and_post_exit_lows_never_count_as_owned_loss (test_continuous_routes.ContinuousRouteChecks.test_pre_entry_and_post_exit_lows_never_count_as_owned_loss) ... ok
test_regression_without_both_flag_states_never_qualifies (test_continuous_routes.ContinuousRouteChecks.test_regression_without_both_flag_states_never_qualifies) ... ok
test_risk_reduction_may_sacrifice_profit_but_must_beat_simple_control (test_continuous_routes.ContinuousRouteChecks.test_risk_reduction_may_sacrifice_profit_but_must_beat_simple_control) ... ok
test_added_capital_and_strategy_mix_are_rejected (test_delivery_exports.DeliveryExportTests.test_added_capital_and_strategy_mix_are_rejected) ... ok
test_complete_fixed_accounts_export_and_input_substitution_is_rejected (test_delivery_exports.DeliveryExportTests.test_complete_fixed_accounts_export_and_input_substitution_is_rejected) ... ok
test_empty_joint_cannot_be_exported_as_complete_delivery (test_delivery_exports.DeliveryExportTests.test_empty_joint_cannot_be_exported_as_complete_delivery) ... ok
test_missing_daily_mark_and_forged_terminal_are_rejected (test_delivery_exports.DeliveryExportTests.test_missing_daily_mark_and_forged_terminal_are_rejected) ... ok
test_backup_reopens_read_only_and_detects_tampering (test_durable_fills.DurableFillTests.test_backup_reopens_read_only_and_detects_tampering) ... ok
test_gap_and_reverse_clock_require_reconciliation (test_durable_fills.DurableFillTests.test_gap_and_reverse_clock_require_reconciliation) ... ok
test_manifest_source_tampering_is_bound_to_backup (test_durable_fills.DurableFillTests.test_manifest_source_tampering_is_bound_to_backup) ... ok
test_mutation_rolls_back_new_fills_and_watermark (test_durable_fills.DurableFillTests.test_mutation_rolls_back_new_fills_and_watermark) ... ok
test_overlap_keeps_late_same_time_id_and_avoids_epoch_query (test_durable_fills.DurableFillTests.test_overlap_keeps_late_same_time_id_and_avoids_epoch_query) ... ok
test_actual_budget_sum_exposure_conservation (test_edge_assessment.CapitalTests.test_actual_budget_sum_exposure_conservation) ... /workspace/btc-flow-risk-20261004/spotquant/tests/test_edge_assessment.py:259: ResourceWarning: unclosed database in <sqlite3.Connection object at 0x7f4bb89c1c60>
  values = [dict(day_ms=d, equity_cny=budget * .998001, equity_usdt=initial,
ResourceWarning: Enable tracemalloc to get the object allocation traceback
/workspace/btc-flow-risk-20261004/spotquant/tests/test_edge_assessment.py:259: ResourceWarning: unclosed database in <sqlite3.Connection object at 0x7f4bb89c16c0>
  values = [dict(day_ms=d, equity_cny=budget * .998001, equity_usdt=initial,
ResourceWarning: Enable tracemalloc to get the object allocation traceback
/workspace/btc-flow-risk-20261004/spotquant/tests/test_edge_assessment.py:259: ResourceWarning: unclosed database in <sqlite3.Connection object at 0x7f4bb89c0e50>
  values = [dict(day_ms=d, equity_cny=budget * .998001, equity_usdt=initial,
ResourceWarning: Enable tracemalloc to get the object allocation traceback
/workspace/btc-flow-risk-20261004/spotquant/tests/test_edge_assessment.py:259: ResourceWarning: unclosed database in <sqlite3.Connection object at 0x7f4bb89c2200>
  values = [dict(day_ms=d, equity_cny=budget * .998001, equity_usdt=initial,
ResourceWarning: Enable tracemalloc to get the object allocation traceback
/workspace/btc-flow-risk-20261004/spotquant/tests/test_edge_assessment.py:259: ResourceWarning: unclosed database in <sqlite3.Connection object at 0x7f4bb89c0c70>
  values = [dict(day_ms=d, equity_cny=budget * .998001, equity_usdt=initial,
ResourceWarning: Enable tracemalloc to get the object allocation traceback
ok
test_wrong_capital_role_daily_alignment_and_curve_scaling_rejected (test_edge_assessment.CapitalTests.test_wrong_capital_role_daily_alignment_and_curve_scaling_rejected) ... ok
test_actual_profile_exact_document_binding (test_edge_assessment.EnvelopeAndPhaseTests.test_actual_profile_exact_document_binding) ... ok
test_consumed_official_bytes_checksum_and_derived_receipts (test_edge_assessment.EnvelopeAndPhaseTests.test_consumed_official_bytes_checksum_and_derived_receipts) ... ok
test_daily_cash_reconstruction_and_terminal_rejection (test_edge_assessment.EnvelopeAndPhaseTests.test_daily_cash_reconstruction_and_terminal_rejection) ... ok
test_duplicate_account_identity_rejected_across_distinct_files (test_edge_assessment.EnvelopeAndPhaseTests.test_duplicate_account_identity_rejected_across_distinct_files) ... ok
test_envelope_source_contract_inputs_and_partial_retention (test_edge_assessment.EnvelopeAndPhaseTests.test_envelope_source_contract_inputs_and_partial_retention) ... ok
test_preliminary_pending_and_final_fail_closed_without_inventory (test_edge_assessment.EnvelopeAndPhaseTests.test_preliminary_pending_and_final_fail_closed_without_inventory) ... ok
test_original_session_clocks_and_outage (test_edge_assessment.EqualityAndSourceTests.test_original_session_clocks_and_outage) ... ok
test_six_groups_and_operating_drift_and_original_annotations (test_edge_assessment.EqualityAndSourceTests.test_six_groups_and_operating_drift_and_original_annotations) ... ok
test_source_committed_tree_digest_contract_and_dirty (test_edge_assessment.EqualityAndSourceTests.test_source_committed_tree_digest_contract_and_dirty) ... ok
test_actual_calibrated_and_coin_strict_mdd_exact_boundaries (test_edge_assessment.FinancialReviewCoverageTests.test_actual_calibrated_and_coin_strict_mdd_exact_boundaries) ... ok
test_complete_roundtrip_and_correct_negative_candidates (test_edge_assessment.FinancialReviewCoverageTests.test_complete_roundtrip_and_correct_negative_candidates) ... ok
test_exact_gate_input_schema_finite_and_raw_binding (test_edge_assessment.FinancialReviewCoverageTests.test_exact_gate_input_schema_finite_and_raw_binding) ... ok
test_exact_negative_mdd_complete_proof_roundtrip (test_edge_assessment.FinancialReviewCoverageTests.test_exact_negative_mdd_complete_proof_roundtrip) ... ok
test_missing_each_category_duplicate_unknown_failed_and_wrong_raw (test_edge_assessment.FinancialReviewCoverageTests.test_missing_each_category_duplicate_unknown_failed_and_wrong_raw) ... ok
test_typed_finite_and_exact_evidence_binding (test_edge_assessment.FinancialReviewCoverageTests.test_typed_finite_and_exact_evidence_binding) ... ok
test_combo_all_eligible_order_ties_no_controls (test_edge_assessment.InventoryTests.test_combo_all_eligible_order_ties_no_controls) ... ok
test_full_matrix_includes_losing_singles_risk_controls_offsets_budgets (test_edge_assessment.InventoryTests.test_full_matrix_includes_losing_singles_risk_controls_offsets_budgets) ... ok
test_manifest_hash_nested_duplicate_and_original_envelope (test_edge_assessment.InventoryTests.test_manifest_hash_nested_duplicate_and_original_envelope) ... ok
test_strict_json_and_exclusive_outputs (test_edge_assessment.InventoryTests.test_strict_json_and_exclusive_outputs) ... ok
test_already_flat_but_unreflected_cash_change_rejected (test_edge_assessment.MissingDailyEvidenceTests.test_already_flat_but_unreflected_cash_change_rejected) ... ok
test_genuine_eventless_flat_carry_and_verified_intraday_flat (test_edge_assessment.MissingDailyEvidenceTests.test_genuine_eventless_flat_carry_and_verified_intraday_flat) ... ok
test_perp_midnight_funding_before_same_stamp_fill_preserved (test_edge_assessment.MissingDailyEvidenceTests.test_perp_midnight_funding_before_same_stamp_fill_preserved) ... ok
test_terminal_only_missing_held_day_rejected (test_edge_assessment.MissingDailyEvidenceTests.test_terminal_only_missing_held_day_rejected) ... ok
test_cash_identifiable_and_degenerate_market (test_edge_assessment.RiskAndGateTests.test_cash_identifiable_and_degenerate_market) ... ok
test_es99_ceil_and_sign (test_edge_assessment.RiskAndGateTests.test_es99_ceil_and_sign) ... ok
test_exact_adoption_equality_and_just_fail (test_edge_assessment.RiskAndGateTests.test_exact_adoption_equality_and_just_fail) ... ok
test_perp_strict_mdd_and_actual_risk_only_fallback (test_edge_assessment.RiskAndGateTests.test_perp_strict_mdd_and_actual_risk_only_fallback) ... ok
test_profile_schema_scale_raw_binding_and_unity (test_edge_assessment.RiskAndGateTests.test_profile_schema_scale_raw_binding_and_unity) ... ok
test_training_only_future_perturbation_exact_731_and_project_separation (test_edge_assessment.RiskAndGateTests.test_training_only_future_perturbation_exact_731_and_project_separation) ... ok
test_actual_stop_versus_sma_and_price_opportunity_is_not_profit (test_edge_attribution.AttributionTests.test_actual_stop_versus_sma_and_price_opportunity_is_not_profit) ... ok
test_decision_action_reason_and_error_preserve_later_summary_provenance (test_edge_attribution.AttributionTests.test_decision_action_reason_and_error_preserve_later_summary_provenance) ... ok
test_decision_constraint_summary_is_attributed_at_actual_later_sizing (test_edge_attribution.AttributionTests.test_decision_constraint_summary_is_attributed_at_actual_later_sizing) ... ok
test_extended_other_and_tampered_rich_fill (test_edge_attribution.AttributionTests.test_extended_other_and_tampered_rich_fill) ... ok
test_first_difference_and_later_equity_propagation_are_distinct (test_edge_attribution.AttributionTests.test_first_difference_and_later_equity_propagation_are_distinct) ... ok
test_hash_mismatch_duplicate_json_and_output_overwrite_fail_closed (test_edge_attribution.AttributionTests.test_hash_mismatch_duplicate_json_and_output_overwrite_fail_closed) ... ok
test_initialization_valuation_is_not_an_elapsed_flat_day (test_edge_attribution.AttributionTests.test_initialization_valuation_is_not_an_elapsed_flat_day) ... ok
test_macro_context_pairing_retains_distinct_actual_identities (test_edge_attribution.AttributionTests.test_macro_context_pairing_retains_distinct_actual_identities) ... ok
test_missing_fill_reason_or_owner_stays_unknown (test_edge_attribution.AttributionTests.test_missing_fill_reason_or_owner_stays_unknown) ... ok
test_mixed_observations_and_prior_equity_remain_unisolated (test_edge_attribution.AttributionTests.test_mixed_observations_and_prior_equity_remain_unisolated) ... ok
test_partial_sell_does_not_create_flat_campaign (test_edge_attribution.AttributionTests.test_partial_sell_does_not_create_flat_campaign) ... ok
test_post_execution_summary_cannot_precede_actual_cause (test_edge_attribution.AttributionTests.test_post_execution_summary_cannot_precede_actual_cause) ... ok
test_retained_dust_is_owned_and_not_exact_account_zero (test_edge_attribution.AttributionTests.test_retained_dust_is_owned_and_not_exact_account_zero) ... ok
test_same_opportunity_retains_raw_timing_numeric_and_rounding_differences (test_edge_attribution.AttributionTests.test_same_opportunity_retains_raw_timing_numeric_and_rounding_differences) ... ok
test_topup_exit_timeout_and_unavailable_event_categories (test_edge_attribution.AttributionTests.test_topup_exit_timeout_and_unavailable_event_categories) ... ok
test_unlinked_coin_fill_does_not_inherit_nearest_opportunity (test_edge_attribution.AttributionTests.test_unlinked_coin_fill_does_not_inherit_nearest_opportunity) ... ok
test_write_quantity_is_requested_size_with_unknown_upstream_cause (test_edge_attribution.AttributionTests.test_write_quantity_is_requested_size_with_unknown_upstream_cause) ... ok
test_changed_registered_raw_rejects_before_market_verification (test_edge_features.BuilderTests.test_changed_registered_raw_rejects_before_market_verification) ... ok
test_existing_output_rejects_before_build_and_keeps_bytes (test_edge_features.BuilderTests.test_existing_output_rejects_before_build_and_keeps_bytes) ... ok
test_invalid_transformed_data_rejects_before_output_creation (test_edge_features.BuilderTests.test_invalid_transformed_data_rejects_before_output_creation) ... ok
test_official_archive_requires_matching_companion_and_expected_hash (test_edge_features.BuilderTests.test_official_archive_requires_matching_companion_and_expected_hash) ... ok
test_validated_output_is_exclusive_and_reader_compatible (test_edge_features.BuilderTests.test_validated_output_is_exclusive_and_reader_compatible) ... ok
test_basis_before_at_and_current_utc_availability_date (test_edge_features.FeatureTests.test_basis_before_at_and_current_utc_availability_date) ... ok
test_coverage_is_recomputed_and_tracks_exact_jitter_gap (test_edge_features.FeatureTests.test_coverage_is_recomputed_and_tracks_exact_jitter_gap) ... ok
test_duplicate_json_keys_and_nonfinite_json_numbers_reject (test_edge_features.FeatureTests.test_duplicate_json_keys_and_nonfinite_json_numbers_reject) ... ok
test_empty_features_are_missing_never_zero (test_edge_features.FeatureTests.test_empty_features_are_missing_never_zero) ... ok
test_file_content_and_source_identity_checks (test_edge_features.FeatureTests.test_file_content_and_source_identity_checks) ... ok
test_frozen_window_blocks_valid_tail_and_before_window (test_edge_features.FeatureTests.test_frozen_window_blocks_valid_tail_and_before_window) ... ok
test_funding_before_at_and_exact_expiry_with_negative_rate (test_edge_features.FeatureTests.test_funding_before_at_and_exact_expiry_with_negative_rate) ... ok
test_future_tail_perturbation_cannot_change_prior_decisions (test_edge_features.FeatureTests.test_future_tail_perturbation_cannot_change_prior_decisions) ... ok
test_invalid_and_nonfinite_decimal_values (test_edge_features.FeatureTests.test_invalid_and_nonfinite_decimal_values) ... ok
test_invalid_container_shapes_reject (test_edge_features.FeatureTests.test_invalid_container_shapes_reject) ... ok
test_invalid_lookup_names_and_times_reject (test_edge_features.FeatureTests.test_invalid_lookup_names_and_times_reject) ... ok
test_invalid_time_lag_boundary_and_order_records (test_edge_features.FeatureTests.test_invalid_time_lag_boundary_and_order_records) ... ok
test_lookup_journal_binds_input_sources_and_missing_cause (test_edge_features.FeatureTests.test_lookup_journal_binds_input_sources_and_missing_cause) ... ok
test_missing_day_is_explicit_and_cannot_carry_yesterdays_basis (test_edge_features.FeatureTests.test_missing_day_is_explicit_and_cannot_carry_yesterdays_basis) ... ok
test_null_requires_cause_and_known_value_cannot_have_one (test_edge_features.FeatureTests.test_null_requires_cause_and_known_value_cannot_have_one) ... ok
test_registered_rules_are_finite_and_project_bound (test_edge_features.FeatureTests.test_registered_rules_are_finite_and_project_bound) ... ok
test_settlement_jitter_is_not_repaired_or_tolerated (test_edge_features.FeatureTests.test_settlement_jitter_is_not_repaired_or_tolerated) ... ok
test_actual_acquisition_stamps_retained_bytes_and_rejects_redirect (test_edge_forward.ForwardTests.test_actual_acquisition_stamps_retained_bytes_and_rejects_redirect) ... ok
test_atomic_failure_preserves_original_and_source_change_blocks (test_edge_forward.ForwardTests.test_atomic_failure_preserves_original_and_source_change_blocks) ... ok
test_backfill_duplicate_future_and_gap_rejections_leave_bytes_unchanged (test_edge_forward.ForwardTests.test_backfill_duplicate_future_and_gap_rejections_leave_bytes_unchanged) ... ok
test_bearish_ordinary_full_exit_restores_then_requires_fresh_cross (test_edge_forward.ForwardTests.test_bearish_ordinary_full_exit_restores_then_requires_fresh_cross) ... ok
test_coin_unplaceable_protection_rejects_model_size (test_edge_forward.ForwardTests.test_coin_unplaceable_protection_rejects_model_size) ... skipped 'perpetual protection preflight'
test_complete_public_print_path_models_protection_with_exact_source (test_edge_forward.ForwardTests.test_complete_public_print_path_models_protection_with_exact_source) ... ok
test_deferred_first_observation_is_only_warmup_then_native_fresh_cross (test_edge_forward.ForwardTests.test_deferred_first_observation_is_only_warmup_then_native_fresh_cross) ... ok
test_deferred_init_is_empty_source_bound_paper_cash (test_edge_forward.ForwardTests.test_deferred_init_is_empty_source_bound_paper_cash) ... ok
test_deferred_readiness_is_reconstructed_not_trusted (test_edge_forward.ForwardTests.test_deferred_readiness_is_reconstructed_not_trusted) ... ok
test_delayed_first_warmup_records_gap_without_past_decisions (test_edge_forward.ForwardTests.test_delayed_first_warmup_records_gap_without_past_decisions) ... ok
test_entry_day_prefill_wick_does_not_tighten_owned_stop (test_edge_forward.ForwardTests.test_entry_day_prefill_wick_does_not_tighten_owned_stop) ... ok
test_funding_sign_no_past_cashflows_and_missing_is_not_zero (test_edge_forward.ForwardTests.test_funding_sign_no_past_cashflows_and_missing_is_not_zero) ... skipped 'perpetual-only settlement accounting'
test_fx_bad_publication_identity_latest_value_and_gaps_reject (test_edge_forward.ForwardTests.test_fx_bad_publication_identity_latest_value_and_gaps_reject) ... ok
test_fx_correct_csv_endpoint_and_html_metadata_only (test_edge_forward.ForwardTests.test_fx_correct_csv_endpoint_and_html_metadata_only) ... ok
test_fx_nested_raw_clock_url_tamper_and_paired_actual_fetch (test_edge_forward.ForwardTests.test_fx_nested_raw_clock_url_tamper_and_paired_actual_fetch) ... ok
test_fx_publication_freshness_exact_week_and_prior_date_rule (test_edge_forward.ForwardTests.test_fx_publication_freshness_exact_week_and_prior_date_rule) ... ok
test_initialization_is_actual_cold_start_and_exclusive (test_edge_forward.ForwardTests.test_initialization_is_actual_cold_start_and_exclusive) ... ok
test_invalid_paired_fx_keeps_init_and_append_unchanged (test_edge_forward.ForwardTests.test_invalid_paired_fx_keeps_init_and_append_unchanged) ... ok
test_macro_bootstrap_flag_and_checkpoint_tamper_reject_immutably (test_edge_forward.ForwardTests.test_macro_bootstrap_flag_and_checkpoint_tamper_reject_immutably) ... skipped 'Coin strict source-bound bootstrap checkpoint'
test_macro_bootstrap_missing_then_preexisting_consumed_and_fresh_reeligible (test_edge_forward.ForwardTests.test_macro_bootstrap_missing_then_preexisting_consumed_and_fresh_reeligible) ... skipped 'Coin actual macro bootstrap completion'
test_macro_bootstrap_persists_on_missing_book_and_selection_failure_is_atomic (test_edge_forward.ForwardTests.test_macro_bootstrap_persists_on_missing_book_and_selection_failure_is_atomic) ... skipped 'Coin selection checkpoint before book safety'
test_macro_cap_binds_executable_entry_and_keeps_original_target (test_edge_forward.ForwardTests.test_macro_cap_binds_executable_entry_and_keeps_original_target) ... skipped 'Coin canonical macro stop budget'
test_macro_depth_and_minimum_limits_do_not_relabel_target (test_edge_forward.ForwardTests.test_macro_depth_and_minimum_limits_do_not_relabel_target) ... skipped 'Coin depth and minimum caps'
test_macro_volatility_target_uses_higher_mark_not_entry_price (test_edge_forward.ForwardTests.test_macro_volatility_target_uses_higher_mark_not_entry_price) ... skipped 'Coin macro entry-versus-mark geometry'
test_missing_executable_depth_blocks_new_risk (test_edge_forward.ForwardTests.test_missing_executable_depth_blocks_new_risk) ... ok
test_partial_ordinary_exit_and_later_passive_exit_restore (test_edge_forward.ForwardTests.test_partial_ordinary_exit_and_later_passive_exit_restore) ... ok
test_pending_bad_history_source_and_atomic_failure_preserve_bytes (test_edge_forward.ForwardTests.test_pending_bad_history_source_and_atomic_failure_preserve_bytes) ... ok
test_pending_macro_bootstrap_reconsumes_primary_until_successful_selection (test_edge_forward.ForwardTests.test_pending_macro_bootstrap_reconsumes_primary_until_successful_selection) ... skipped 'Coin native repeated primary cold bootstrap'
test_primary_target_unchanged_and_fee_margin_limited_fill (test_edge_forward.ForwardTests.test_primary_target_unchanged_and_fee_margin_limited_fill) ... skipped 'Coin target versus constrained fill'
test_prior_unresolved_span_blocks_later_local_passive_fill (test_edge_forward.ForwardTests.test_prior_unresolved_span_blocks_later_local_passive_fill) ... ok
test_proposal_modeled_fill_fee_net_conservation_and_checkpoint (test_edge_forward.ForwardTests.test_proposal_modeled_fill_fee_net_conservation_and_checkpoint) ... ok
test_protective_ohlc_is_unknown_not_a_fabricated_stop_fill (test_edge_forward.ForwardTests.test_protective_ohlc_is_unknown_not_a_fabricated_stop_fill) ... ok
test_raw_alfred_vintage_parsing_and_future_rejection (test_edge_forward.ForwardTests.test_raw_alfred_vintage_parsing_and_future_rejection) ... skipped 'ALFRED macro source'
test_receipt_url_future_boundary_and_raw_tamper (test_edge_forward.ForwardTests.test_receipt_url_future_boundary_and_raw_tamper) ... ok
test_recomputed_checkpoint_tamper_and_missing_raw_are_rejected (test_edge_forward.ForwardTests.test_recomputed_checkpoint_tamper_and_missing_raw_are_rejected) ... ok
test_size_minimum_rounding_depth_and_no_topup (test_edge_forward.ForwardTests.test_size_minimum_rounding_depth_and_no_topup) ... ok
test_stale_and_nonfinite_book_rejected (test_edge_forward.ForwardTests.test_stale_and_nonfinite_book_rejected) ... ok
test_strict_json_numbers_and_duplicate_keys (test_edge_forward.ForwardTests.test_strict_json_numbers_and_duplicate_keys) ... ok
test_archive_metadata_equivalence_actual_protected_byte_rejection (test_edge_forward.SourceAndExportTests.test_archive_metadata_equivalence_actual_protected_byte_rejection) ... ok
test_executable_configuration_and_protocol_are_protected (test_edge_forward.SourceAndExportTests.test_executable_configuration_and_protocol_are_protected) ... ok
test_frozen_proof_exact_categories_records_and_adapter (test_edge_forward.SourceAndExportTests.test_frozen_proof_exact_categories_records_and_adapter) ... ok
test_current_producer_mismatch_still_rejects_at_ingestion (test_edge_proof_reader.RetrospectiveProofTests.test_current_producer_mismatch_still_rejects_at_ingestion) ... ok
test_recorded_archive_validates_digest_objects_and_contracts (test_edge_proof_reader.RetrospectiveProofTests.test_recorded_archive_validates_digest_objects_and_contracts) ... ok
test_retrospective_export_preserves_sources_and_rejects_bad_bindings (test_edge_proof_reader.RetrospectiveProofTests.test_retrospective_export_preserves_sources_and_rejects_bad_bindings) ... ok
test_active_substep_partial_fill_does_not_authorize_a_topup (test_edge_spot.EdgeSpotTests.test_active_substep_partial_fill_does_not_authorize_a_topup) ... ok
test_calibration_all_profiles_strict_fields_kind_boundaries_duplicate (test_edge_spot.EdgeSpotTests.test_calibration_all_profiles_strict_fields_kind_boundaries_duplicate) ... ok
test_crowding_strict_actual_clock_momentum_and_missing_safety (test_edge_spot.EdgeSpotTests.test_crowding_strict_actual_clock_momentum_and_missing_safety) ... ok
test_exit_confirmation_preserves_bearish_vote_and_safety_priority (test_edge_spot.EdgeSpotTests.test_exit_confirmation_preserves_bearish_vote_and_safety_priority) ... ok
test_hooks_restored_on_decision_and_measurement_failure (test_edge_spot.EdgeSpotTests.test_hooks_restored_on_decision_and_measurement_failure) ... ok
test_previous_sma_uses_its_own_completed_window_and_equality_is_below (test_edge_spot.EdgeSpotTests.test_previous_sma_uses_its_own_completed_window_and_equality_is_below) ... ok
test_real_cash_and_two_protected_controls_fees_stop_no_same_day_reentry (test_edge_spot.EdgeSpotTests.test_real_cash_and_two_protected_controls_fees_stop_no_same_day_reentry) ... {"candidate": "cash", "scenario": "base", "session": 0}
/workspace/btc-flow-risk-20261004/spotquant/spotquant/model.py:350: ResourceWarning: unclosed database in <sqlite3.Connection object at 0x7f4bb8b9e7a0>
  model.closes = deque((D(item) for item in body['closes']), maxlen=limit)
ResourceWarning: Enable tracemalloc to get the object allocation traceback
/workspace/btc-flow-risk-20261004/spotquant/spotquant/model.py:350: ResourceWarning: unclosed database in <sqlite3.Connection object at 0x7f4bb8daea70>
  model.closes = deque((D(item) for item in body['closes']), maxlen=limit)
ResourceWarning: Enable tracemalloc to get the object allocation traceback
/workspace/btc-flow-risk-20261004/spotquant/spotquant/state.py:90: ResourceWarning: unclosed database in <sqlite3.Connection object at 0x7f4bb8daea70>
  row = self.db.execute('SELECT value FROM meta WHERE key=?', (key,)).fetchone()
ResourceWarning: Enable tracemalloc to get the object allocation traceback
/workspace/btc-flow-risk-20261004/spotquant/spotquant/state.py:90: ResourceWarning: unclosed database in <sqlite3.Connection object at 0x7f4bb8af8130>
  row = self.db.execute('SELECT value FROM meta WHERE key=?', (key,)).fetchone()
ResourceWarning: Enable tracemalloc to get the object allocation traceback
/workspace/btc-flow-risk-20261004/spotquant/spotquant/model.py:213: ResourceWarning: unclosed database in <sqlite3.Connection object at 0x7f4bb8daea70>
  yday <= D(1) - self.cap_drop
ResourceWarning: Enable tracemalloc to get the object allocation traceback
/workspace/btc-flow-risk-20261004/spotquant/spotquant/model.py:213: ResourceWarning: unclosed database in <sqlite3.Connection object at 0x7f4bb8b9e7a0>
  yday <= D(1) - self.cap_drop
ResourceWarning: Enable tracemalloc to get the object allocation traceback
/workspace/btc-flow-risk-20261004/spotquant/spotquant/state.py:90: ResourceWarning: unclosed database in <sqlite3.Connection object at 0x7f4bb8b9e7a0>
  row = self.db.execute('SELECT value FROM meta WHERE key=?', (key,)).fetchone()
ResourceWarning: Enable tracemalloc to get the object allocation traceback
/workspace/btc-flow-risk-20261004/spotquant/spotquant/types.py:46: ResourceWarning: unclosed database in <sqlite3.Connection object at 0x7f4bb8b9e7a0>
  return {str(key): serial(item) for key, item in value.items()}
ResourceWarning: Enable tracemalloc to get the object allocation traceback
/workspace/btc-flow-risk-20261004/spotquant/spotquant/types.py:46: ResourceWarning: unclosed database in <sqlite3.Connection object at 0x7f4bb8daea70>
  return {str(key): serial(item) for key, item in value.items()}
ResourceWarning: Enable tracemalloc to get the object allocation traceback
{"candidate": "protected-participation-25", "scenario": "base", "session": 0}
/workspace/btc-flow-risk-20261004/spotquant/spotquant/model.py:233: ResourceWarning: unclosed database in <sqlite3.Connection object at 0x7f4bb8b9e7a0>
  self.true_ranges.append((open_time, max(high - low, abs(high - self.close), abs(low - self.close))))
ResourceWarning: Enable tracemalloc to get the object allocation traceback
/workspace/btc-flow-risk-20261004/spotquant/spotquant/model.py:233: ResourceWarning: unclosed database in <sqlite3.Connection object at 0x7f4bb8af8130>
  self.true_ranges.append((open_time, max(high - low, abs(high - self.close), abs(low - self.close))))
ResourceWarning: Enable tracemalloc to get the object allocation traceback
/workspace/btc-flow-risk-20261004/spotquant/spotquant/model.py:350: ResourceWarning: unclosed database in <sqlite3.Connection object at 0x7f4bb8af8130>
  model.closes = deque((D(item) for item in body['closes']), maxlen=limit)
ResourceWarning: Enable tracemalloc to get the object allocation traceback
/workspace/btc-flow-risk-20261004/spotquant/spotquant/model.py:350: ResourceWarning: unclosed database in <sqlite3.Connection object at 0x7f4bb8daea70>
  model.closes = deque((D(item) for item in body['closes']), maxlen=limit)
ResourceWarning: Enable tracemalloc to get the object allocation traceback
/workspace/btc-flow-risk-20261004/spotquant/spotquant/model.py:350: ResourceWarning: unclosed database in <sqlite3.Connection object at 0x7f4bb8b9e7a0>
  model.closes = deque((D(item) for item in body['closes']), maxlen=limit)
ResourceWarning: Enable tracemalloc to get the object allocation traceback
/workspace/btc-flow-risk-20261004/spotquant/spotquant/types.py:46: ResourceWarning: unclosed database in <sqlite3.Connection object at 0x7f4bb8af8130>
  return {str(key): serial(item) for key, item in value.items()}
ResourceWarning: Enable tracemalloc to get the object allocation traceback
/workspace/btc-flow-risk-20261004/spotquant/spotquant/types.py:46: ResourceWarning: unclosed database in <sqlite3.Connection object at 0x7f4bb8b9e7a0>
  return {str(key): serial(item) for key, item in value.items()}
ResourceWarning: Enable tracemalloc to get the object allocation traceback
{"candidate": "protected-participation-100", "scenario": "base", "session": 0}
/workspace/btc-flow-risk-20261004/spotquant/spotquant/model.py:233: ResourceWarning: unclosed database in <sqlite3.Connection object at 0x7f4bb8af8130>
  self.true_ranges.append((open_time, max(high - low, abs(high - self.close), abs(low - self.close))))
ResourceWarning: Enable tracemalloc to get the object allocation traceback
/workspace/btc-flow-risk-20261004/spotquant/spotquant/model.py:233: ResourceWarning: unclosed database in <sqlite3.Connection object at 0x7f4bb8daea70>
  self.true_ranges.append((open_time, max(high - low, abs(high - self.close), abs(low - self.close))))
ResourceWarning: Enable tracemalloc to get the object allocation traceback
/workspace/btc-flow-risk-20261004/spotquant/spotquant/model.py:350: ResourceWarning: unclosed database in <sqlite3.Connection object at 0x7f4bb8daea70>
  model.closes = deque((D(item) for item in body['closes']), maxlen=limit)
ResourceWarning: Enable tracemalloc to get the object allocation traceback
/workspace/btc-flow-risk-20261004/spotquant/spotquant/model.py:350: ResourceWarning: unclosed database in <sqlite3.Connection object at 0x7f4bb8b9e7a0>
  model.closes = deque((D(item) for item in body['closes']), maxlen=limit)
ResourceWarning: Enable tracemalloc to get the object allocation traceback
/workspace/btc-flow-risk-20261004/spotquant/spotquant/model.py:350: ResourceWarning: unclosed database in <sqlite3.Connection object at 0x7f4bb8af8130>
  model.closes = deque((D(item) for item in body['closes']), maxlen=limit)
ResourceWarning: Enable tracemalloc to get the object allocation traceback
/workspace/btc-flow-risk-20261004/spotquant/spotquant/types.py:46: ResourceWarning: unclosed database in <sqlite3.Connection object at 0x7f4bb8daea70>
  return {str(key): serial(item) for key, item in value.items()}
ResourceWarning: Enable tracemalloc to get the object allocation traceback
/workspace/btc-flow-risk-20261004/spotquant/spotquant/types.py:46: ResourceWarning: unclosed database in <sqlite3.Connection object at 0x7f4bb8af8130>
  return {str(key): serial(item) for key, item in value.items()}
ResourceWarning: Enable tracemalloc to get the object allocation traceback
ok
test_registered_components_and_minimum_rounding (test_edge_spot.EdgeSpotTests.test_registered_components_and_minimum_rounding) ... ok
test_risk_cutoff_and_held_protections_untouched (test_edge_spot.EdgeSpotTests.test_risk_cutoff_and_held_protections_untouched) ... ok
test_state_rule_checkpoint_profile_reject_before_recover_spy (test_edge_spot.EdgeSpotTests.test_state_rule_checkpoint_profile_reject_before_recover_spy) ... ok
test_stop_budget_caps_original_proposal_accounts_fees_and_blocks_missing (test_edge_spot.EdgeSpotTests.test_stop_budget_caps_original_proposal_accounts_fees_and_blocks_missing) ... ok
test_stop_risk_aggregates_allocated_sleeves_and_rounding_dust (test_edge_spot.EdgeSpotTests.test_stop_risk_aggregates_allocated_sleeves_and_rounding_dust) ... ok
test_unity_baseline_all_six_original_groups_and_budget (test_edge_spot.EdgeSpotTests.test_unity_baseline_all_six_original_groups_and_budget) ... {"candidate": "atr-stop", "scenario": "base", "session": 0}
/workspace/btc-flow-risk-20261004/spotquant/spotquant/model.py:350: ResourceWarning: unclosed database in <sqlite3.Connection object at 0x7f4bb8b9e7a0>
  model.closes = deque((D(item) for item in body['closes']), maxlen=limit)
ResourceWarning: Enable tracemalloc to get the object allocation traceback
/workspace/btc-flow-risk-20261004/spotquant/spotquant/model.py:350: ResourceWarning: unclosed database in <sqlite3.Connection object at 0x7f4bb8af9030>
  model.closes = deque((D(item) for item in body['closes']), maxlen=limit)
ResourceWarning: Enable tracemalloc to get the object allocation traceback
/workspace/btc-flow-risk-20261004/spotquant/spotquant/model.py:350: ResourceWarning: unclosed database in <sqlite3.Connection object at 0x7f4bb89c1c60>
  model.closes = deque((D(item) for item in body['closes']), maxlen=limit)
ResourceWarning: Enable tracemalloc to get the object allocation traceback
/workspace/btc-flow-risk-20261004/spotquant/spotquant/model.py:233: ResourceWarning: unclosed database in <sqlite3.Connection object at 0x7f4bb8b9e7a0>
  self.true_ranges.append((open_time, max(high - low, abs(high - self.close), abs(low - self.close))))
ResourceWarning: Enable tracemalloc to get the object allocation traceback
/workspace/btc-flow-risk-20261004/spotquant/spotquant/model.py:233: ResourceWarning: unclosed database in <sqlite3.Connection object at 0x7f4bb8af8130>
  self.true_ranges.append((open_time, max(high - low, abs(high - self.close), abs(low - self.close))))
ResourceWarning: Enable tracemalloc to get the object allocation traceback
{"candidate": "atr-stop", "scenario": "base", "session": 0}
/usr/lib/python3.13/json/encoder.py:252: ResourceWarning: unclosed database in <sqlite3.Connection object at 0x7f4bb8af8130>
  _iterencode = c_make_encoder(
ResourceWarning: Enable tracemalloc to get the object allocation traceback
/usr/lib/python3.13/json/encoder.py:252: ResourceWarning: unclosed database in <sqlite3.Connection object at 0x7f4bb8af9030>
  _iterencode = c_make_encoder(
ResourceWarning: Enable tracemalloc to get the object allocation traceback
/usr/lib/python3.13/json/encoder.py:261: ResourceWarning: unclosed database in <sqlite3.Connection object at 0x7f4bb8af9030>
  return _iterencode(o, 0)
ResourceWarning: Enable tracemalloc to get the object allocation traceback
/usr/lib/python3.13/json/encoder.py:261: ResourceWarning: unclosed database in <sqlite3.Connection object at 0x7f4bb8b9e7a0>
  return _iterencode(o, 0)
ResourceWarning: Enable tracemalloc to get the object allocation traceback
/workspace/btc-flow-risk-20261004/spotquant/spotquant/model.py:233: ResourceWarning: unclosed database in <sqlite3.Connection object at 0x7f4bb8b9e7a0>
  self.true_ranges.append((open_time, max(high - low, abs(high - self.close), abs(low - self.close))))
ResourceWarning: Enable tracemalloc to get the object allocation traceback
/workspace/btc-flow-risk-20261004/spotquant/spotquant/model.py:233: ResourceWarning: unclosed database in <sqlite3.Connection object at 0x7f4bb8af8130>
  self.true_ranges.append((open_time, max(high - low, abs(high - self.close), abs(low - self.close))))
ResourceWarning: Enable tracemalloc to get the object allocation traceback
{"candidate": "atr-stop", "scenario": "base", "session": 0}
/usr/lib/python3.13/json/encoder.py:252: ResourceWarning: unclosed database in <sqlite3.Connection object at 0x7f4bb8daea70>
  _iterencode = c_make_encoder(
ResourceWarning: Enable tracemalloc to get the object allocation traceback
/usr/lib/python3.13/json/encoder.py:252: ResourceWarning: unclosed database in <sqlite3.Connection object at 0x7f4bb8b9e7a0>
  _iterencode = c_make_encoder(
ResourceWarning: Enable tracemalloc to get the object allocation traceback
/usr/lib/python3.13/json/encoder.py:261: ResourceWarning: unclosed database in <sqlite3.Connection object at 0x7f4bb8b9e7a0>
  return _iterencode(o, 0)
ResourceWarning: Enable tracemalloc to get the object allocation traceback
/usr/lib/python3.13/json/encoder.py:261: ResourceWarning: unclosed database in <sqlite3.Connection object at 0x7f4bb8daea70>
  return _iterencode(o, 0)
ResourceWarning: Enable tracemalloc to get the object allocation traceback
ok
test_coin_campaign_costs_funding_and_fragment_independence (test_flow_risk.FlowRiskChecks.test_coin_campaign_costs_funding_and_fragment_independence) ... ok
test_no_forming_day_and_microsecond_volume_validation (test_flow_risk.FlowRiskChecks.test_no_forming_day_and_microsecond_volume_validation) ... ok
test_profitable_veto_and_insufficient_episodes_never_promote (test_flow_risk.FlowRiskChecks.test_profitable_veto_and_insufficient_episodes_never_promote) ... ok
test_quote_weighted_complete_day_and_availability (test_flow_risk.FlowRiskChecks.test_quote_weighted_complete_day_and_availability) ... ok
test_spot_split_ownership_fees_and_remaining_trim_closure (test_flow_risk.FlowRiskChecks.test_spot_split_ownership_fees_and_remaining_trim_closure) ... ok
test_a_balance_that_is_not_the_buy_is_unknown (test_follow.FollowTests.test_a_balance_that_is_not_the_buy_is_unknown) ... ok
test_a_full_transfer_out_with_no_sell_is_unknown (test_follow.FollowTests.test_a_full_transfer_out_with_no_sell_is_unknown) ... ok
test_a_pre_fill_wick_does_not_raise_the_peak (test_follow.FollowTests.test_a_pre_fill_wick_does_not_raise_the_peak) ... ok
test_a_sell_already_accounted_for_is_not_counted_twice (test_follow.FollowTests.test_a_sell_already_accounted_for_is_not_counted_twice) ... ok
test_a_sell_of_one_sleeve_does_not_erase_the_buy_of_another_at_the_same_open (test_follow.FollowTests.test_a_sell_of_one_sleeve_does_not_erase_the_buy_of_another_at_the_same_open) ... ok
test_a_sell_that_leaves_one_sleeve_closes_only_that_sleeve (test_follow.FollowTests.test_a_sell_that_leaves_one_sleeve_closes_only_that_sleeve) ... ok
test_btc_commission_is_part_of_the_balance_and_not_the_fill_price (test_follow.FollowTests.test_btc_commission_is_part_of_the_balance_and_not_the_fill_price) ... ok
test_equal_sleeves_are_unknown_even_when_both_want_to_exit (test_follow.FollowTests.test_equal_sleeves_are_unknown_even_when_both_want_to_exit) ... ok
test_sleeves_on_one_signal_day_share_one_fill_equally (test_follow.FollowTests.test_sleeves_on_one_signal_day_share_one_fill_equally) ... ok
test_two_order_ids_are_not_merged_into_one_fill (test_follow.FollowTests.test_two_order_ids_are_not_merged_into_one_fill) ... ok
test_expired_partial_and_intentional_half_reduction_remain_positions (test_grouped_close.GroupedCloseTests.test_expired_partial_and_intentional_half_reduction_remain_positions) ... ok
test_full_close_is_strategy_flat_while_real_ownership_and_capital_are_kept (test_grouped_close.GroupedCloseTests.test_full_close_is_strategy_flat_while_real_ownership_and_capital_are_kept) ... ok
test_future_final_readback_cannot_close_an_earlier_partial_fill (test_grouped_close.GroupedCloseTests.test_future_final_readback_cannot_close_an_earlier_partial_fill) ... ok
test_late_terminal_readback_does_not_commit_a_permanently_unprotected_remainder (test_grouped_close.GroupedCloseTests.test_late_terminal_readback_does_not_commit_a_permanently_unprotected_remainder) ... ok
test_missing_readback_or_incomplete_legacy_application_never_widens_dust (test_grouped_close.GroupedCloseTests.test_missing_readback_or_incomplete_legacy_application_never_widens_dust) ... ok
test_readonly_cycle_rolls_back_earlier_sleeve_before_late_terminal_guard (test_grouped_close.GroupedCloseTests.test_readonly_cycle_rolls_back_earlier_sleeve_before_late_terminal_guard) ... ok
test_readonly_recovery_and_executor_use_the_same_durable_native_metadata (test_grouped_close.GroupedCloseTests.test_readonly_recovery_and_executor_use_the_same_durable_native_metadata) ... ok
test_real_reentry_merges_owned_residual_and_resets_peak (test_grouped_close.GroupedCloseTests.test_real_reentry_merges_owned_residual_and_resets_peak) ... ok
test_a_close_four_percent_under_the_fill_invalidates_a_normal_entry (test_model.ModelTests.test_a_close_four_percent_under_the_fill_invalidates_a_normal_entry) ... ok
test_a_close_sixty_one_percent_above_the_average_is_a_blowoff (test_model.ModelTests.test_a_close_sixty_one_percent_above_the_average_is_a_blowoff) ... ok
test_a_crash_reversal_ignores_the_four_percent_close (test_model.ModelTests.test_a_crash_reversal_ignores_the_four_percent_close) ... ok
test_a_flat_followed_position_rearms_only_after_a_fresh_cross (test_model.ModelTests.test_a_flat_followed_position_rearms_only_after_a_fresh_cross) ... ok
test_bull_is_strict_and_checkpoint_roundtrips (test_model.ModelTests.test_bull_is_strict_and_checkpoint_roundtrips) ... ok
test_crash_reversal_arms_and_holds_until_the_handoff (test_model.ModelTests.test_crash_reversal_arms_and_holds_until_the_handoff) ... ok
test_defaults_match_the_selected_spot_book (test_model.ModelTests.test_defaults_match_the_selected_spot_book) ... ok
test_empty_checkpoint_roundtrips (test_model.ModelTests.test_empty_checkpoint_roundtrips) ... ok
test_equal_close_is_not_bullish (test_model.ModelTests.test_equal_close_is_not_bullish) ... ok
test_origin_and_contiguity (test_model.ModelTests.test_origin_and_contiguity) ... ok
test_restore_rejects_a_previous_close_that_is_not_in_the_window (test_model.ModelTests.test_restore_rejects_a_previous_close_that_is_not_in_the_window) ... ok
test_restore_rejects_a_rehashed_crash_flag (test_model.ModelTests.test_restore_rejects_a_rehashed_crash_flag) ... ok
test_restore_rejects_a_rehashed_crash_reversal (test_model.ModelTests.test_restore_rejects_a_rehashed_crash_reversal) ... ok
test_two_closes_arm_entry_and_an_exit_requires_a_fresh_cross (test_model.ModelTests.test_two_closes_arm_entry_and_an_exit_requires_a_fresh_cross) ... ok
test_partial_fill_needs_native_quantity_coverage (test_native_acceptance.NativeEvidenceTests.test_partial_fill_needs_native_quantity_coverage) ... ok
test_raw_bytes_source_and_environment_are_bound (test_native_acceptance.NativeEvidenceTests.test_raw_bytes_source_and_environment_are_bound) ... ok
test_repeated_or_canceled_readbacks_cannot_inflate_protection (test_native_acceptance.NativeEvidenceTests.test_repeated_or_canceled_readbacks_cannot_inflate_protection) ... ok
test_reserved_manifest_filename_cannot_overwrite_archive (test_native_acceptance.NativeEvidenceTests.test_reserved_manifest_filename_cannot_overwrite_archive) ... ok
test_symlink_case_cannot_leave_the_archive (test_native_acceptance.NativeEvidenceTests.test_symlink_case_cannot_leave_the_archive) ... ok
test_synthetic_and_early_trigger_do_not_establish_native_closure (test_native_acceptance.NativeEvidenceTests.test_synthetic_and_early_trigger_do_not_establish_native_closure) ... ok
test_changing_balances_during_order_scan_are_unknown (test_native_export.ExportTests.test_changing_balances_during_order_scan_are_unknown) ... ok
test_default_http_transport_preserves_explicit_demo_methods (test_native_export.ExportTests.test_default_http_transport_preserves_explicit_demo_methods) ... ok
test_demo_order_gate_rejects_live_before_transport (test_native_export.ExportTests.test_demo_order_gate_rejects_live_before_transport) ... ok
test_failed_native_preflight_keeps_proven_unsent_intent_prepared (test_native_export.ExportTests.test_failed_native_preflight_keeps_proven_unsent_intent_prepared) ... ok
test_missing_asset_balance_is_unknown (test_native_export.ExportTests.test_missing_asset_balance_is_unknown) ... ok
test_normalized_accounts_revalue_at_perpetual_mark_without_adding_margin (test_native_export.ExportTests.test_normalized_accounts_revalue_at_perpetual_mark_without_adding_margin) ... ok
test_read_only_export_includes_locked_cash_and_uses_fresh_price (test_native_export.ExportTests.test_read_only_export_includes_locked_cash_and_uses_fresh_price) ... ok
test_redirect_after_dispatch_is_unknown_not_a_proven_refusal (test_native_export.ExportTests.test_redirect_after_dispatch_is_unknown_not_a_proven_refusal) ... ok
test_lost_ack_restart_and_partial_fill_protection (test_offline.OfflineTests.test_lost_ack_restart_and_partial_fill_protection) ... ok
test_network_adapter_and_native_state_are_rejected (test_offline.OfflineTests.test_network_adapter_and_native_state_are_rejected) ... ok
test_query_outage_after_fill_never_resubmits_on_restart (test_offline.OfflineTests.test_query_outage_after_fill_never_resubmits_on_restart) ... ok
test_sell_proceeds_are_reconciled_before_a_new_buy (test_offline.OfflineTests.test_sell_proceeds_are_reconciled_before_a_new_buy) ... ok
test_stop_failure_does_not_report_protection (test_offline.OfflineTests.test_stop_failure_does_not_report_protection) ... ok
test_strategy_exit_cancels_confirmed_protection_before_selling (test_offline.OfflineTests.test_strategy_exit_cancels_confirmed_protection_before_selling) ... ok
test_terminal_partial_exit_protects_the_remaining_coins (test_offline.OfflineTests.test_terminal_partial_exit_protects_the_remaining_coins) ... ok
test_unconfirmed_send_and_external_funds_freeze (test_offline.OfflineTests.test_unconfirmed_send_and_external_funds_freeze) ... ok
test_unsupported_replacement_keeps_the_prior_stop (test_offline.OfflineTests.test_unsupported_replacement_keeps_the_prior_stop) ... ok
test_account_days_require_this_pair_and_thirty_actual_dates (test_operations.OperationsTests.test_account_days_require_this_pair_and_thirty_actual_dates) ... ok
test_hedge_does_not_erase_gross_exposure_or_double_count_margin (test_operations.OperationsTests.test_hedge_does_not_erase_gross_exposure_or_double_count_margin) ... ok
test_second_exporter_launch_failure_cleans_first_and_records_failed_day (test_operations.OperationsTests.test_second_exporter_launch_failure_cleans_first_and_records_failed_day) ... ok
test_two_attempts_on_one_real_day_do_not_manufacture_two_forward_days (test_operations.OperationsTests.test_two_attempts_on_one_real_day_do_not_manufacture_two_forward_days) ... ok
test_unknown_stale_and_mixed_valuation_refuse_summary (test_operations.OperationsTests.test_unknown_stale_and_mixed_valuation_refuse_summary) ... ok
test_crash_after_cancel_resumes_sale_and_protects_partial_remainder (test_p4_execution.P4ExecutionTests.test_crash_after_cancel_resumes_sale_and_protects_partial_remainder) ... /workspace/btc-flow-risk-20261004/spotquant/spotquant/model.py:230: ResourceWarning: unclosed database in <sqlite3.Connection object at 0x7f4bb8b9e7a0>
  if not D(0) < low <= close <= high:
ResourceWarning: Enable tracemalloc to get the object allocation traceback
/workspace/btc-flow-risk-20261004/spotquant/spotquant/model.py:230: ResourceWarning: unclosed database in <sqlite3.Connection object at 0x7f4bb8daea70>
  if not D(0) < low <= close <= high:
ResourceWarning: Enable tracemalloc to get the object allocation traceback
/workspace/btc-flow-risk-20261004/spotquant/spotquant/model.py:233: ResourceWarning: unclosed database in <sqlite3.Connection object at 0x7f4bb8daea70>
  self.true_ranges.append((open_time, max(high - low, abs(high - self.close), abs(low - self.close))))
ResourceWarning: Enable tracemalloc to get the object allocation traceback
/workspace/btc-flow-risk-20261004/spotquant/spotquant/model.py:233: ResourceWarning: unclosed database in <sqlite3.Connection object at 0x7f4bb8af95d0>
  self.true_ranges.append((open_time, max(high - low, abs(high - self.close), abs(low - self.close))))
ResourceWarning: Enable tracemalloc to get the object allocation traceback
/workspace/btc-flow-risk-20261004/spotquant/spotquant/model.py:350: ResourceWarning: unclosed database in <sqlite3.Connection object at 0x7f4bb8b9e7a0>
  model.closes = deque((D(item) for item in body['closes']), maxlen=limit)
ResourceWarning: Enable tracemalloc to get the object allocation traceback
/workspace/btc-flow-risk-20261004/spotquant/spotquant/model.py:350: ResourceWarning: unclosed database in <sqlite3.Connection object at 0x7f4bb8af95d0>
  model.closes = deque((D(item) for item in body['closes']), maxlen=limit)
ResourceWarning: Enable tracemalloc to get the object allocation traceback
ok
test_equal_size_groups_have_distinct_order_identity_and_sell_attribution (test_p4_execution.P4ExecutionTests.test_equal_size_groups_have_distinct_order_identity_and_sell_attribution) ... /workspace/btc-flow-risk-20261004/spotquant/spotquant/model.py:350: ResourceWarning: unclosed database in <sqlite3.Connection object at 0x7f4bb8af96c0>
  model.closes = deque((D(item) for item in body['closes']), maxlen=limit)
ResourceWarning: Enable tracemalloc to get the object allocation traceback
ok
test_external_cash_is_unknown_and_does_not_send (test_p4_execution.P4ExecutionTests.test_external_cash_is_unknown_and_does_not_send) ... ok
test_floored_exit_retains_fractional_ownership_and_reentry_resets_peak (test_p4_execution.P4ExecutionTests.test_floored_exit_retains_fractional_ownership_and_reentry_resets_peak) ... /workspace/btc-flow-risk-20261004/spotquant/spotquant/model.py:350: ResourceWarning: unclosed database in <sqlite3.Connection object at 0x7f4bb89c2020>
  model.closes = deque((D(item) for item in body['closes']), maxlen=limit)
ResourceWarning: Enable tracemalloc to get the object allocation traceback
/workspace/btc-flow-risk-20261004/spotquant/spotquant/model.py:350: ResourceWarning: unclosed database in <sqlite3.Connection object at 0x7f4bb89c25c0>
  model.closes = deque((D(item) for item in body['closes']), maxlen=limit)
ResourceWarning: Enable tracemalloc to get the object allocation traceback
ok
test_prepared_sale_recovers_after_a_new_daily_bar (test_p4_execution.P4ExecutionTests.test_prepared_sale_recovers_after_a_new_daily_bar) ... /workspace/btc-flow-risk-20261004/spotquant/spotquant/model.py:189: ResourceWarning: unclosed database in <sqlite3.Connection object at 0x7f4bb8af96c0>
  sma = sum(window, D(0)) / self.sma_window
ResourceWarning: Enable tracemalloc to get the object allocation traceback
/workspace/btc-flow-risk-20261004/spotquant/spotquant/model.py:189: ResourceWarning: unclosed database in <sqlite3.Connection object at 0x7f4bb8af95d0>
  sma = sum(window, D(0)) / self.sma_window
ResourceWarning: Enable tracemalloc to get the object allocation traceback
/workspace/btc-flow-risk-20261004/spotquant/spotquant/model.py:189: ResourceWarning: unclosed database in <sqlite3.Connection object at 0x7f4bb8b9e7a0>
  sma = sum(window, D(0)) / self.sma_window
ResourceWarning: Enable tracemalloc to get the object allocation traceback
/workspace/btc-flow-risk-20261004/spotquant/spotquant/model.py:189: ResourceWarning: unclosed database in <sqlite3.Connection object at 0x7f4bb89c0400>
  sma = sum(window, D(0)) / self.sma_window
ResourceWarning: Enable tracemalloc to get the object allocation traceback
ok
test_prepared_stop_replacement_recovers_after_a_new_daily_bar (test_p4_execution.P4ExecutionTests.test_prepared_stop_replacement_recovers_after_a_new_daily_bar) ... /workspace/btc-flow-risk-20261004/spotquant/spotquant/model.py:233: ResourceWarning: unclosed database in <sqlite3.Connection object at 0x7f4bb8af96c0>
  self.true_ranges.append((open_time, max(high - low, abs(high - self.close), abs(low - self.close))))
ResourceWarning: Enable tracemalloc to get the object allocation traceback
ok
test_query_outage_after_send_recovers_with_original_identity (test_p4_execution.P4ExecutionTests.test_query_outage_after_send_recovers_with_original_identity) ... ok
test_real_session_partial_entry_restart_stop_amend_and_offline_trigger (test_p4_execution.P4ExecutionTests.test_real_session_partial_entry_restart_stop_amend_and_offline_trigger) ... ok
test_stop_fill_between_decision_and_write_requires_reconciliation (test_p4_execution.P4ExecutionTests.test_stop_fill_between_decision_and_write_requires_reconciliation) ... ok
test_unconfirmed_protection_stays_unknown_on_subsequent_sessions (test_p4_execution.P4ExecutionTests.test_unconfirmed_protection_stays_unknown_on_subsequent_sessions) ... ok
test_a_balance_the_sleeves_do_not_own_is_unknown (test_preview.PreviewTests.test_a_balance_the_sleeves_do_not_own_is_unknown) ... ok
test_a_single_bullish_entry_does_not_invent_consensus (test_preview.PreviewTests.test_a_single_bullish_entry_does_not_invent_consensus) ... ok
test_a_stop_wider_than_the_sell_band_is_not_placeable (test_preview.PreviewTests.test_a_stop_wider_than_the_sell_band_is_not_placeable) ... ok
test_cold_start_does_not_buy_an_already_bullish_regime (test_preview.PreviewTests.test_cold_start_does_not_buy_an_already_bullish_regime) ... ok
test_consensus_advisory_shares_sum_to_the_actual_pooled_buy (test_preview.PreviewTests.test_consensus_advisory_shares_sum_to_the_actual_pooled_buy) ... ok
test_consensus_default_increases_a_real_entry_with_a_bullish_holder (test_preview.PreviewTests.test_consensus_default_increases_a_real_entry_with_a_bullish_holder) ... ok
test_crash_reversal_wins_when_the_ordinary_entry_is_also_armed (test_preview.PreviewTests.test_crash_reversal_wins_when_the_ordinary_entry_is_also_armed) ... ok
test_dust_on_three_sleeves_exits_together_and_does_not_buy_again (test_preview.PreviewTests.test_dust_on_three_sleeves_exits_together_and_does_not_buy_again) ... ok
test_entry_stop_uses_the_completed_close_when_the_streak_high_is_through_it (test_preview.PreviewTests.test_entry_stop_uses_the_completed_close_when_the_streak_high_is_through_it) ... ok
test_external_btc_is_unknown (test_preview.PreviewTests.test_external_btc_is_unknown) ... ok
test_fresh_bull_close_previews_a_market_buy_and_a_stop_price (test_preview.PreviewTests.test_fresh_bull_close_previews_a_market_buy_and_a_stop_price) ... ok
test_owned_coins_exit_a_blowoff_while_still_above_the_average (test_preview.PreviewTests.test_owned_coins_exit_a_blowoff_while_still_above_the_average) ... ok
test_owned_coins_exit_when_the_close_is_four_percent_under_the_fill (test_preview.PreviewTests.test_owned_coins_exit_when_the_close_is_four_percent_under_the_fill) ... ok
test_owned_coins_exit_when_the_close_is_not_bullish (test_preview.PreviewTests.test_owned_coins_exit_when_the_close_is_not_bullish) ... ok
test_owned_hold_uses_the_close_until_the_fill_and_then_the_fill_peak (test_preview.PreviewTests.test_owned_hold_uses_the_close_until_the_fill_and_then_the_fill_peak) ... ok
test_sleeves_share_the_pool_and_an_exit_frees_cash_for_an_entry_at_the_same_open (test_preview.PreviewTests.test_sleeves_share_the_pool_and_an_exit_frees_cash_for_an_entry_at_the_same_open) ... ok
test_the_capital_limit_caps_the_whole_pool (test_preview.PreviewTests.test_the_capital_limit_caps_the_whole_pool) ... ok
test_the_forward_rules_hash_is_the_one_in_the_spec (test_research.ResearchTests.test_the_forward_rules_hash_is_the_one_in_the_spec) ... ok
test_the_loader_reads_the_named_symbol_and_extra_roots (test_research.ResearchTests.test_the_loader_reads_the_named_symbol_and_extra_roots) ... ok
test_corrupt_existing_input_is_refused_and_preserved (test_restore_btc.RestoreTests.test_corrupt_existing_input_is_refused_and_preserved) ... ok
test_a_failed_preview_still_keeps_the_positions_in_step_with_the_model (test_session.SessionTests.test_a_failed_preview_still_keeps_the_positions_in_step_with_the_model) ... /workspace/btc-flow-risk-20261004/spotquant/spotquant/model.py:350: ResourceWarning: unclosed database in <sqlite3.Connection object at 0x7f4bb8afb2e0>
  model.closes = deque((D(item) for item in body['closes']), maxlen=limit)
ResourceWarning: Enable tracemalloc to get the object allocation traceback
ok
test_a_flat_account_reads_later_trades_from_the_cursor (test_session.SessionTests.test_a_flat_account_reads_later_trades_from_the_cursor) ... ok
test_a_followed_buy_previews_the_fill_stop_and_a_failed_cycle_drops_the_old_view (test_session.SessionTests.test_a_followed_buy_previews_the_fill_stop_and_a_failed_cycle_drops_the_old_view) ... /workspace/btc-flow-risk-20261004/spotquant/spotquant/model.py:274: ResourceWarning: unclosed database in <sqlite3.Connection object at 0x7f4bb8b9e7a0>
  return sum((value for _, value in self.true_ranges), D(0)) / 14 if len(self.true_ranges) == 14 else None
ResourceWarning: Enable tracemalloc to get the object allocation traceback
/workspace/btc-flow-risk-20261004/spotquant/spotquant/model.py:274: ResourceWarning: unclosed database in <sqlite3.Connection object at 0x7f4bb8afb2e0>
  return sum((value for _, value in self.true_ranges), D(0)) / 14 if len(self.true_ranges) == 14 else None
ResourceWarning: Enable tracemalloc to get the object allocation traceback
/workspace/btc-flow-risk-20261004/spotquant/spotquant/model.py:274: ResourceWarning: unclosed database in <sqlite3.Connection object at 0x7f4bb8af96c0>
  return sum((value for _, value in self.true_ranges), D(0)) / 14 if len(self.true_ranges) == 14 else None
ResourceWarning: Enable tracemalloc to get the object allocation traceback
/workspace/btc-flow-risk-20261004/spotquant/spotquant/model.py:350: ResourceWarning: unclosed database in <sqlite3.Connection object at 0x7f4bb8afb5b0>
  model.closes = deque((D(item) for item in body['closes']), maxlen=limit)
ResourceWarning: Enable tracemalloc to get the object allocation traceback
ok
test_a_full_transfer_out_without_a_sell_is_unknown_and_drops_the_followed_flag (test_session.SessionTests.test_a_full_transfer_out_without_a_sell_is_unknown_and_drops_the_followed_flag) ... /workspace/btc-flow-risk-20261004/spotquant/spotquant/session.py:236: ResourceWarning: unclosed database in <sqlite3.Connection object at 0x7f4bb8b9e7a0>
  if any(getattr(model, k) != getattr(expected, k) for k in parameters):
ResourceWarning: Enable tracemalloc to get the object allocation traceback
/workspace/btc-flow-risk-20261004/spotquant/spotquant/session.py:236: ResourceWarning: unclosed database in <sqlite3.Connection object at 0x7f4bb8afb5b0>
  if any(getattr(model, k) != getattr(expected, k) for k in parameters):
ResourceWarning: Enable tracemalloc to get the object allocation traceback
/workspace/btc-flow-risk-20261004/spotquant/spotquant/session.py:236: ResourceWarning: unclosed database in <sqlite3.Connection object at 0x7f4bb8af96c0>
  if any(getattr(model, k) != getattr(expected, k) for k in parameters):
ResourceWarning: Enable tracemalloc to get the object allocation traceback
/workspace/btc-flow-risk-20261004/spotquant/spotquant/session.py:236: ResourceWarning: unclosed database in <sqlite3.Connection object at 0x7f4bb89c0c70>
  if any(getattr(model, k) != getattr(expected, k) for k in parameters):
ResourceWarning: Enable tracemalloc to get the object allocation traceback
ok
test_a_sell_on_the_account_closes_the_followed_sleeves (test_session.SessionTests.test_a_sell_on_the_account_closes_the_followed_sleeves) ... /workspace/btc-flow-risk-20261004/spotquant/spotquant/model.py:233: ResourceWarning: unclosed database in <sqlite3.Connection object at 0x7f4bb8afb5b0>
  self.true_ranges.append((open_time, max(high - low, abs(high - self.close), abs(low - self.close))))
ResourceWarning: Enable tracemalloc to get the object allocation traceback
/workspace/btc-flow-risk-20261004/spotquant/spotquant/model.py:350: ResourceWarning: unclosed database in <sqlite3.Connection object at 0x7f4bb89c1990>
  model.closes = deque((D(item) for item in body['closes']), maxlen=limit)
ResourceWarning: Enable tracemalloc to get the object allocation traceback
ok
test_an_old_checkpoint_is_rejected_even_when_flat (test_session.SessionTests.test_an_old_checkpoint_is_rejected_even_when_flat) ... /workspace/btc-flow-risk-20261004/spotquant/spotquant/model.py:274: ResourceWarning: unclosed database in <sqlite3.Connection object at 0x7f4bb8afb5b0>
  return sum((value for _, value in self.true_ranges), D(0)) / 14 if len(self.true_ranges) == 14 else None
ResourceWarning: Enable tracemalloc to get the object allocation traceback
ok
test_cold_start_then_two_bullish_closes_preview_entry (test_session.SessionTests.test_cold_start_then_two_bullish_closes_preview_entry) ... /workspace/btc-flow-risk-20261004/spotquant/spotquant/preview.py:264: ResourceWarning: unclosed database in <sqlite3.Connection object at 0x7f4bb8afb5b0>
  if any(floor_step(qty, BASE_STEP) * D(snapshot['avg_price']) >= MIN_NOTIONAL for qty in dust.values()):
ResourceWarning: Enable tracemalloc to get the object allocation traceback
/workspace/btc-flow-risk-20261004/spotquant/spotquant/preview.py:264: ResourceWarning: unclosed database in <sqlite3.Connection object at 0x7f4bb8b9e7a0>
  if any(floor_step(qty, BASE_STEP) * D(snapshot['avg_price']) >= MIN_NOTIONAL for qty in dust.values()):
ResourceWarning: Enable tracemalloc to get the object allocation traceback
/workspace/btc-flow-risk-20261004/spotquant/spotquant/preview.py:264: ResourceWarning: unclosed database in <sqlite3.Connection object at 0x7f4bb89c0e50>
  if any(floor_step(qty, BASE_STEP) * D(snapshot['avg_price']) >= MIN_NOTIONAL for qty in dust.values()):
ResourceWarning: Enable tracemalloc to get the object allocation traceback
/workspace/btc-flow-risk-20261004/spotquant/spotquant/preview.py:264: ResourceWarning: unclosed database in <sqlite3.Connection object at 0x7f4bb89c24d0>
  if any(floor_step(qty, BASE_STEP) * D(snapshot['avg_price']) >= MIN_NOTIONAL for qty in dust.values()):
ResourceWarning: Enable tracemalloc to get the object allocation traceback
/workspace/btc-flow-risk-20261004/spotquant/spotquant/preview.py:264: ResourceWarning: unclosed database in <sqlite3.Connection object at 0x7f4bb89c0040>
  if any(floor_step(qty, BASE_STEP) * D(snapshot['avg_price']) >= MIN_NOTIONAL for qty in dust.values()):
ResourceWarning: Enable tracemalloc to get the object allocation traceback
ok
test_external_btc_stops_the_observation (test_session.SessionTests.test_external_btc_stops_the_observation) ... ok
test_open_order_details_stay_on_the_report (test_session.SessionTests.test_open_order_details_stay_on_the_report) ... /workspace/btc-flow-risk-20261004/spotquant/spotquant/model.py:233: ResourceWarning: unclosed database in <sqlite3.Connection object at 0x7f4bb89c08b0>
  self.true_ranges.append((open_time, max(high - low, abs(high - self.close), abs(low - self.close))))
ResourceWarning: Enable tracemalloc to get the object allocation traceback
/workspace/btc-flow-risk-20261004/spotquant/spotquant/model.py:350: ResourceWarning: unclosed database in <sqlite3.Connection object at 0x7f4bb89c16c0>
  model.closes = deque((D(item) for item in body['closes']), maxlen=limit)
ResourceWarning: Enable tracemalloc to get the object allocation traceback
ok
test_actual_bounded_sessions_enter_protect_and_independently_audit (test_session_account.SessionAccountTests.test_actual_bounded_sessions_enter_protect_and_independently_audit) ... ok
test_basis_waits_for_current_date_publication (test_session_account.SessionAccountTests.test_basis_waits_for_current_date_publication) ... ok
test_candles_are_completed_and_quotes_interpolate_without_future_candles (test_session_account.SessionAccountTests.test_candles_are_completed_and_quotes_interpolate_without_future_candles) ... ok
test_deadline_is_installed_and_prevents_late_client_dispatch (test_session_account.SessionAccountTests.test_deadline_is_installed_and_prevents_late_client_dispatch) ... ok
test_dispatched_cancel_finishes_at_venue_even_after_client_deadline (test_session_account.SessionAccountTests.test_dispatched_cancel_finishes_at_venue_even_after_client_deadline) ... ok
test_stop_acts_between_sessions_and_cash_fill_identity_holds (test_session_account.SessionAccountTests.test_stop_acts_between_sessions_and_cash_fill_identity_holds) ... /workspace/btc-flow-risk-20261004/spotquant/research/session_account.py:13: ResourceWarning: unclosed database in <sqlite3.Connection object at 0x7f4bb8b9e7a0>
  completed = [(t, h, l, c) for t, o, h, l, c, q in bars if t + DAY <= start]
ResourceWarning: Enable tracemalloc to get the object allocation traceback
/workspace/btc-flow-risk-20261004/spotquant/research/session_account.py:13: ResourceWarning: unclosed database in <sqlite3.Connection object at 0x7f4bb89c22f0>
  completed = [(t, h, l, c) for t, o, h, l, c, q in bars if t + DAY <= start]
ResourceWarning: Enable tracemalloc to get the object allocation traceback
/workspace/btc-flow-risk-20261004/spotquant/research/session_account.py:13: ResourceWarning: unclosed database in <sqlite3.Connection object at 0x7f4bb89c2020>
  completed = [(t, h, l, c) for t, o, h, l, c, q in bars if t + DAY <= start]
ResourceWarning: Enable tracemalloc to get the object allocation traceback
ok
test_a_base_winner_is_rejected_when_its_skip_drawdown_is_worse (test_simplify.SimplificationTests.test_a_base_winner_is_rejected_when_its_skip_drawdown_is_worse) ... ok
test_delete_all_only_when_every_matched_scenario_passes (test_simplify.SimplificationTests.test_delete_all_only_when_every_matched_scenario_passes) ... ok
test_identity_mismatch_and_client_id_prefix (test_state.StateTests.test_identity_mismatch_and_client_id_prefix) ... ok
test_the_observation_table_keeps_only_the_latest_rows (test_state.StateTests.test_the_observation_table_keeps_only_the_latest_rows) ... ok
test_blocked_entry_drops_only_its_protection_and_preserves_core_and_hold (test_structure_spot.ProtectionAfterCrowdingTests.test_blocked_entry_drops_only_its_protection_and_preserves_core_and_hold) ... ok
test_reentry_requires_cooldown_and_new_completed_breakout (test_upgrade_spot.ParticipationTests.test_reentry_requires_cooldown_and_new_completed_breakout) ... ok
test_reentry_state_roundtrip_and_foreign_rule_rejection (test_upgrade_spot.ParticipationTests.test_reentry_state_roundtrip_and_foreign_rule_rejection) ... ok
test_slow_sleeve_preserves_other_two_windows (test_upgrade_spot.ParticipationTests.test_slow_sleeve_preserves_other_two_windows) ... ok

----------------------------------------------------------------------
Ran 364 tests in 53.623s

OK (skipped=11)
